Archive member included to satisfy reference by file (symbol)

C:/ST/STM32CubeIDE_1.19.0/STM32CubeIDE/plugins/com.st.stm32cube.ide.mcu.externaltools.gnu-tools-for-stm32.13.3.rel1.win32_1.0.0.202411081344/tools/bin/../lib/gcc/arm-none-eabi/13.3.1/../../../../arm-none-eabi/lib/thumb/v8-m.main+fp/hard\libc_nano.a(libc_a-exit.o)
                              C:/ST/STM32CubeIDE_1.19.0/STM32CubeIDE/plugins/com.st.stm32cube.ide.mcu.externaltools.gnu-tools-for-stm32.13.3.rel1.win32_1.0.0.202411081344/tools/bin/../lib/gcc/arm-none-eabi/13.3.1/../../../../arm-none-eabi/lib/thumb/v8-m.main+fp/hard/crt0.o (exit)
C:/ST/STM32CubeIDE_1.19.0/STM32CubeIDE/plugins/com.st.stm32cube.ide.mcu.externaltools.gnu-tools-for-stm32.13.3.rel1.win32_1.0.0.202411081344/tools/bin/../lib/gcc/arm-none-eabi/13.3.1/../../../../arm-none-eabi/lib/thumb/v8-m.main+fp/hard\libc_nano.a(libc_a-findfp.o)
                              C:/ST/STM32CubeIDE_1.19.0/STM32CubeIDE/plugins/com.st.stm32cube.ide.mcu.externaltools.gnu-tools-for-stm32.13.3.rel1.win32_1.0.0.202411081344/tools/bin/../lib/gcc/arm-none-eabi/13.3.1/../../../../arm-none-eabi/lib/thumb/v8-m.main+fp/hard\libc_nano.a(libc_a-exit.o) (__stdio_exit_handler)
C:/ST/STM32CubeIDE_1.19.0/STM32CubeIDE/plugins/com.st.stm32cube.ide.mcu.externaltools.gnu-tools-for-stm32.13.3.rel1.win32_1.0.0.202411081344/tools/bin/../lib/gcc/arm-none-eabi/13.3.1/../../../../arm-none-eabi/lib/thumb/v8-m.main+fp/hard\libc_nano.a(libc_a-fwalk.o)
                              C:/ST/STM32CubeIDE_1.19.0/STM32CubeIDE/plugins/com.st.stm32cube.ide.mcu.externaltools.gnu-tools-for-stm32.13.3.rel1.win32_1.0.0.202411081344/tools/bin/../lib/gcc/arm-none-eabi/13.3.1/../../../../arm-none-eabi/lib/thumb/v8-m.main+fp/hard\libc_nano.a(libc_a-findfp.o) (_fwalk_sglue)
C:/ST/STM32CubeIDE_1.19.0/STM32CubeIDE/plugins/com.st.stm32cube.ide.mcu.externaltools.gnu-tools-for-stm32.13.3.rel1.win32_1.0.0.202411081344/tools/bin/../lib/gcc/arm-none-eabi/13.3.1/../../../../arm-none-eabi/lib/thumb/v8-m.main+fp/hard\libc_nano.a(libc_a-stdio.o)
                              C:/ST/STM32CubeIDE_1.19.0/STM32CubeIDE/plugins/com.st.stm32cube.ide.mcu.externaltools.gnu-tools-for-stm32.13.3.rel1.win32_1.0.0.202411081344/tools/bin/../lib/gcc/arm-none-eabi/13.3.1/../../../../arm-none-eabi/lib/thumb/v8-m.main+fp/hard\libc_nano.a(libc_a-findfp.o) (__sread)
C:/ST/STM32CubeIDE_1.19.0/STM32CubeIDE/plugins/com.st.stm32cube.ide.mcu.externaltools.gnu-tools-for-stm32.13.3.rel1.win32_1.0.0.202411081344/tools/bin/../lib/gcc/arm-none-eabi/13.3.1/../../../../arm-none-eabi/lib/thumb/v8-m.main+fp/hard\libc_nano.a(libc_a-memset.o)
                              C:/ST/STM32CubeIDE_1.19.0/STM32CubeIDE/plugins/com.st.stm32cube.ide.mcu.externaltools.gnu-tools-for-stm32.13.3.rel1.win32_1.0.0.202411081344/tools/bin/../lib/gcc/arm-none-eabi/13.3.1/../../../../arm-none-eabi/lib/thumb/v8-m.main+fp/hard/crt0.o (memset)
C:/ST/STM32CubeIDE_1.19.0/STM32CubeIDE/plugins/com.st.stm32cube.ide.mcu.externaltools.gnu-tools-for-stm32.13.3.rel1.win32_1.0.0.202411081344/tools/bin/../lib/gcc/arm-none-eabi/13.3.1/../../../../arm-none-eabi/lib/thumb/v8-m.main+fp/hard\libc_nano.a(libc_a-closer.o)
                              C:/ST/STM32CubeIDE_1.19.0/STM32CubeIDE/plugins/com.st.stm32cube.ide.mcu.externaltools.gnu-tools-for-stm32.13.3.rel1.win32_1.0.0.202411081344/tools/bin/../lib/gcc/arm-none-eabi/13.3.1/../../../../arm-none-eabi/lib/thumb/v8-m.main+fp/hard\libc_nano.a(libc_a-stdio.o) (_close_r)
C:/ST/STM32CubeIDE_1.19.0/STM32CubeIDE/plugins/com.st.stm32cube.ide.mcu.externaltools.gnu-tools-for-stm32.13.3.rel1.win32_1.0.0.202411081344/tools/bin/../lib/gcc/arm-none-eabi/13.3.1/../../../../arm-none-eabi/lib/thumb/v8-m.main+fp/hard\libc_nano.a(libc_a-reent.o)
                              C:/ST/STM32CubeIDE_1.19.0/STM32CubeIDE/plugins/com.st.stm32cube.ide.mcu.externaltools.gnu-tools-for-stm32.13.3.rel1.win32_1.0.0.202411081344/tools/bin/../lib/gcc/arm-none-eabi/13.3.1/../../../../arm-none-eabi/lib/thumb/v8-m.main+fp/hard\libc_nano.a(libc_a-closer.o) (errno)
C:/ST/STM32CubeIDE_1.19.0/STM32CubeIDE/plugins/com.st.stm32cube.ide.mcu.externaltools.gnu-tools-for-stm32.13.3.rel1.win32_1.0.0.202411081344/tools/bin/../lib/gcc/arm-none-eabi/13.3.1/../../../../arm-none-eabi/lib/thumb/v8-m.main+fp/hard\libc_nano.a(libc_a-impure.o)
                              C:/ST/STM32CubeIDE_1.19.0/STM32CubeIDE/plugins/com.st.stm32cube.ide.mcu.externaltools.gnu-tools-for-stm32.13.3.rel1.win32_1.0.0.202411081344/tools/bin/../lib/gcc/arm-none-eabi/13.3.1/../../../../arm-none-eabi/lib/thumb/v8-m.main+fp/hard\libc_nano.a(libc_a-reent.o) (_impure_ptr)
C:/ST/STM32CubeIDE_1.19.0/STM32CubeIDE/plugins/com.st.stm32cube.ide.mcu.externaltools.gnu-tools-for-stm32.13.3.rel1.win32_1.0.0.202411081344/tools/bin/../lib/gcc/arm-none-eabi/13.3.1/../../../../arm-none-eabi/lib/thumb/v8-m.main+fp/hard\libc_nano.a(libc_a-lseekr.o)
[...]
Memory Configuration

Name             Origin             Length             Attributes
RAM              0x20000000         0x000c0000         xrw
SRAM4            0x28000000         0x00004000         xrw
FLASH            0x08000000         0x00200000         xr
*default*        0x00000000         0xffffffff

Linker script and memory map

LOAD C:/ST/STM32CubeIDE_1.19.0/STM32CubeIDE/plugins/com.st.stm32cube.ide.mcu.externaltools.gnu-tools-for-stm32.13.3.rel1.win32_1.0.0.202411081344/tools/bin/../lib/gcc/arm-none-eabi/13.3.1/thumb/v8-m.main+fp/hard/crti.o
LOAD C:/ST/STM32CubeIDE_1.19.0/STM32CubeIDE/plugins/com.st.stm32cube.ide.mcu.externaltools.gnu-tools-for-stm32.13.3.rel1.win32_1.0.0.202411081344/tools/bin/../lib/gcc/arm-none-eabi/13.3.1/thumb/v8-m.main+fp/hard/crtbegin.o
LOAD C:/ST/STM32CubeIDE_1.19.0/STM32CubeIDE/plugins/com.st.stm32cube.ide.mcu.externaltools.gnu-tools-for-stm32.13.3.rel1.win32_1.0.0.202411081344/tools/bin/../lib/gcc/arm-none-eabi/13.3.1/../../../../arm-none-eabi/lib/thumb/v8-m.main+fp/hard/crt0.o
LOAD ./Core/Src/i2c.o
LOAD ./Core/Src/main.o
LOAD ./Core/Src/motor_control.o
LOAD ./Core/Src/stm32u5xx_hal_msp.o
LOAD ./Core/Src/stm32u5xx_hal_timebase_tim.o
LOAD ./Core/Src/stm32u5xx_it.o
LOAD ./Core/Src/syscalls.o
LOAD ./Core/Src/sysmem.o
LOAD ./Core/Src/system_stm32u5xx.o
LOAD ./Core/Startup/startup_stm32u575zitxq.o
LOAD ./Drivers/BSP/STM32U5xx_Nucleo/stm32u5xx_nucleo.o
LOAD ./Drivers/STM32U5xx_HAL_Driver/Src/stm32u5xx_hal.o
LOAD ./Drivers/STM32U5xx_HAL_Driver/Src/stm32u5xx_hal_adc.o
LOAD ./Drivers/STM32U5xx_HAL_Driver/Src/stm32u5xx_hal_adc_ex.o
LOAD ./Drivers/STM32U5xx_HAL_Driver/Src/stm32u5xx_hal_cortex.o
LOAD ./Drivers/STM32U5xx_HAL_Driver/Src/stm32u5xx_hal_dma.o
LOAD ./Drivers/STM32U5xx_HAL_Driver/Src/stm32u5xx_hal_dma_ex.o
LOAD ./Drivers/STM32U5xx_HAL_Driver/Src/stm32u5xx_hal_exti.o
LOAD ./Drivers/STM32U5xx_HAL_Driver/Src/stm32u5xx_hal_flash.o
LOAD ./Drivers/STM32U5xx_HAL_Driver/Src/stm32u5xx_hal_flash_ex.o
LOAD ./Drivers/STM32U5xx_HAL_Driver/Src/stm32u5xx_hal_gpio.o
LOAD ./Drivers/STM32U5xx_HAL_Driver/Src/stm32u5xx_hal_gtzc.o
LOAD ./Drivers/STM32U5xx_HAL_Driver/Src/stm32u5xx_hal_i2c.o
LOAD ./Drivers/STM32U5xx_HAL_Driver/Src/stm32u5xx_hal_i2c_ex.o
LOAD ./Drivers/STM32U5xx_HAL_Driver/Src/stm32u5xx_hal_icache.o
LOAD ./Drivers/STM32U5xx_HAL_Driver/Src/stm32u5xx_hal_pwr.o
LOAD ./Drivers/STM32U5xx_HAL_Driver/Src/stm32u5xx_hal_pwr_ex.o
LOAD ./Drivers/STM32U5xx_HAL_Driver/Src/stm32u5xx_hal_rcc.o
LOAD ./Drivers/STM32U5xx_HAL_Driver/Src/stm32u5xx_hal_rcc_ex.o
LOAD ./Drivers/STM32U5xx_HAL_Driver/Src/stm32u5xx_hal_tim.o
LOAD ./Drivers/STM32U5xx_HAL_Driver/Src/stm32u5xx_hal_tim_ex.o
LOAD ./Drivers/STM32U5xx_HAL_Driver/Src/stm32u5xx_hal_uart.o
LOAD ./Drivers/STM32U5xx_HAL_Driver/Src/stm32u5xx_hal_uart_ex.o
LOAD ./Drivers/STM32U5xx_HAL_Driver/Src/stm32u5xx_hal_usart.o
LOAD ./Drivers/STM32U5xx_HAL_Driver/Src/stm32u5xx_hal_usart_ex.o
START GROUP
LOAD C:/ST/STM32CubeIDE_1.19.0/STM32CubeIDE/plugins/com.st.stm32cube.ide.mcu.externaltools.gnu-tools-for-stm32.13.3.rel1.win32_1.0.0.202411081344/tools/bin/../lib/gcc/arm-none-eabi/13.3.1/../../../../arm-none-eabi/lib/thumb/v8-m.main+fp/hard\libc_nano.a
LOAD C:/ST/STM32CubeIDE_1.19.0/STM32CubeIDE/plugins/com.st.stm32cube.ide.mcu.externaltools.gnu-tools-for-stm32.13.3.rel1.win32_1.0.0.202411081344/tools/bin/../lib/gcc/arm-none-eabi/13.3.1/../../../../arm-none-eabi/lib/thumb/v8-m.main+fp/hard\libm.a
END GROUP
START GROUP
LOAD C:/ST/STM32CubeIDE_1.19.0/STM32CubeIDE/plugins/com.st.stm32cube.ide.mcu.externaltools.gnu-tools-for-stm32.13.3.rel1.win32_1.0.0.202411081344/tools/bin/../lib/gcc/arm-none-eabi/13.3.1/thumb/v8-m.main+fp/hard\libgcc.a
LOAD C:/ST/STM32CubeIDE_1.19.0/STM32CubeIDE/plugins/com.st.stm32cube.ide.mcu.externaltools.gnu-tools-for-stm32.13.3.rel1.win32_1.0.0.202411081344/tools/bin/../lib/gcc/arm-none-eabi/13.3.1/../../../../arm-none-eabi/lib/thumb/v8-m.main+fp/hard\libc_nano.a
END GROUP
START GROUP
LOAD C:/ST/STM32CubeIDE_1.19.0/STM32CubeIDE/plugins/com.st.stm32cube.ide.mcu.externaltools.gnu-tools-for-stm32.13.3.rel1.win32_1.0.0.202411081344/tools/bin/../lib/gcc/arm-none-eabi/13.3.1/thumb/v8-m.main+fp/hard\libgcc.a
LOAD C:/ST/STM32CubeIDE_1.19.0/STM32CubeIDE/plugins/com.st.stm32cube.ide.mcu.externaltools.gnu-tools-for-stm32.13.3.rel1.win32_1.0.0.202411081344/tools/bin/../lib/gcc/arm-none-eabi/13.3.1/../../../../arm-none-eabi/lib/thumb/v8-m.main+fp/hard\libc_nano.a
LOAD C:/ST/STM32CubeIDE_1.19.0/STM32CubeIDE/plugins/com.st.stm32cube.ide.mcu.externaltools.gnu-tools-for-stm32.13.3.rel1.win32_1.0.0.202411081344/tools/bin/../lib/gcc/arm-none-eabi/13.3.1/../../../../arm-none-eabi/lib/thumb/v8-m.main+fp/hard\libnosys.a
END GROUP
START GROUP
LOAD C:/ST/STM32CubeIDE_1.19.0/STM32CubeIDE/plugins/com.st.stm32cube.ide.mcu.externaltools.gnu-tools-for-stm32.13.3.rel1.win32_1.0.0.202411081344/tools/bin/../lib/gcc/arm-none-eabi/13.3.1/thumb/v8-m.main+fp/hard\libgcc.a
LOAD C:/ST/STM32CubeIDE_1.19.0/STM32CubeIDE/plugins/com.st.stm32cube.ide.mcu.externaltools.gnu-tools-for-stm32.13.3.rel1.win32_1.0.0.202411081344/tools/bin/../lib/gcc/arm-none-eabi/13.3.1/../../../../arm-none-eabi/lib/thumb/v8-m.main+fp/hard\libc_nano.a
LOAD C:/ST/STM32CubeIDE_1.19.0/STM32CubeIDE/plugins/com.st.stm32cube.ide.mcu.externaltools.gnu-tools-for-stm32.13.3.rel1.win32_1.0.0.202411081344/tools/bin/../lib/gcc/arm-none-eabi/13.3.1/../../../../arm-none-eabi/lib/thumb/v8-m.main+fp/hard\libnosys.a
END GROUP
LOAD C:/ST/STM32CubeIDE_1.19.0/STM32CubeIDE/plugins/com.st.stm32cube.ide.mcu.externaltools.gnu-tools-for-stm32.13.3.rel1.win32_1.0.0.202411081344/tools/bin/../lib/gcc/arm-none-eabi/13.3.1/thumb/v8-m.main+fp/hard/crtend.o
LOAD C:/ST/STM32CubeIDE_1.19.0/STM32CubeIDE/plugins/com.st.stm32cube.ide.mcu.externaltools.gnu-tools-for-stm32.13.3.rel1.win32_1.0.0.202411081344/tools/bin/../lib/gcc/arm-none-eabi/13.3.1/thumb/v8-m.main+fp/hard/crtn.o
                0x200c0000                        _estack = (ORIGIN (RAM) + LENGTH (RAM))
                0x00000200                        _Min_Heap_Size = 0x200
                0x00000400                        _Min_Stack_Size = 0x400

.isr_vector     0x08000000      0x238
 *(.isr_vector)
 .isr_vector    0x08000000      0x238 ./Core/Startup/startup_stm32u575zitxq.o
                0x08000000                g_pfnVectors

.text           0x08000238     0x89ac
 *(.text)
 .text          0x08000238       0x40 C:/ST/STM32CubeIDE_1.19.0/STM32CubeIDE/plugins/com.st.stm32cube.ide.mcu.externaltools.gnu-tools-for-stm32.13.3.rel1.win32_1.0.0.202411081344/tools/bin/../lib/gcc/arm-none-eabi/13.3.1/thumb/v8-m.main+fp/hard/crtbegin.o
 .text          0x08000278       0x30 C:/ST/STM32CubeIDE_1.19.0/STM32CubeIDE/plugins/com.st.stm32cube.ide.mcu.externaltools.gnu-tools-for-stm32.13.3.rel1.win32_1.0.0.202411081344/tools/bin/../lib/gcc/arm-none-eabi/13.3.1/thumb/v8-m.main+fp/hard\libgcc.a(_aeabi_uldivmod.o)
                0x08000278                __aeabi_uldivmod
 .text          0x080002a8      0x348 C:/ST/STM32CubeIDE_1.19.0/STM32CubeIDE/plugins/com.st.stm32cube.ide.mcu.externaltools.gnu-tools-for-stm32.13.3.rel1.win32_1.0.0.202411081344/tools/bin/../lib/gcc/arm-none-eabi/13.3.1/thumb/v8-m.main+fp/hard\libgcc.a(_udivmoddi4.o)
                0x080002a8                __udivmoddi4
 .text          0x080005f0        0x4 C:/ST/STM32CubeIDE_1.19.0/STM32CubeIDE/plugins/com.st.stm32cube.ide.mcu.externaltools.gnu-tools-for-stm32.13.3.rel1.win32_1.0.0.202411081344/tools/bin/../lib/gcc/arm-none-eabi/13.3.1/thumb/v8-m.main+fp/hard\libgcc.a(_dvmd_tls.o)
                0x080005f0                __aeabi_idiv0
                0x080005f0                __aeabi_ldiv0
 *(.text*)
 .text.I2C_Initialize
                0x080005f4        0xe ./Core/Src/i2c.o
                0x080005f4                I2C_Initialize
 .text.I2C_Send_Data
                0x08000602        0xe ./Core/Src/i2c.o
                0x08000602                I2C_Send_Data
 .text.main     0x08000610       0xf4 ./Core/Src/main.o
                0x08000610                main
 .text.SystemClock_Config
                0x08000704       0x9c ./Core/Src/main.o
                0x08000704                SystemClock_Config
 .text.SystemPower_Config
                0x080007a0       0x20 ./Core/Src/main.o
 .text.MX_ADC1_Init
                0x080007c0       0x88 ./Core/Src/main.o
 .text.MX_I2C1_Init
                0x08000848       0x7c ./Core/Src/main.o
 .text.MX_ICACHE_Init
                0x080008c4       0x26 ./Core/Src/main.o
 *fill*         0x080008ea        0x2 
 .text.MX_TIM2_Init
                0x080008ec       0xec ./Core/Src/main.o
 .text.MX_GPIO_Init
                0x080009d8      0x108 ./Core/Src/main.o
 .text.HAL_TIM_PeriodElapsedCallback
                0x08000ae0       0x24 ./Core/Src/main.o
                0x08000ae0                HAL_TIM_PeriodElapsedCallback
 .text.Error_Handler
                0x08000b04        0xc ./Core/Src/main.o
                0x08000b04                Error_Handler
 .text.Motor_Initialize
                0x08000b10       0x2c ./Core/Src/motor_control.o
                0x08000b10                Motor_Initialize
 .text.Motor_SetSpeed
                0x08000b3c       0x70 ./Core/Src/motor_control.o
                0x08000b3c                Motor_SetSpeed
 .text.Lock_Initialize
                0x08000bac       0x18 ./Core/Src/motor_control.o
                0x08000bac                Lock_Initialize
 .text.HAL_MspInit
                0x08000bc4       0x40 ./Core/Src/stm32u5xx_hal_msp.o
                0x08000bc4                HAL_MspInit
 .text.HAL_ADC_MspInit
                0x08000c04       0xc8 ./Core/Src/stm32u5xx_hal_msp.o
                0x08000c04                HAL_ADC_MspInit
 .text.HAL_I2C_MspInit
                0x08000ccc      0x120 ./Core/Src/stm32u5xx_hal_msp.o
                0x08000ccc                HAL_I2C_MspInit
 .text.HAL_TIM_Base_MspInit
                0x08000dec       0x40 ./Core/Src/stm32u5xx_hal_msp.o
                0x08000dec                HAL_TIM_Base_MspInit
 .text.HAL_TIM_MspPostInit
                0x08000e2c       0x70 ./Core/Src/stm32u5xx_hal_msp.o
                0x08000e2c                HAL_TIM_MspPostInit
 .text.HAL_InitTick
                0x08000e9c       0xe0 ./Core/Src/stm32u5xx_hal_timebase_tim.o
                0x08000e9c                HAL_InitTick
 .text.NMI_Handler
                0x08000f7c        0x8 ./Core/Src/stm32u5xx_it.o
                0x08000f7c                NMI_Handler
 .text.HardFault_Handler
                0x08000f84        0x8 ./Core/Src/stm32u5xx_it.o
                0x08000f84                HardFault_Handler
 .text.MemManage_Handler
                0x08000f8c        0x8 ./Core/Src/stm32u5xx_it.o
                0x08000f8c                MemManage_Handler
 .text.BusFault_Handler
                0x08000f94        0x8 ./Core/Src/stm32u5xx_it.o
                0x08000f94                BusFault_Handler
 .text.UsageFault_Handler
                0x08000f9c        0x8 ./Core/Src/stm32u5xx_it.o
                0x08000f9c                UsageFault_Handler
 .text.SVC_Handler
                0x08000fa4        0xe ./Core/Src/stm32u5xx_it.o
                0x08000fa4                SVC_Handler
 .text.DebugMon_Handler
                0x08000fb2        0xe ./Core/Src/stm32u5xx_it.o
                0x08000fb2                DebugMon_Handler
 .text.PendSV_Handler
                0x08000fc0        0xe ./Core/Src/stm32u5xx_it.o
                0x08000fc0                PendSV_Handler
 .text.SysTick_Handler
                0x08000fce        0xe ./Core/Src/stm32u5xx_it.o
                0x08000fce                SysTick_Handler
 .text.EXTI13_IRQHandler
                0x08000fdc       0x18 ./Core/Src/stm32u5xx_it.o
                0x08000fdc                EXTI13_IRQHandler
 .text.TIM17_IRQHandler
                0x08000ff4       0x14 ./Core/Src/stm32u5xx_it.o
                0x08000ff4                TIM17_IRQHandler
 .text.SystemInit
                0x08001008       0x70 ./Core/Src/system_stm32u5xx.o
                0x08001008                SystemInit
 .text.Reset_Handler
                0x08001078       0x50 ./Core/Startup/startup_stm32u575zitxq.o
                0x08001078                Reset_Handler
 .text.Default_Handler
                0x080010c8        0x2 ./Core/Startup/startup_stm32u575zitxq.o
                0x080010c8                EXTI2_IRQHandler
                0x080010c8                TIM8_TRG_COM_IRQHandler
                0x080010c8                TIM8_CC_IRQHandler
                0x080010c8                EXTI5_IRQHandler
                0x080010c8                FLASH_S_IRQHandler
                0x080010c8                TIM1_CC_IRQHandler
                0x080010c8                TSC_IRQHandler
                0x080010c8                TAMP_IRQHandler
                0x080010c8                TIM6_IRQHandler
                0x080010c8                EXTI12_IRQHandler
                0x080010c8                CORDIC_IRQHandler
                0x080010c8                EXTI3_IRQHandler
                0x080010c8                LPTIM4_IRQHandler
                0x080010c8                GPDMA1_Channel5_IRQHandler
                0x080010c8                EXTI8_IRQHandler
                0x080010c8                LPTIM2_IRQHandler
                0x080010c8                I2C3_ER_IRQHandler
                0x080010c8                PWR_S3WU_IRQHandler
                0x080010c8                MDF1_FLT2_IRQHandler
                0x080010c8                LPDMA1_Channel3_IRQHandler
                0x080010c8                LPTIM3_IRQHandler
                0x080010c8                EXTI0_IRQHandler
                0x080010c8                I2C2_EV_IRQHandler
                0x080010c8                FPU_IRQHandler
                0x080010c8                GPDMA1_Channel3_IRQHandler
                0x080010c8                GPDMA1_Channel7_IRQHandler
                0x080010c8                MDF1_FLT4_IRQHandler
                0x080010c8                FDCAN1_IT1_IRQHandler
                0x080010c8                RAMCFG_IRQHandler
                0x080010c8                GPDMA1_Channel9_IRQHandler
                0x080010c8                DCACHE1_IRQHandler
                0x080010c8                SPI1_IRQHandler
                0x080010c8                OCTOSPI1_IRQHandler
                0x080010c8                GPDMA1_Channel2_IRQHandler
                0x080010c8                TIM8_UP_IRQHandler
                0x080010c8                RCC_S_IRQHandler
                0x080010c8                OCTOSPI2_IRQHandler
                0x080010c8                SAI2_IRQHandler
                0x080010c8                MDF1_FLT1_IRQHandler
                0x080010c8                ADC1_IRQHandler
                0x080010c8                MDF1_FLT5_IRQHandler
                0x080010c8                EXTI15_IRQHandler
                0x080010c8                USART3_IRQHandler
                0x080010c8                RTC_IRQHandler
                0x080010c8                EXTI9_IRQHandler
                0x080010c8                UART5_IRQHandler
                0x080010c8                TIM4_IRQHandler
                0x080010c8                I2C1_EV_IRQHandler
                0x080010c8                GPDMA1_Channel12_IRQHandler
                0x080010c8                GPDMA1_Channel1_IRQHandler
                0x080010c8                TIM16_IRQHandler
                0x080010c8                GPDMA1_Channel15_IRQHandler
                0x080010c8                UART4_IRQHandler
                0x080010c8                SecureFault_Handler
                0x080010c8                TIM3_IRQHandler
                0x080010c8                RCC_IRQHandler
                0x080010c8                TIM1_TRG_COM_IRQHandler
                0x080010c8                Default_Handler
                0x080010c8                GPDMA1_Channel8_IRQHandler
                0x080010c8                FMAC_IRQHandler
                0x080010c8                GPDMA1_Channel11_IRQHandler
                0x080010c8                TIM7_IRQHandler
                0x080010c8                SDMMC1_IRQHandler
                0x080010c8                TIM5_IRQHandler
                0x080010c8                UCPD1_IRQHandler
                0x080010c8                GPDMA1_Channel0_IRQHandler
                0x080010c8                TIM15_IRQHandler
                0x080010c8                I2C3_EV_IRQHandler
                0x080010c8                LPDMA1_Channel0_IRQHandler
                0x080010c8                PVD_PVM_IRQHandler
                0x080010c8                SPI2_IRQHandler
                0x080010c8                LPDMA1_Channel1_IRQHandler
                0x080010c8                EXTI14_IRQHandler
                0x080010c8                EXTI11_IRQHandler
                0x080010c8                CRS_IRQHandler
                0x080010c8                GPDMA1_Channel14_IRQHandler
                0x080010c8                LSECSSD_IRQHandler
                0x080010c8                EXTI4_IRQHandler
                0x080010c8                RTC_S_IRQHandler
                0x080010c8                GPDMA1_Channel13_IRQHandler
                0x080010c8                RNG_IRQHandler
                0x080010c8                COMP_IRQHandler
                0x080010c8                TIM1_UP_IRQHandler
                0x080010c8                ADC4_IRQHandler
                0x080010c8                WWDG_IRQHandler
                0x080010c8                I2C4_EV_IRQHandler
                0x080010c8                ADF1_IRQHandler
                0x080010c8                IWDG_IRQHandler
                0x080010c8                LPUART1_IRQHandler
                0x080010c8                MDF1_FLT0_IRQHandler
                0x080010c8                FDCAN1_IT0_IRQHandler
                0x080010c8                TIM2_IRQHandler
                0x080010c8                GPDMA1_Channel4_IRQHandler
                0x080010c8                EXTI7_IRQHandler
                0x080010c8                DMA2D_IRQHandler
                0x080010c8                TIM1_BRK_IRQHandler
                0x080010c8                EXTI1_IRQHandler
                0x080010c8                SDMMC2_IRQHandler
                0x080010c8                DAC1_IRQHandler
                0x080010c8                GTZC_IRQHandler
                0x080010c8                MDF1_FLT3_IRQHandler
                0x080010c8                USART2_IRQHandler
                0x080010c8                GPDMA1_Channel6_IRQHandler
                0x080010c8                I2C2_ER_IRQHandler
                0x080010c8                TIM8_BRK_IRQHandler
                0x080010c8                FLASH_IRQHandler
                0x080010c8                USART1_IRQHandler
                0x080010c8                EXTI10_IRQHandler
                0x080010c8                OTG_FS_IRQHandler
                0x080010c8                SPI3_IRQHandler
                0x080010c8                LPDMA1_Channel2_IRQHandler
                0x080010c8                I2C1_ER_IRQHandler
                0x080010c8                FMC_IRQHandler
                0x080010c8                EXTI6_IRQHandler
                0x080010c8                LPTIM1_IRQHandler
                0x080010c8                DCMI_PSSI_IRQHandler
                0x080010c8                I2C4_ER_IRQHandler
                0x080010c8                GPDMA1_Channel10_IRQHandler
                0x080010c8                ICACHE_IRQHandler
                0x080010c8                SAI1_IRQHandler
                0x080010c8                HASH_IRQHandler
 *fill*         0x080010ca        0x2 
 .text.BSP_LED_Init
                0x080010cc      0x120 ./Drivers/BSP/STM32U5xx_Nucleo/stm32u5xx_nucleo.o
                0x080010cc                BSP_LED_Init
 .text.BSP_LED_On
                0x080011ec       0x54 ./Drivers/BSP/STM32U5xx_Nucleo/stm32u5xx_nucleo.o
                0x080011ec                BSP_LED_On
 .text.BSP_PB_Init
                0x08001240       0xf0 ./Drivers/BSP/STM32U5xx_Nucleo/stm32u5xx_nucleo.o
                0x08001240                BSP_PB_Init
 .text.BSP_PB_IRQHandler
                0x08001330       0x2c ./Drivers/BSP/STM32U5xx_Nucleo/stm32u5xx_nucleo.o
                0x08001330                BSP_PB_IRQHandler
 .text.BSP_PB_Callback
                0x0800135c       0x16 ./Drivers/BSP/STM32U5xx_Nucleo/stm32u5xx_nucleo.o
                0x0800135c                BSP_PB_Callback
 *fill*         0x08001372        0x2 
 .text.BSP_COM_Init
                0x08001374       0x60 ./Drivers/BSP/STM32U5xx_Nucleo/stm32u5xx_nucleo.o
                0x08001374                BSP_COM_Init
 .text.MX_USART1_Init
                0x080013d4       0x68 ./Drivers/BSP/STM32U5xx_Nucleo/stm32u5xx_nucleo.o
                0x080013d4                MX_USART1_Init
 .text.BUTTON_USER_EXTI_Callback
                0x0800143c        0xe ./Drivers/BSP/STM32U5xx_Nucleo/stm32u5xx_nucleo.o
 *fill*         0x0800144a        0x2 
 .text.COM1_MspInit
                0x0800144c       0xb0 ./Drivers/BSP/STM32U5xx_Nucleo/stm32u5xx_nucleo.o
 .text.HAL_Init
                0x080014fc       0x60 ./Drivers/STM32U5xx_HAL_Driver/Src/stm32u5xx_hal.o
                0x080014fc                HAL_Init
 .text.HAL_IncTick
                0x0800155c       0x28 ./Drivers/STM32U5xx_HAL_Driver/Src/stm32u5xx_hal.o
                0x0800155c                HAL_IncTick
 .text.HAL_GetTick
                0x08001584       0x18 ./Drivers/STM32U5xx_HAL_Driver/Src/stm32u5xx_hal.o
                0x08001584                HAL_GetTick
 .text.HAL_Delay
                0x0800159c       0x48 ./Drivers/STM32U5xx_HAL_Driver/Src/stm32u5xx_hal.o
                0x0800159c                HAL_Delay
 .text.LL_ADC_SetCommonClock
                0x080015e4       0x26 ./Drivers/STM32U5xx_HAL_Driver/Src/stm32u5xx_hal_adc.o
 *fill*         0x0800160a        0x2 
 .text.LL_ADC_SetResolution
                0x0800160c       0x40 ./Drivers/STM32U5xx_HAL_Driver/Src/stm32u5xx_hal_adc.o
 .text.LL_ADC_SetGainCompensation
                0x0800164c       0x46 ./Drivers/STM32U5xx_HAL_Driver/Src/stm32u5xx_hal_adc.o
 .text.LL_ADC_SetSamplingTimeCommonChannels
                0x08001692       0x3e ./Drivers/STM32U5xx_HAL_Driver/Src/stm32u5xx_hal_adc.o
 .text.LL_ADC_DisableDeepPowerDown
                0x080016d0       0x24 ./Drivers/STM32U5xx_HAL_Driver/Src/stm32u5xx_hal_adc.o
 .text.LL_ADC_IsDeepPowerDownEnabled
                0x080016f4       0x28 ./Drivers/STM32U5xx_HAL_Driver/Src/stm32u5xx_hal_adc.o
 .text.LL_ADC_EnableInternalRegulator
                0x0800171c       0x28 ./Drivers/STM32U5xx_HAL_Driver/Src/stm32u5xx_hal_adc.o
 .text.LL_ADC_IsInternalRegulatorEnabled
                0x08001744       0x28 ./Drivers/STM32U5xx_HAL_Driver/Src/stm32u5xx_hal_adc.o
 .text.LL_ADC_IsEnabled
                0x0800176c       0x26 ./Drivers/STM32U5xx_HAL_Driver/Src/stm32u5xx_hal_adc.o
 .text.LL_ADC_REG_IsConversionOngoing
                0x08001792       0x26 ./Drivers/STM32U5xx_HAL_Driver/Src/stm32u5xx_hal_adc.o
 .text.LL_ADC_INJ_IsConversionOngoing
                0x080017b8       0x26 ./Drivers/STM32U5xx_HAL_Driver/Src/stm32u5xx_hal_adc.o
 *fill*         0x080017de        0x2 
 .text.HAL_ADC_Init
                0x080017e0      0x594 ./Drivers/STM32U5xx_HAL_Driver/Src/stm32u5xx_hal_adc.o
                0x080017e0                HAL_ADC_Init
 .text.__NVIC_SetPriorityGrouping
                0x08001d74       0x48 ./Drivers/STM32U5xx_HAL_Driver/Src/stm32u5xx_hal_cortex.o
 .text.__NVIC_GetPriorityGrouping
                0x08001dbc       0x1c ./Drivers/STM32U5xx_HAL_Driver/Src/stm32u5xx_hal_cortex.o
 .text.__NVIC_EnableIRQ
                0x08001dd8       0x3c ./Drivers/STM32U5xx_HAL_Driver/Src/stm32u5xx_hal_cortex.o
 .text.__NVIC_SetPriority
                0x08001e14       0x54 ./Drivers/STM32U5xx_HAL_Driver/Src/stm32u5xx_hal_cortex.o
 .text.NVIC_EncodePriority
                0x08001e68       0x66 ./Drivers/STM32U5xx_HAL_Driver/Src/stm32u5xx_hal_cortex.o
 .text.HAL_NVIC_SetPriorityGrouping
                0x08001ece       0x16 ./Drivers/STM32U5xx_HAL_Driver/Src/stm32u5xx_hal_cortex.o
                0x08001ece                HAL_NVIC_SetPriorityGrouping
 .text.HAL_NVIC_SetPriority
                0x08001ee4       0x34 ./Drivers/STM32U5xx_HAL_Driver/Src/stm32u5xx_hal_cortex.o
                0x08001ee4                HAL_NVIC_SetPriority
 .text.HAL_NVIC_EnableIRQ
                0x08001f18       0x1c ./Drivers/STM32U5xx_HAL_Driver/Src/stm32u5xx_hal_cortex.o
                0x08001f18                HAL_NVIC_EnableIRQ
 .text.HAL_SYSTICK_CLKSourceConfig
                0x08001f34       0xb0 ./Drivers/STM32U5xx_HAL_Driver/Src/stm32u5xx_hal_cortex.o
                0x08001f34                HAL_SYSTICK_CLKSourceConfig
 .text.HAL_EXTI_RegisterCallback
                0x08001fe4       0x58 ./Drivers/STM32U5xx_HAL_Driver/Src/stm32u5xx_hal_exti.o
                0x08001fe4                HAL_EXTI_RegisterCallback
 .text.HAL_EXTI_GetHandle
                0x0800203c       0x28 ./Drivers/STM32U5xx_HAL_Driver/Src/stm32u5xx_hal_exti.o
                0x0800203c                HAL_EXTI_GetHandle
 .text.HAL_EXTI_IRQHandler
                0x08002064       0x90 ./Drivers/STM32U5xx_HAL_Driver/Src/stm32u5xx_hal_exti.o
                0x08002064                HAL_EXTI_IRQHandler
 .text.HAL_GPIO_Init
                0x080020f4      0x3c0 ./Drivers/STM32U5xx_HAL_Driver/Src/stm32u5xx_hal_gpio.o
                0x080020f4                HAL_GPIO_Init
 .text.HAL_GPIO_WritePin
                0x080024b4       0x30 ./Drivers/STM32U5xx_HAL_Driver/Src/stm32u5xx_hal_gpio.o
                0x080024b4                HAL_GPIO_WritePin
 .text.HAL_I2C_Init
                0x080024e4      0x136 ./Drivers/STM32U5xx_HAL_Driver/Src/stm32u5xx_hal_i2c.o
                0x080024e4                HAL_I2C_Init
 .text.HAL_I2CEx_ConfigAnalogFilter
                0x0800261a       0x96 ./Drivers/STM32U5xx_HAL_Driver/Src/stm32u5xx_hal_i2c_ex.o
                0x0800261a                HAL_I2CEx_ConfigAnalogFilter
 .text.HAL_I2CEx_ConfigDigitalFilter
                0x080026b0       0x98 ./Drivers/STM32U5xx_HAL_Driver/Src/stm32u5xx_hal_i2c_ex.o
                0x080026b0                HAL_I2CEx_ConfigDigitalFilter
 .text.HAL_ICACHE_ConfigAssociativityMode
                0x08002748       0x40 ./Drivers/STM32U5xx_HAL_Driver/Src/stm32u5xx_hal_icache.o
                0x08002748                HAL_ICACHE_ConfigAssociativityMode
 .text.HAL_ICACHE_Enable
                0x08002788       0x20 ./Drivers/STM32U5xx_HAL_Driver/Src/stm32u5xx_hal_icache.o
                0x08002788                HAL_ICACHE_Enable
 .text.HAL_PWREx_ControlVoltageScaling
                0x080027a8       0xfc ./Drivers/STM32U5xx_HAL_Driver/Src/stm32u5xx_hal_pwr_ex.o
                0x080027a8                HAL_PWREx_ControlVoltageScaling
 .text.HAL_PWREx_GetVoltageRange
                0x080028a4       0x1c ./Drivers/STM32U5xx_HAL_Driver/Src/stm32u5xx_hal_pwr_ex.o
                0x080028a4                HAL_PWREx_GetVoltageRange
 .text.HAL_PWREx_ConfigSupply
                0x080028c0       0xa0 ./Drivers/STM32U5xx_HAL_Driver/Src/stm32u5xx_hal_pwr_ex.o
                0x080028c0                HAL_PWREx_ConfigSupply
 .text.HAL_PWREx_EnableVddIO2
                0x08002960       0x20 ./Drivers/STM32U5xx_HAL_Driver/Src/stm32u5xx_hal_pwr_ex.o
                0x08002960                HAL_PWREx_EnableVddIO2
 .text.HAL_PWREx_EnableVddA
                0x08002980       0x20 ./Drivers/STM32U5xx_HAL_Driver/Src/stm32u5xx_hal_pwr_ex.o
                0x08002980                HAL_PWREx_EnableVddA
 .text.HAL_PWREx_DisableUCPDDeadBattery
                0x080029a0       0x20 ./Drivers/STM32U5xx_HAL_Driver/Src/stm32u5xx_hal_pwr_ex.o
                0x080029a0                HAL_PWREx_DisableUCPDDeadBattery
 .text.HAL_RCC_OscConfig
                0x080029c0      0xdb8 ./Drivers/STM32U5xx_HAL_Driver/Src/stm32u5xx_hal_rcc.o
                0x080029c0                HAL_RCC_OscConfig
 .text.HAL_RCC_ClockConfig
                0x08003778      0x3e4 ./Drivers/STM32U5xx_HAL_Driver/Src/stm32u5xx_hal_rcc.o
                0x08003778                HAL_RCC_ClockConfig
 .text.HAL_RCC_GetSysClockFreq
                0x08003b5c      0x204 ./Drivers/STM32U5xx_HAL_Driver/Src/stm32u5xx_hal_rcc.o
                0x08003b5c                HAL_RCC_GetSysClockFreq
 .text.HAL_RCC_GetHCLKFreq
                0x08003d60       0x34 ./Drivers/STM32U5xx_HAL_Driver/Src/stm32u5xx_hal_rcc.o
                0x08003d60                HAL_RCC_GetHCLKFreq
 .text.HAL_RCC_GetPCLK1Freq
                0x08003d94       0x28 ./Drivers/STM32U5xx_HAL_Driver/Src/stm32u5xx_hal_rcc.o
                0x08003d94                HAL_RCC_GetPCLK1Freq
 .text.HAL_RCC_GetPCLK2Freq
                0x08003dbc       0x28 ./Drivers/STM32U5xx_HAL_Driver/Src/stm32u5xx_hal_rcc.o
                0x08003dbc                HAL_RCC_GetPCLK2Freq
 .text.HAL_RCC_GetPCLK3Freq
                0x08003de4       0x28 ./Drivers/STM32U5xx_HAL_Driver/Src/stm32u5xx_hal_rcc.o
                0x08003de4                HAL_RCC_GetPCLK3Freq
 .text.HAL_RCC_GetClockConfig
                0x08003e0c       0x70 ./Drivers/STM32U5xx_HAL_Driver/Src/stm32u5xx_hal_rcc.o
                0x08003e0c                HAL_RCC_GetClockConfig
 .text.RCC_SetFlashLatencyFromMSIRange
                0x08003e7c      0x10c ./Drivers/STM32U5xx_HAL_Driver/Src/stm32u5xx_hal_rcc.o
 .text.HAL_RCCEx_PeriphCLKConfig
                0x08003f88      0xb48 ./Drivers/STM32U5xx_HAL_Driver/Src/stm32u5xx_hal_rcc_ex.o
                0x08003f88                HAL_RCCEx_PeriphCLKConfig
 .text.HAL_RCCEx_GetPLL1ClockFreq
                0x08004ad0      0x2b4 ./Drivers/STM32U5xx_HAL_Driver/Src/stm32u5xx_hal_rcc_ex.o
                0x08004ad0                HAL_RCCEx_GetPLL1ClockFreq
 .text.HAL_RCCEx_GetPLL2ClockFreq
                0x08004d84      0x2b4 ./Drivers/STM32U5xx_HAL_Driver/Src/stm32u5xx_hal_rcc_ex.o
                0x08004d84                HAL_RCCEx_GetPLL2ClockFreq
 .text.HAL_RCCEx_GetPLL3ClockFreq
                0x08005038      0x2b4 ./Drivers/STM32U5xx_HAL_Driver/Src/stm32u5xx_hal_rcc_ex.o
                0x08005038                HAL_RCCEx_GetPLL3ClockFreq
 .text.HAL_RCCEx_GetPeriphCLKFreq
                0x080052ec     0x136c ./Drivers/STM32U5xx_HAL_Driver/Src/stm32u5xx_hal_rcc_ex.o
                0x080052ec                HAL_RCCEx_GetPeriphCLKFreq
 .text.RCCEx_PLL2_Config
                0x08006658      0x130 ./Drivers/STM32U5xx_HAL_Driver/Src/stm32u5xx_hal_rcc_ex.o
 .text.RCCEx_PLL3_Config
                0x08006788      0x130 ./Drivers/STM32U5xx_HAL_Driver/Src/stm32u5xx_hal_rcc_ex.o
 .text.HAL_TIM_Base_Init
                0x080068b8       0xae ./Drivers/STM32U5xx_HAL_Driver/Src/stm32u5xx_hal_tim.o
                0x080068b8                HAL_TIM_Base_Init
 *fill*         0x08006966        0x2 
 .text.HAL_TIM_Base_Start_IT
                0x08006968      0x140 ./Drivers/STM32U5xx_HAL_Driver/Src/stm32u5xx_hal_tim.o
                0x08006968                HAL_TIM_Base_Start_IT
 .text.HAL_TIM_PWM_Init
                0x08006aa8       0xae ./Drivers/STM32U5xx_HAL_Driver/Src/stm32u5xx_hal_tim.o
                0x08006aa8                HAL_TIM_PWM_Init
 .text.HAL_TIM_PWM_MspInit
                0x08006b56       0x14 ./Drivers/STM32U5xx_HAL_Driver/Src/stm32u5xx_hal_tim.o
                0x08006b56                HAL_TIM_PWM_MspInit
 *fill*         0x08006b6a        0x2 
 .text.HAL_TIM_PWM_Start
                0x08006b6c      0x2a4 ./Drivers/STM32U5xx_HAL_Driver/Src/stm32u5xx_hal_tim.o
                0x08006b6c                HAL_TIM_PWM_Start
 .text.HAL_TIM_IRQHandler
                0x08006e10      0x29e ./Drivers/STM32U5xx_HAL_Driver/Src/stm32u5xx_hal_tim.o
                0x08006e10                HAL_TIM_IRQHandler
 *fill*         0x080070ae        0x2 
 .text.HAL_TIM_PWM_ConfigChannel
                0x080070b0      0x228 ./Drivers/STM32U5xx_HAL_Driver/Src/stm32u5xx_hal_tim.o
                0x080070b0                HAL_TIM_PWM_ConfigChannel
 .text.HAL_TIM_ConfigClockSource
                0x080072d8      0x204 ./Drivers/STM32U5xx_HAL_Driver/Src/stm32u5xx_hal_tim.o
                0x080072d8                HAL_TIM_ConfigClockSource
 .text.HAL_TIM_OC_DelayElapsedCallback
                0x080074dc       0x14 ./Drivers/STM32U5xx_HAL_Driver/Src/stm32u5xx_hal_tim.o
                0x080074dc                HAL_TIM_OC_DelayElapsedCallback
 .text.HAL_TIM_IC_CaptureCallback
                0x080074f0       0x14 ./Drivers/STM32U5xx_HAL_Driver/Src/stm32u5xx_hal_tim.o
                0x080074f0                HAL_TIM_IC_CaptureCallback
 .text.HAL_TIM_PWM_PulseFinishedCallback
                0x08007504       0x14 ./Drivers/STM32U5xx_HAL_Driver/Src/stm32u5xx_hal_tim.o
                0x08007504                HAL_TIM_PWM_PulseFinishedCallback
 .text.HAL_TIM_TriggerCallback
                0x08007518       0x14 ./Drivers/STM32U5xx_HAL_Driver/Src/stm32u5xx_hal_tim.o
                0x08007518                HAL_TIM_TriggerCallback
 .text.TIM_Base_SetConfig
                0x0800752c      0x200 ./Drivers/STM32U5xx_HAL_Driver/Src/stm32u5xx_hal_tim.o
                0x0800752c                TIM_Base_SetConfig
 .text.TIM_OC1_SetConfig
                0x0800772c      0x188 ./Drivers/STM32U5xx_HAL_Driver/Src/stm32u5xx_hal_tim.o
 .text.TIM_OC2_SetConfig
                0x080078b4      0x164 ./Drivers/STM32U5xx_HAL_Driver/Src/stm32u5xx_hal_tim.o
                0x080078b4                TIM_OC2_SetConfig
 .text.TIM_OC3_SetConfig
                0x08007a18      0x160 ./Drivers/STM32U5xx_HAL_Driver/Src/stm32u5xx_hal_tim.o
 .text.TIM_OC4_SetConfig
                0x08007b78      0x164 ./Drivers/STM32U5xx_HAL_Driver/Src/stm32u5xx_hal_tim.o
 .text.TIM_OC5_SetConfig
                0x08007cdc      0x104 ./Drivers/STM32U5xx_HAL_Driver/Src/stm32u5xx_hal_tim.o
 .text.TIM_OC6_SetConfig
                0x08007de0      0x108 ./Drivers/STM32U5xx_HAL_Driver/Src/stm32u5xx_hal_tim.o
 .text.TIM_TI1_ConfigInputStage
                0x08007ee8       0xe4 ./Drivers/STM32U5xx_HAL_Driver/Src/stm32u5xx_hal_tim.o
 .text.TIM_TI2_ConfigInputStage
                0x08007fcc       0x9c ./Drivers/STM32U5xx_HAL_Driver/Src/stm32u5xx_hal_tim.o
 .text.TIM_ITRx_SetConfig
                0x08008068       0x3a ./Drivers/STM32U5xx_HAL_Driver/Src/stm32u5xx_hal_tim.o
 .text.TIM_ETR_SetConfig
                0x080080a2       0x40 ./Drivers/STM32U5xx_HAL_Driver/Src/stm32u5xx_hal_tim.o
                0x080080a2                TIM_ETR_SetConfig
 .text.TIM_CCxChannelCmd
                0x080080e2       0x4a ./Drivers/STM32U5xx_HAL_Driver/Src/stm32u5xx_hal_tim.o
                0x080080e2                TIM_CCxChannelCmd
 .text.HAL_TIMEx_MasterConfigSynchronization
                0x0800812c      0x184 ./Drivers/STM32U5xx_HAL_Driver/Src/stm32u5xx_hal_tim_ex.o
                0x0800812c                HAL_TIMEx_MasterConfigSynchronization
 .text.HAL_TIMEx_CommutCallback
                0x080082b0       0x14 ./Drivers/STM32U5xx_HAL_Driver/Src/stm32u5xx_hal_tim_ex.o
                0x080082b0                HAL_TIMEx_CommutCallback
 .text.HAL_TIMEx_BreakCallback
                0x080082c4       0x14 ./Drivers/STM32U5xx_HAL_Driver/Src/stm32u5xx_hal_tim_ex.o
                0x080082c4                HAL_TIMEx_BreakCallback
 .text.HAL_TIMEx_Break2Callback
                0x080082d8       0x14 ./Drivers/STM32U5xx_HAL_Driver/Src/stm32u5xx_hal_tim_ex.o
                0x080082d8                HAL_TIMEx_Break2Callback
 .text.HAL_TIMEx_EncoderIndexCallback
                0x080082ec       0x14 ./Drivers/STM32U5xx_HAL_Driver/Src/stm32u5xx_hal_tim_ex.o
                0x080082ec                HAL_TIMEx_EncoderIndexCallback
 .text.HAL_TIMEx_DirectionChangeCallback
                0x08008300       0x14 ./Drivers/STM32U5xx_HAL_Driver/Src/stm32u5xx_hal_tim_ex.o
                0x08008300                HAL_TIMEx_DirectionChangeCallback
 .text.HAL_TIMEx_IndexErrorCallback
                0x08008314       0x14 ./Drivers/STM32U5xx_HAL_Driver/Src/stm32u5xx_hal_tim_ex.o
                0x08008314                HAL_TIMEx_IndexErrorCallback
 .text.HAL_TIMEx_TransitionErrorCallback
                0x08008328       0x14 ./Drivers/STM32U5xx_HAL_Driver/Src/stm32u5xx_hal_tim_ex.o
                0x08008328                HAL_TIMEx_TransitionErrorCallback
 .text.HAL_UART_Init
                0x0800833c       0xa0 ./Drivers/STM32U5xx_HAL_Driver/Src/stm32u5xx_hal_uart.o
                0x0800833c                HAL_UART_Init
 .text.HAL_UART_MspInit
                0x080083dc       0x14 ./Drivers/STM32U5xx_HAL_Driver/Src/stm32u5xx_hal_uart.o
                0x080083dc                HAL_UART_MspInit
 .text.UART_SetConfig
                0x080083f0      0x344 ./Drivers/STM32U5xx_HAL_Driver/Src/stm32u5xx_hal_uart.o
                0x080083f0                UART_SetConfig
 .text.UART_AdvFeatureConfig
                0x08008734      0x144 ./Drivers/STM32U5xx_HAL_Driver/Src/stm32u5xx_hal_uart.o
                0x08008734                UART_AdvFeatureConfig
 .text.UART_CheckIdleState
                0x08008878      0x154 ./Drivers/STM32U5xx_HAL_Driver/Src/stm32u5xx_hal_uart.o
                0x08008878                UART_CheckIdleState
 .text.UART_WaitOnFlagUntilTimeout
                0x080089cc       0xda ./Drivers/STM32U5xx_HAL_Driver/Src/stm32u5xx_hal_uart.o
                0x080089cc                UART_WaitOnFlagUntilTimeout
 .text.UART_EndRxTransfer
                0x08008aa6       0xcc ./Drivers/STM32U5xx_HAL_Driver/Src/stm32u5xx_hal_uart.o
 .text.memset   0x08008b72       0x10 C:/ST/STM32CubeIDE_1.19.0/STM32CubeIDE/plugins/com.st.stm32cube.ide.mcu.externaltools.gnu-tools-for-stm32.13.3.rel1.win32_1.0.0.202411081344/tools/bin/../lib/gcc/arm-none-eabi/13.3.1/../../../../arm-none-eabi/lib/thumb/v8-m.main+fp/hard\libc_nano.a(libc_a-memset.o)
                0x08008b72                memset
 *fill*         0x08008b82        0x2 
 .text.__libc_init_array
                0x08008b84       0x48 C:/ST/STM32CubeIDE_1.19.0/STM32CubeIDE/plugins/com.st.stm32cube.ide.mcu.externaltools.gnu-tools-for-stm32.13.3.rel1.win32_1.0.0.202411081344/tools/bin/../lib/gcc/arm-none-eabi/13.3.1/../../../../arm-none-eabi/lib/thumb/v8-m.main+fp/hard\libc_nano.a(libc_a-init.o)
                0x08008b84                __libc_init_array
 *(.glue_7)
 .glue_7        0x08008bcc        0x0 linker stubs
 *(.glue_7t)
 .glue_7t       0x08008bcc        0x0 linker stubs
 *(.eh_frame)
 .eh_frame      0x08008bcc        0x0 C:/ST/STM32CubeIDE_1.19.0/STM32CubeIDE/plugins/com.st.stm32cube.ide.mcu.externaltools.gnu-tools-for-stm32.13.3.rel1.win32_1.0.0.202411081344/tools/bin/../lib/gcc/arm-none-eabi/13.3.1/thumb/v8-m.main+fp/hard/crtbegin.o
 *(.init)
 .init          0x08008bcc        0x4 C:/ST/STM32CubeIDE_1.19.0/STM32CubeIDE/plugins/com.st.stm32cube.ide.mcu.externaltools.gnu-tools-for-stm32.13.3.rel1.win32_1.0.0.202411081344/tools/bin/../lib/gcc/arm-none-eabi/13.3.1/thumb/v8-m.main+fp/hard/crti.o
                0x08008bcc                _init
 .init          0x08008bd0        0x8 C:/ST/STM32CubeIDE_1.19.0/STM32CubeIDE/plugins/com.st.stm32cube.ide.mcu.externaltools.gnu-tools-for-stm32.13.3.rel1.win32_1.0.0.202411081344/tools/bin/../lib/gcc/arm-none-eabi/13.3.1/thumb/v8-m.main+fp/hard/crtn.o
 *(.fini)
 .fini          0x08008bd8        0x4 C:/ST/STM32CubeIDE_1.19.0/STM32CubeIDE/plugins/com.st.stm32cube.ide.mcu.externaltools.gnu-tools-for-stm32.13.3.rel1.win32_1.0.0.202411081344/tools/bin/../lib/gcc/arm-none-eabi/13.3.1/thumb/v8-m.main+fp/hard/crti.o
                0x08008bd8                _fini
 .fini          0x08008bdc        0x8 C:/ST/STM32CubeIDE_1.19.0/STM32CubeIDE/plugins/com.st.stm32cube.ide.mcu.externaltools.gnu-tools-for-stm32.13.3.rel1.win32_1.0.0.202411081344/tools/bin/../lib/gcc/arm-none-eabi/13.3.1/thumb/v8-m.main+fp/hard/crtn.o
                0x08008be4                        _etext = .

.vfp11_veneer   0x08008be4        0x0
 .vfp11_veneer  0x08008be4        0x0 linker stubs

.v4_bx          0x08008be4        0x0
 .v4_bx         0x08008be4        0x0 linker stubs

.iplt           0x08008be4        0x0
 .iplt          0x08008be4        0x0 C:/ST/STM32CubeIDE_1.19.0/STM32CubeIDE/plugins/com.st.stm32cube.ide.mcu.externaltools.gnu-tools-for-stm32.13.3.rel1.win32_1.0.0.202411081344/tools/bin/../lib/gcc/arm-none-eabi/13.3.1/thumb/v8-m.main+fp/hard/crtbegin.o

.rodata         0x08008be4      0x100
 *(.rodata)
 .rodata        0x08008be4        0x3 ./Core/Src/main.o
 *(.rodata*)
 *fill*         0x08008be7        0x1 
 .rodata.AHBPrescTable
                0x08008be8       0x10 ./Core/Src/system_stm32u5xx.o
                0x08008be8                AHBPrescTable
 .rodata.APBPrescTable
                0x08008bf8        0x8 ./Core/Src/system_stm32u5xx.o
                0x08008bf8                APBPrescTable
 .rodata.MSIRangeTable
                0x08008c00       0x40 ./Core/Src/system_stm32u5xx.o
                0x08008c00                MSIRangeTable
 .rodata.LED_PIN
                0x08008c40        0x6 ./Drivers/BSP/STM32U5xx_Nucleo/stm32u5xx_nucleo.o
 *fill*         0x08008c46        0x2 
 .rodata.BUTTON_EXTI_LINE.2
                0x08008c48        0x4 ./Drivers/BSP/STM32U5xx_Nucleo/stm32u5xx_nucleo.o
 .rodata.LPGPIO_Map
                0x08008c4c       0x80 ./Drivers/STM32U5xx_HAL_Driver/Src/stm32u5xx_hal_gpio.o
 .rodata.UARTPrescTable
                0x08008ccc       0x18 ./Drivers/STM32U5xx_HAL_Driver/Src/stm32u5xx_hal_uart.o
                0x08008ccc                UARTPrescTable

.ARM.extab
 *(.ARM.extab* .gnu.linkonce.armextab.*)

.ARM            0x08008ce4        0x8
                0x08008ce4                        __exidx_start = .
 *(.ARM.exidx*)
 .ARM.exidx     0x08008ce4        0x8 C:/ST/STM32CubeIDE_1.19.0/STM32CubeIDE/plugins/com.st.stm32cube.ide.mcu.externaltools.gnu-tools-for-stm32.13.3.rel1.win32_1.0.0.202411081344/tools/bin/../lib/gcc/arm-none-eabi/13.3.1/thumb/v8-m.main+fp/hard\libgcc.a(_udivmoddi4.o)
                0x08008cec                        __exidx_end = .

.preinit_array  0x08008cec        0x0
                0x08008cec                        PROVIDE (__preinit_array_start = .)
 *(.preinit_array*)
                0x08008cec                        PROVIDE (__preinit_array_end = .)

.init_array     0x08008cec        0x4
                0x08008cec                        PROVIDE (__init_array_start = .)
 *(SORT_BY_NAME(.init_array.*))
 *(.init_array*)
 .init_array    0x08008cec        0x4 C:/ST/STM32CubeIDE_1.19.0/STM32CubeIDE/plugins/com.st.stm32cube.ide.mcu.externaltools.gnu-tools-for-stm32.13.3.rel1.win32_1.0.0.202411081344/tools/bin/../lib/gcc/arm-none-eabi/13.3.1/thumb/v8-m.main+fp/hard/crtbegin.o
                0x08008cf0                        PROVIDE (__init_array_end = .)

.fini_array     0x08008cf0        0x4
                [!provide]                        PROVIDE (__fini_array_start = .)
 *(SORT_BY_NAME(.fini_array.*))
 *(.fini_array*)
 .fini_array    0x08008cf0        0x4 C:/ST/STM32CubeIDE_1.19.0/STM32CubeIDE/plugins/com.st.stm32cube.ide.mcu.externaltools.gnu-tools-for-stm32.13.3.rel1.win32_1.0.0.202411081344/tools/bin/../lib/gcc/arm-none-eabi/13.3.1/thumb/v8-m.main+fp/hard/crtbegin.o
                [!provide]                        PROVIDE (__fini_array_end = .)
                0x08008cf4                        _sidata = LOADADDR (.data)

.rel.dyn        0x08008cf4        0x0
 .rel.iplt      0x08008cf4        0x0 C:/ST/STM32CubeIDE_1.19.0/STM32CubeIDE/plugins/com.st.stm32cube.ide.mcu.externaltools.gnu-tools-for-stm32.13.3.rel1.win32_1.0.0.202411081344/tools/bin/../lib/gcc/arm-none-eabi/13.3.1/thumb/v8-m.main+fp/hard/crtbegin.o

.data           0x20000000       0x25 load address 0x08008cf4
                0x20000000                        _sdata = .
 *(.data)
 *(.data*)
 .data.SystemCoreClock
                0x20000000        0x4 ./Core/Src/system_stm32u5xx.o
                0x20000000                SystemCoreClock
 .data.COM_USART
                0x20000004        0x4 ./Drivers/BSP/STM32U5xx_Nucleo/stm32u5xx_nucleo.o
                0x20000004                COM_USART
 .data.LED_PORT
                0x20000008        0xc ./Drivers/BSP/STM32U5xx_Nucleo/stm32u5xx_nucleo.o
 .data.BUTTON_PORT
                0x20000014        0x4 ./Drivers/BSP/STM32U5xx_Nucleo/stm32u5xx_nucleo.o
 .data.ButtonCallback.1
                0x20000018        0x4 ./Drivers/BSP/STM32U5xx_Nucleo/stm32u5xx_nucleo.o
 .data.BSP_BUTTON_PRIO.0
                0x2000001c        0x4 ./Drivers/BSP/STM32U5xx_Nucleo/stm32u5xx_nucleo.o
 .data.uwTickPrio
                0x20000020        0x4 ./Drivers/STM32U5xx_HAL_Driver/Src/stm32u5xx_hal.o
                0x20000020                uwTickPrio
 .data.uwTickFreq
                0x20000024        0x1 ./Drivers/STM32U5xx_HAL_Driver/Src/stm32u5xx_hal.o
                0x20000024                uwTickFreq
 *(.RamFunc)
 *(.RamFunc*)
                0x20000025                        _edata = .

.igot.plt       0x20000028        0x0 load address 0x08008d19
 .igot.plt      0x20000028        0x0 C:/ST/STM32CubeIDE_1.19.0/STM32CubeIDE/plugins/com.st.stm32cube.ide.mcu.externaltools.gnu-tools-for-stm32.13.3.rel1.win32_1.0.0.202411081344/tools/bin/../lib/gcc/arm-none-eabi/13.3.1/thumb/v8-m.main+fp/hard/crtbegin.o

.bss            0x20000028      0x24c load address 0x08008d19
                0x20000028                        _sbss = .
                0x20000028                        __bss_start__ = _sbss
 *(.bss)
 .bss           0x20000028       0x1c C:/ST/STM32CubeIDE_1.19.0/STM32CubeIDE/plugins/com.st.stm32cube.ide.mcu.externaltools.gnu-tools-for-stm32.13.3.rel1.win32_1.0.0.202411081344/tools/bin/../lib/gcc/arm-none-eabi/13.3.1/thumb/v8-m.main+fp/hard/crtbegin.o
 *(.bss*)
 .bss.user_button
                0x20000044        0x1 ./Core/Src/main.o
                0x20000044                user_button
 *fill*         0x20000045        0x3 
 .bss.BspCOMInit
                0x20000048       0x10 ./Core/Src/main.o
                0x20000048                BspCOMInit
 .bss.hadc1     0x20000058       0x8c ./Core/Src/main.o
                0x20000058                hadc1
 .bss.hi2c1     0x200000e4       0x54 ./Core/Src/main.o
                0x200000e4                hi2c1
 .bss.htim2     0x20000138       0x4c ./Core/Src/main.o
                0x20000138                htim2
 .bss.htim17    0x20000184       0x4c ./Core/Src/stm32u5xx_hal_timebase_tim.o
                0x20000184                htim17
 .bss.hpb_exti  0x200001d0        0xc ./Drivers/BSP/STM32U5xx_Nucleo/stm32u5xx_nucleo.o
                0x200001d0                hpb_exti
 .bss.hcom_uart
                0x200001dc       0x94 ./Drivers/BSP/STM32U5xx_Nucleo/stm32u5xx_nucleo.o
                0x200001dc                hcom_uart
 .bss.uwTick    0x20000270        0x4 ./Drivers/STM32U5xx_HAL_Driver/Src/stm32u5xx_hal.o
                0x20000270                uwTick
 *(COMMON)
                0x20000274                        _ebss = .
                0x20000274                        __bss_end__ = _ebss

._user_heap_stack
                0x20000274      0x604 load address 0x08008d19
                0x20000278                        . = ALIGN (0x8)
 *fill*         0x20000274        0x4 
                [!provide]                        PROVIDE (end = .)
                0x20000278                        PROVIDE (_end = .)
                0x20000478                        . = (. + _Min_Heap_Size)
 *fill*         0x20000278      0x200 
                0x20000878                        . = (. + _Min_Stack_Size)
 *fill*         0x20000478      0x400 
                0x20000878                        . = ALIGN (0x8)

/DISCARD/
 libc.a(*)
 libm.a(*)
 libgcc.a(*)

.ARM.attributes
                0x00000000       0x36
 *(.ARM.attributes)
 .ARM.attributes
                0x00000000       0x26 C:/ST/STM32CubeIDE_1.19.0/STM32CubeIDE/plugins/com.st.stm32cube.ide.mcu.externaltools.gnu-tools-for-stm32.13.3.rel1.win32_1.0.0.202411081344/tools/bin/../lib/gcc/arm-none-eabi/13.3.1/thumb/v8-m.main+fp/hard/crti.o
 .ARM.attributes
                0x00000026       0x38 C:/ST/STM32CubeIDE_1.19.0/STM32CubeIDE/plugins/com.st.stm32cube.ide.mcu.externaltools.gnu-tools-for-stm32.13.3.rel1.win32_1.0.0.202411081344/tools/bin/../lib/gcc/arm-none-eabi/13.3.1/thumb/v8-m.main+fp/hard/crtbegin.o
 .ARM.attributes
                0x0000005e       0x3a ./Core/Src/i2c.o
 .ARM.attributes
                0x00000098       0x3a ./Core/Src/main.o
 .ARM.attributes
                0x000000d2       0x3a ./Core/Src/motor_control.o
 .ARM.attributes
                0x0000010c       0x3a ./Core/Src/stm32u5xx_hal_msp.o
 .ARM.attributes
                0x00000146       0x3a ./Core/Src/stm32u5xx_hal_timebase_tim.o
 .ARM.attributes
                0x00000180       0x3a ./Core/Src/stm32u5xx_it.o
 .ARM.attributes
                0x000001ba       0x3a ./Core/Src/system_stm32u5xx.o
 .ARM.attributes
                0x000001f4       0x24 ./Core/Startup/startup_stm32u575zitxq.o
 .ARM.attributes
                0x00000218       0x3a ./Drivers/BSP/STM32U5xx_Nucleo/stm32u5xx_nucleo.o
 .ARM.attributes
                0x00000252       0x3a ./Drivers/STM32U5xx_HAL_Driver/Src/stm32u5xx_hal.o
 .ARM.attributes
                0x0000028c       0x3a ./Drivers/STM32U5xx_HAL_Driver/Src/stm32u5xx_hal_adc.o
 .ARM.attributes
                0x000002c6       0x3a ./Drivers/STM32U5xx_HAL_Driver/Src/stm32u5xx_hal_cortex.o
 .ARM.attributes
                0x00000300       0x3a ./Drivers/STM32U5xx_HAL_Driver/Src/stm32u5xx_hal_exti.o
 .ARM.attributes
                0x0000033a       0x3a ./Drivers/STM32U5xx_HAL_Driver/Src/stm32u5xx_hal_gpio.o
 .ARM.attributes
                0x00000374       0x3a ./Drivers/STM32U5xx_HAL_Driver/Src/stm32u5xx_hal_i2c.o
 .ARM.attributes
                0x000003ae       0x3a ./Drivers/STM32U5xx_HAL_Driver/Src/stm32u5xx_hal_i2c_ex.o
 .ARM.attributes
                0x000003e8       0x3a ./Drivers/STM32U5xx_HAL_Driver/Src/stm32u5xx_hal_icache.o
 .ARM.attributes
                0x00000422       0x3a ./Drivers/STM32U5xx_HAL_Driver/Src/stm32u5xx_hal_pwr_ex.o
 .ARM.attributes
                0x0000045c       0x3a ./Drivers/STM32U5xx_HAL_Driver/Src/stm32u5xx_hal_rcc.o
 .ARM.attributes
                0x00000496       0x3a ./Drivers/STM32U5xx_HAL_Driver/Src/stm32u5xx_hal_rcc_ex.o
 .ARM.attributes
                0x000004d0       0x3a ./Drivers/STM32U5xx_HAL_Driver/Src/stm32u5xx_hal_tim.o
 .ARM.attributes
                0x0000050a       0x3a ./Drivers/STM32U5xx_HAL_Driver/Src/stm32u5xx_hal_tim_ex.o
 .ARM.attributes
                0x00000544       0x3a ./Drivers/STM32U5xx_HAL_Driver/Src/stm32u5xx_hal_uart.o
 .ARM.attributes
                0x0000057e       0x38 C:/ST/STM32CubeIDE_1.19.0/STM32CubeIDE/plugins/com.st.stm32cube.ide.mcu.externaltools.gnu-tools-for-stm32.13.3.rel1.win32_1.0.0.202411081344/tools/bin/../lib/gcc/arm-none-eabi/13.3.1/../../../../arm-none-eabi/lib/thumb/v8-m.main+fp/hard\libc_nano.a(libc_a-memset.o)
 .ARM.attributes
                0x000005b6       0x38 C:/ST/STM32CubeIDE_1.19.0/STM32CubeIDE/plugins/com.st.stm32cube.ide.mcu.externaltools.gnu-tools-for-stm32.13.3.rel1.win32_1.0.0.202411081344/tools/bin/../lib/gcc/arm-none-eabi/13.3.1/../../../../arm-none-eabi/lib/thumb/v8-m.main+fp/hard\libc_nano.a(libc_a-init.o)
 .ARM.attributes
                0x000005ee       0x26 C:/ST/STM32CubeIDE_1.19.0/STM32CubeIDE/plugins/com.st.stm32cube.ide.mcu.externaltools.gnu-tools-for-stm32.13.3.rel1.win32_1.0.0.202411081344/tools/bin/../lib/gcc/arm-none-eabi/13.3.1/thumb/v8-m.main+fp/hard\libgcc.a(_aeabi_uldivmod.o)
 .ARM.attributes
                0x00000614       0x38 C:/ST/STM32CubeIDE_1.19.0/STM32CubeIDE/plugins/com.st.stm32cube.ide.mcu.externaltools.gnu-tools-for-stm32.13.3.rel1.win32_1.0.0.202411081344/tools/bin/../lib/gcc/arm-none-eabi/13.3.1/thumb/v8-m.main+fp/hard\libgcc.a(_udivmoddi4.o)
 .ARM.attributes
                0x0000064c       0x26 C:/ST/STM32CubeIDE_1.19.0/STM32CubeIDE/plugins/com.st.stm32cube.ide.mcu.externaltools.gnu-tools-for-stm32.13.3.rel1.win32_1.0.0.202411081344/tools/bin/../lib/gcc/arm-none-eabi/13.3.1/thumb/v8-m.main+fp/hard\libgcc.a(_dvmd_tls.o)
 .ARM.attributes
                0x00000672       0x26 C:/ST/STM32CubeIDE_1.19.0/STM32CubeIDE/plugins/com.st.stm32cube.ide.mcu.externaltools.gnu-tools-for-stm32.13.3.rel1.win32_1.0.0.202411081344/tools/bin/../lib/gcc/arm-none-eabi/13.3.1/thumb/v8-m.main+fp/hard/crtn.o
OUTPUT(sd_collar.elf elf32-littlearm)
LOAD linker stubs
LOAD C:/ST/STM32CubeIDE_1.19.0/STM32CubeIDE/plugins/com.st.stm32cube.ide.mcu.externaltools.gnu-tools-for-stm32.13.3.rel1.win32_1.0.0.202411081344/tools/bin/../lib/gcc/arm-none-eabi/13.3.1/../../../../arm-none-eabi/lib/thumb/v8-m.main+fp/hard\libc.a
LOAD C:/ST/STM32CubeIDE_1.19.0/STM32CubeIDE/plugins/com.st.stm32cube.ide.mcu.externaltools.gnu-tools-for-stm32.13.3.rel1.win32_1.0.0.202411081344/tools/bin/../lib/gcc/arm-none-eabi/13.3.1/../../../../arm-none-eabi/lib/thumb/v8-m.main+fp/hard\libm.a
LOAD C:/ST/STM32CubeIDE_1.19.0/STM32CubeIDE/plugins/com.st.stm32cube.ide.mcu.externaltools.gnu-tools-for-stm32.13.3.rel1.win32_1.0.0.202411081344/tools/bin/../lib/gcc/arm-none-eabi/13.3.1/thumb/v8-m.main+fp/hard\libgcc.a

.debug_info     0x00000000    0x1df3b
 .debug_info    0x00000000       0xbd ./Core/Src/i2c.o
 .debug_info    0x000000bd     0x201b ./Core/Src/main.o
 .debug_info    0x000020d8      0xaeb ./Core/Src/motor_control.o
 .debug_info    0x00002bc3     0x1b7a ./Core/Src/stm32u5xx_hal_msp.o
 .debug_info    0x0000473d     0x1171 ./Core/Src/stm32u5xx_hal_timebase_tim.o
 .debug_info    0x000058ae      0x9e6 ./Core/Src/stm32u5xx_it.o
 .debug_info    0x00006294      0x929 ./Core/Src/system_stm32u5xx.o
 .debug_info    0x00006bbd       0x30 ./Core/Startup/startup_stm32u575zitxq.o
 .debug_info    0x00006bed     0x1bdd ./Drivers/BSP/STM32U5xx_Nucleo/stm32u5xx_nucleo.o
 .debug_info    0x000087ca     0x11ec ./Drivers/STM32U5xx_HAL_Driver/Src/stm32u5xx_hal.o
 .debug_info    0x000099b6     0x2679 ./Drivers/STM32U5xx_HAL_Driver/Src/stm32u5xx_hal_adc.o
 .debug_info    0x0000c02f     0x163a ./Drivers/STM32U5xx_HAL_Driver/Src/stm32u5xx_hal_cortex.o
 .debug_info    0x0000d669      0x736 ./Drivers/STM32U5xx_HAL_Driver/Src/stm32u5xx_hal_exti.o
 .debug_info    0x0000dd9f      0x859 ./Drivers/STM32U5xx_HAL_Driver/Src/stm32u5xx_hal_gpio.o
 .debug_info    0x0000e5f8     0x232e ./Drivers/STM32U5xx_HAL_Driver/Src/stm32u5xx_hal_i2c.o
 .debug_info    0x00010926      0x9ff ./Drivers/STM32U5xx_HAL_Driver/Src/stm32u5xx_hal_i2c_ex.o
 .debug_info    0x00011325      0x4d6 ./Drivers/STM32U5xx_HAL_Driver/Src/stm32u5xx_hal_icache.o
 .debug_info    0x000117fb      0xe3e ./Drivers/STM32U5xx_HAL_Driver/Src/stm32u5xx_hal_pwr_ex.o
 .debug_info    0x00012639     0x11f0 ./Drivers/STM32U5xx_HAL_Driver/Src/stm32u5xx_hal_rcc.o
 .debug_info    0x00013829     0x157f ./Drivers/STM32U5xx_HAL_Driver/Src/stm32u5xx_hal_rcc_ex.o
 .debug_info    0x00014da8     0x2e54 ./Drivers/STM32U5xx_HAL_Driver/Src/stm32u5xx_hal_tim.o
 .debug_info    0x00017bfc     0x22e0 ./Drivers/STM32U5xx_HAL_Driver/Src/stm32u5xx_hal_tim_ex.o
 .debug_info    0x00019edc     0x405f ./Drivers/STM32U5xx_HAL_Driver/Src/stm32u5xx_hal_uart.o

.debug_abbrev   0x00000000     0x338a
 .debug_abbrev  0x00000000       0x47 ./Core/Src/i2c.o
 .debug_abbrev  0x00000047      0x399 ./Core/Src/main.o
 .debug_abbrev  0x000003e0      0x209 ./Core/Src/motor_control.o
 .debug_abbrev  0x000005e9      0x298 ./Core/Src/stm32u5xx_hal_msp.o
 .debug_abbrev  0x00000881      0x22a ./Core/Src/stm32u5xx_hal_timebase_tim.o
 .debug_abbrev  0x00000aab      0x1cb ./Core/Src/stm32u5xx_it.o
 .debug_abbrev  0x00000c76      0x129 ./Core/Src/system_stm32u5xx.o
 .debug_abbrev  0x00000d9f       0x24 ./Core/Startup/startup_stm32u575zitxq.o
 .debug_abbrev  0x00000dc3      0x343 ./Drivers/BSP/STM32U5xx_Nucleo/stm32u5xx_nucleo.o
 .debug_abbrev  0x00001106      0x2a5 ./Drivers/STM32U5xx_HAL_Driver/Src/stm32u5xx_hal.o
 .debug_abbrev  0x000013ab      0x2ce ./Drivers/STM32U5xx_HAL_Driver/Src/stm32u5xx_hal_adc.o
 .debug_abbrev  0x00001679      0x311 ./Drivers/STM32U5xx_HAL_Driver/Src/stm32u5xx_hal_cortex.o
 .debug_abbrev  0x0000198a      0x198 ./Drivers/STM32U5xx_HAL_Driver/Src/stm32u5xx_hal_exti.o
 .debug_abbrev  0x00001b22      0x25a ./Drivers/STM32U5xx_HAL_Driver/Src/stm32u5xx_hal_gpio.o
 .debug_abbrev  0x00001d7c      0x271 ./Drivers/STM32U5xx_HAL_Driver/Src/stm32u5xx_hal_i2c.o
 .debug_abbrev  0x00001fed      0x1c0 ./Drivers/STM32U5xx_HAL_Driver/Src/stm32u5xx_hal_i2c_ex.o
 .debug_abbrev  0x000021ad      0x228 ./Drivers/STM32U5xx_HAL_Driver/Src/stm32u5xx_hal_icache.o
 .debug_abbrev  0x000023d5      0x215 ./Drivers/STM32U5xx_HAL_Driver/Src/stm32u5xx_hal_pwr_ex.o
 .debug_abbrev  0x000025ea      0x2cb ./Drivers/STM32U5xx_HAL_Driver/Src/stm32u5xx_hal_rcc.o
 .debug_abbrev  0x000028b5      0x23d ./Drivers/STM32U5xx_HAL_Driver/Src/stm32u5xx_hal_rcc_ex.o
 .debug_abbrev  0x00002af2      0x2bd ./Drivers/STM32U5xx_HAL_Driver/Src/stm32u5xx_hal_tim.o
 .debug_abbrev  0x00002daf      0x2d6 ./Drivers/STM32U5xx_HAL_Driver/Src/stm32u5xx_hal_tim_ex.o
 .debug_abbrev  0x00003085      0x305 ./Drivers/STM32U5xx_HAL_Driver/Src/stm32u5xx_hal_uart.o

.debug_aranges  0x00000000     0x18f0
 .debug_aranges
                0x00000000       0x30 ./Core/Src/i2c.o
 .debug_aranges
                0x00000030       0x68 ./Core/Src/main.o
 .debug_aranges
                0x00000098       0x40 ./Core/Src/motor_control.o
 .debug_aranges
                0x000000d8       0x58 ./Core/Src/stm32u5xx_hal_msp.o
 .debug_aranges
                0x00000130       0x30 ./Core/Src/stm32u5xx_hal_timebase_tim.o
 .debug_aranges
                0x00000160       0x70 ./Core/Src/stm32u5xx_it.o
 .debug_aranges
                0x000001d0       0x28 ./Core/Src/system_stm32u5xx.o
 .debug_aranges
                0x000001f8       0x28 ./Core/Startup/startup_stm32u575zitxq.o
 .debug_aranges
                0x00000220       0xc8 ./Drivers/BSP/STM32U5xx_Nucleo/stm32u5xx_nucleo.o
 .debug_aranges
                0x000002e8      0x148 ./Drivers/STM32U5xx_HAL_Driver/Src/stm32u5xx_hal.o
 .debug_aranges
                0x00000430      0x270 ./Drivers/STM32U5xx_HAL_Driver/Src/stm32u5xx_hal_adc.o
 .debug_aranges
                0x000006a0      0x140 ./Drivers/STM32U5xx_HAL_Driver/Src/stm32u5xx_hal_cortex.o
 .debug_aranges
                0x000007e0       0x70 ./Drivers/STM32U5xx_HAL_Driver/Src/stm32u5xx_hal_exti.o
 .debug_aranges
                0x00000850       0x78 ./Drivers/STM32U5xx_HAL_Driver/Src/stm32u5xx_hal_gpio.o
 .debug_aranges
                0x000008c8      0x2a0 ./Drivers/STM32U5xx_HAL_Driver/Src/stm32u5xx_hal_i2c.o
 .debug_aranges
                0x00000b68       0x58 ./Drivers/STM32U5xx_HAL_Driver/Src/stm32u5xx_hal_i2c_ex.o
 .debug_aranges
                0x00000bc0       0xa8 ./Drivers/STM32U5xx_HAL_Driver/Src/stm32u5xx_hal_icache.o
 .debug_aranges
                0x00000c68      0x200 ./Drivers/STM32U5xx_HAL_Driver/Src/stm32u5xx_hal_pwr_ex.o
 .debug_aranges
                0x00000e68       0xa8 ./Drivers/STM32U5xx_HAL_Driver/Src/stm32u5xx_hal_rcc.o
 .debug_aranges
                0x00000f10      0x160 ./Drivers/STM32U5xx_HAL_Driver/Src/stm32u5xx_hal_rcc_ex.o
 .debug_aranges
                0x00001070      0x3e8 ./Drivers/STM32U5xx_HAL_Driver/Src/stm32u5xx_hal_tim.o
 .debug_aranges
                0x00001458      0x250 ./Drivers/STM32U5xx_HAL_Driver/Src/stm32u5xx_hal_tim_ex.o
 .debug_aranges
                0x000016a8      0x248 ./Drivers/STM32U5xx_HAL_Driver/Src/stm32u5xx_hal_uart.o

.debug_rnglists
                0x00000000     0x137f
 .debug_rnglists
                0x00000000       0x1f ./Core/Src/i2c.o
 .debug_rnglists
                0x0000001f       0x4e ./Core/Src/main.o
 .debug_rnglists
                0x0000006d       0x2c ./Core/Src/motor_control.o
 .debug_rnglists
                0x00000099       0x3f ./Core/Src/stm32u5xx_hal_msp.o
 .debug_rnglists
                0x000000d8       0x20 ./Core/Src/stm32u5xx_hal_timebase_tim.o
 .debug_rnglists
                0x000000f8       0x4f ./Core/Src/stm32u5xx_it.o
 .debug_rnglists
                0x00000147       0x1a ./Core/Src/system_stm32u5xx.o
 .debug_rnglists
                0x00000161       0x19 ./Core/Startup/startup_stm32u575zitxq.o
 .debug_rnglists
                0x0000017a       0x94 ./Drivers/BSP/STM32U5xx_Nucleo/stm32u5xx_nucleo.o
 .debug_rnglists
                0x0000020e       0xf3 ./Drivers/STM32U5xx_HAL_Driver/Src/stm32u5xx_hal.o
 .debug_rnglists
                0x00000301      0x1e2 ./Drivers/STM32U5xx_HAL_Driver/Src/stm32u5xx_hal_adc.o
 .debug_rnglists
                0x000004e3       0xec ./Drivers/STM32U5xx_HAL_Driver/Src/stm32u5xx_hal_cortex.o
 .debug_rnglists
                0x000005cf       0x53 ./Drivers/STM32U5xx_HAL_Driver/Src/stm32u5xx_hal_exti.o
 .debug_rnglists
                0x00000622       0x5a ./Drivers/STM32U5xx_HAL_Driver/Src/stm32u5xx_hal_gpio.o
 .debug_rnglists
                0x0000067c      0x228 ./Drivers/STM32U5xx_HAL_Driver/Src/stm32u5xx_hal_i2c.o
 .debug_rnglists
                0x000008a4       0x43 ./Drivers/STM32U5xx_HAL_Driver/Src/stm32u5xx_hal_i2c_ex.o
 .debug_rnglists
                0x000008e7       0x7a ./Drivers/STM32U5xx_HAL_Driver/Src/stm32u5xx_hal_icache.o
 .debug_rnglists
                0x00000961      0x186 ./Drivers/STM32U5xx_HAL_Driver/Src/stm32u5xx_hal_pwr_ex.o
 .debug_rnglists
                0x00000ae7       0x7f ./Drivers/STM32U5xx_HAL_Driver/Src/stm32u5xx_hal_rcc.o
 .debug_rnglists
                0x00000b66      0x113 ./Drivers/STM32U5xx_HAL_Driver/Src/stm32u5xx_hal_rcc_ex.o
 .debug_rnglists
                0x00000c79      0x333 ./Drivers/STM32U5xx_HAL_Driver/Src/stm32u5xx_hal_tim.o
 .debug_rnglists
                0x00000fac      0x1d8 ./Drivers/STM32U5xx_HAL_Driver/Src/stm32u5xx_hal_tim_ex.o
 .debug_rnglists
                0x00001184      0x1fb ./Drivers/STM32U5xx_HAL_Driver/Src/stm32u5xx_hal_uart.o

.debug_macro    0x00000000    0x36215
 .debug_macro   0x00000000      0x2cf ./Core/Src/i2c.o
 .debug_macro   0x000002cf      0xae4 ./Core/Src/i2c.o
 .debug_macro   0x00000db3       0x76 ./Core/Src/i2c.o
 .debug_macro   0x00000e29      0x20d ./Core/Src/i2c.o
 .debug_macro   0x00001036       0x2e ./Core/Src/i2c.o
 .debug_macro   0x00001064       0x42 ./Core/Src/i2c.o
 .debug_macro   0x000010a6       0x22 ./Core/Src/i2c.o
 .debug_macro   0x000010c8       0x8e ./Core/Src/i2c.o
 .debug_macro   0x00001156       0x51 ./Core/Src/i2c.o
 .debug_macro   0x000011a7      0x103 ./Core/Src/i2c.o
 .debug_macro   0x000012aa       0x6a ./Core/Src/i2c.o
 .debug_macro   0x00001314      0x1df ./Core/Src/i2c.o
 .debug_macro   0x000014f3       0x1c ./Core/Src/i2c.o
 .debug_macro   0x0000150f       0x29 ./Core/Src/i2c.o
 .debug_macro   0x00001538       0xfb ./Core/Src/i2c.o
 .debug_macro   0x00001633     0x1685 ./Core/Src/i2c.o
 .debug_macro   0x00002cb8       0x5e ./Core/Src/i2c.o
 .debug_macro   0x00002d16    0x227a9 ./Core/Src/i2c.o
 .debug_macro   0x000254bf       0x6d ./Core/Src/i2c.o
 .debug_macro   0x0002552c     0x393e ./Core/Src/i2c.o
 .debug_macro   0x00028e6a      0x190 ./Core/Src/i2c.o
 .debug_macro   0x00028ffa       0x61 ./Core/Src/i2c.o
 .debug_macro   0x0002905b       0x2a ./Core/Src/i2c.o
 .debug_macro   0x00029085       0x43 ./Core/Src/i2c.o
 .debug_macro   0x000290c8       0x34 ./Core/Src/i2c.o
 .debug_macro   0x000290fc      0x370 ./Core/Src/i2c.o
 .debug_macro   0x0002946c       0x16 ./Core/Src/i2c.o
 .debug_macro   0x00029482       0x4a ./Core/Src/i2c.o
 .debug_macro   0x000294cc       0x34 ./Core/Src/i2c.o
 .debug_macro   0x00029500       0x10 ./Core/Src/i2c.o
 .debug_macro   0x00029510       0x58 ./Core/Src/i2c.o
 .debug_macro   0x00029568       0x8e ./Core/Src/i2c.o
 .debug_macro   0x000295f6       0x1c ./Core/Src/i2c.o
 .debug_macro   0x00029612      0x185 ./Core/Src/i2c.o
 .debug_macro   0x00029797      0x19b ./Core/Src/i2c.o
 .debug_macro   0x00029932       0x5d ./Core/Src/i2c.o
 .debug_macro   0x0002998f     0x1ae5 ./Core/Src/i2c.o
 .debug_macro   0x0002b474      0x7dc ./Core/Src/i2c.o
 .debug_macro   0x0002bc50      0x166 ./Core/Src/i2c.o
 .debug_macro   0x0002bdb6      0x2aa ./Core/Src/i2c.o
 .debug_macro   0x0002c060       0xc9 ./Core/Src/i2c.o
 .debug_macro   0x0002c129      0x5a5 ./Core/Src/i2c.o
 .debug_macro   0x0002c6ce      0x439 ./Core/Src/i2c.o
 .debug_macro   0x0002cb07       0xd6 ./Core/Src/i2c.o
 .debug_macro   0x0002cbdd      0x1cd ./Core/Src/i2c.o
 .debug_macro   0x0002cdaa     0x1415 ./Core/Src/i2c.o
 .debug_macro   0x0002e1bf      0x950 ./Core/Src/i2c.o
 .debug_macro   0x0002eb0f      0x2cd ./Core/Src/i2c.o
 .debug_macro   0x0002eddc      0x432 ./Core/Src/i2c.o
 .debug_macro   0x0002f20e       0x95 ./Core/Src/i2c.o
 .debug_macro   0x0002f2a3      0x11c ./Core/Src/i2c.o
 .debug_macro   0x0002f3bf      0x23a ./Core/Src/i2c.o
 .debug_macro   0x0002f5f9      0x123 ./Core/Src/i2c.o
 .debug_macro   0x0002f71c       0xa5 ./Core/Src/i2c.o
 .debug_macro   0x0002f7c1      0x525 ./Core/Src/i2c.o
 .debug_macro   0x0002fce6      0x4bf ./Core/Src/i2c.o
 .debug_macro   0x000301a5      0xbcc ./Core/Src/i2c.o
 .debug_macro   0x00030d71      0x4ea ./Core/Src/i2c.o
 .debug_macro   0x0003125b      0x677 ./Core/Src/i2c.o
 .debug_macro   0x000318d2      0x1a1 ./Core/Src/i2c.o
 .debug_macro   0x00031a73      0x1c0 ./Core/Src/i2c.o
 .debug_macro   0x00031c33      0x361 ./Core/Src/i2c.o
 .debug_macro   0x00031f94       0x34 ./Core/Src/i2c.o
 .debug_macro   0x00031fc8      0x338 ./Core/Src/main.o
 .debug_macro   0x00032300       0x28 ./Core/Src/main.o
 .debug_macro   0x00032328       0x52 ./Core/Src/main.o
 .debug_macro   0x0003237a       0x1c ./Core/Src/main.o
 .debug_macro   0x00032396       0x3c ./Core/Src/main.o
 .debug_macro   0x000323d2       0x10 ./Core/Src/main.o
 .debug_macro   0x000323e2       0x1c ./Core/Src/main.o
 .debug_macro   0x000323fe       0x16 ./Core/Src/main.o
 .debug_macro   0x00032414      0x146 ./Core/Src/main.o
 .debug_macro   0x0003255a      0x12a ./Core/Src/main.o
 .debug_macro   0x00032684      0x2cf ./Core/Src/motor_control.o
 .debug_macro   0x00032953      0x312 ./Core/Src/stm32u5xx_hal_msp.o
 .debug_macro   0x00032c65      0x2b3 ./Core/Src/stm32u5xx_hal_timebase_tim.o
 .debug_macro   0x00032f18      0x31c ./Core/Src/stm32u5xx_it.o
 .debug_macro   0x00033234      0x2ba ./Core/Src/system_stm32u5xx.o
 .debug_macro   0x000334ee      0x314 ./Drivers/BSP/STM32U5xx_Nucleo/stm32u5xx_nucleo.o
 .debug_macro   0x00033802       0x22 ./Drivers/BSP/STM32U5xx_Nucleo/stm32u5xx_nucleo.o
 .debug_macro   0x00033824      0x2d7 ./Drivers/STM32U5xx_HAL_Driver/Src/stm32u5xx_hal.o
 .debug_macro   0x00033afb      0x2d7 ./Drivers/STM32U5xx_HAL_Driver/Src/stm32u5xx_hal_adc.o
 .debug_macro   0x00033dd2      0x2b3 ./Drivers/STM32U5xx_HAL_Driver/Src/stm32u5xx_hal_cortex.o
 .debug_macro   0x00034085      0x2cb ./Drivers/STM32U5xx_HAL_Driver/Src/stm32u5xx_hal_exti.o
 .debug_macro   0x00034350      0x2e8 ./Drivers/STM32U5xx_HAL_Driver/Src/stm32u5xx_hal_gpio.o
 .debug_macro   0x00034638      0x37f ./Drivers/STM32U5xx_HAL_Driver/Src/stm32u5xx_hal_i2c.o
 .debug_macro   0x000349b7      0x2b3 ./Drivers/STM32U5xx_HAL_Driver/Src/stm32u5xx_hal_i2c_ex.o
 .debug_macro   0x00034c6a      0x2e5 ./Drivers/STM32U5xx_HAL_Driver/Src/stm32u5xx_hal_icache.o
 .debug_macro   0x00034f4f      0x2de ./Drivers/STM32U5xx_HAL_Driver/Src/stm32u5xx_hal_pwr_ex.o
 .debug_macro   0x0003522d      0x3b9 ./Drivers/STM32U5xx_HAL_Driver/Src/stm32u5xx_hal_rcc.o
 .debug_macro   0x000355e6      0x3dd ./Drivers/STM32U5xx_HAL_Driver/Src/stm32u5xx_hal_rcc_ex.o
 .debug_macro   0x000359c3      0x2bb ./Drivers/STM32U5xx_HAL_Driver/Src/stm32u5xx_hal_tim.o
 .debug_macro   0x00035c7e      0x2b9 ./Drivers/STM32U5xx_HAL_Driver/Src/stm32u5xx_hal_tim_ex.o
 .debug_macro   0x00035f37      0x2de ./Drivers/STM32U5xx_HAL_Driver/Src/stm32u5xx_hal_uart.o

.debug_line     0x00000000    0x1f98f
 .debug_line    0x00000000      0x937 ./Core/Src/i2c.o
 .debug_line    0x00000937      0xc77 ./Core/Src/main.o
 .debug_line    0x000015ae      0x9db ./Core/Src/motor_control.o
 .debug_line    0x00001f89      0xada ./Core/Src/stm32u5xx_hal_msp.o
 .debug_line    0x00002a63      0x975 ./Core/Src/stm32u5xx_hal_timebase_tim.o
 .debug_line    0x000033d8      0xa78 ./Core/Src/stm32u5xx_it.o
 .debug_line    0x00003e50      0xa10 ./Core/Src/system_stm32u5xx.o
 .debug_line    0x00004860       0x79 ./Core/Startup/startup_stm32u575zitxq.o
 .debug_line    0x000048d9      0xd5d ./Drivers/BSP/STM32U5xx_Nucleo/stm32u5xx_nucleo.o
 .debug_line    0x00005636      0xdb5 ./Drivers/STM32U5xx_HAL_Driver/Src/stm32u5xx_hal.o
 .debug_line    0x000063eb     0x287e ./Drivers/STM32U5xx_HAL_Driver/Src/stm32u5xx_hal_adc.o
 .debug_line    0x00008c69      0xf5f ./Drivers/STM32U5xx_HAL_Driver/Src/stm32u5xx_hal_cortex.o
 .debug_line    0x00009bc8      0xd54 ./Drivers/STM32U5xx_HAL_Driver/Src/stm32u5xx_hal_exti.o
 .debug_line    0x0000a91c      0xebe ./Drivers/STM32U5xx_HAL_Driver/Src/stm32u5xx_hal_gpio.o
 .debug_line    0x0000b7da     0x3c1a ./Drivers/STM32U5xx_HAL_Driver/Src/stm32u5xx_hal_i2c.o
 .debug_line    0x0000f3f4      0xb5c ./Drivers/STM32U5xx_HAL_Driver/Src/stm32u5xx_hal_i2c_ex.o
 .debug_line    0x0000ff50      0xc02 ./Drivers/STM32U5xx_HAL_Driver/Src/stm32u5xx_hal_icache.o
 .debug_line    0x00010b52     0x128a ./Drivers/STM32U5xx_HAL_Driver/Src/stm32u5xx_hal_pwr_ex.o
 .debug_line    0x00011ddc     0x179c ./Drivers/STM32U5xx_HAL_Driver/Src/stm32u5xx_hal_rcc.o
 .debug_line    0x00013578     0x23c7 ./Drivers/STM32U5xx_HAL_Driver/Src/stm32u5xx_hal_rcc_ex.o
 .debug_line    0x0001593f     0x4763 ./Drivers/STM32U5xx_HAL_Driver/Src/stm32u5xx_hal_tim.o
 .debug_line    0x0001a0a2     0x2364 ./Drivers/STM32U5xx_HAL_Driver/Src/stm32u5xx_hal_tim_ex.o
 .debug_line    0x0001c406     0x3589 ./Drivers/STM32U5xx_HAL_Driver/Src/stm32u5xx_hal_uart.o

.debug_str      0x00000000   0x160226
 .debug_str     0x00000000   0x160226 ./Core/Src/i2c.o
                             0x1540bd (size before relaxing)
 .debug_str     0x00160226   0x156791 ./Core/Src/main.o
 .debug_str     0x00160226   0x1548f6 ./Core/Src/motor_control.o
 .debug_str     0x00160226   0x1561c2 ./Core/Src/stm32u5xx_hal_msp.o
 .debug_str     0x00160226   0x155067 ./Core/Src/stm32u5xx_hal_timebase_tim.o
 .debug_str     0x00160226   0x1555af ./Core/Src/stm32u5xx_it.o
 .debug_str     0x00160226   0x1542c5 ./Core/Src/system_stm32u5xx.o
 .debug_str     0x00160226       0x61 ./Core/Startup/startup_stm32u575zitxq.o
 .debug_str     0x00160226   0x1563d1 ./Drivers/BSP/STM32U5xx_Nucleo/stm32u5xx_nucleo.o
 .debug_str     0x00160226   0x15513b ./Drivers/STM32U5xx_HAL_Driver/Src/stm32u5xx_hal.o
 .debug_str     0x00160226   0x1555c0 ./Drivers/STM32U5xx_HAL_Driver/Src/stm32u5xx_hal_adc.o
 .debug_str     0x00160226   0x154f0a ./Drivers/STM32U5xx_HAL_Driver/Src/stm32u5xx_hal_cortex.o
 .debug_str     0x00160226   0x15423d ./Drivers/STM32U5xx_HAL_Driver/Src/stm32u5xx_hal_exti.o
 .debug_str     0x00160226   0x1542ea ./Drivers/STM32U5xx_HAL_Driver/Src/stm32u5xx_hal_gpio.o
 .debug_str     0x00160226   0x155513 ./Drivers/STM32U5xx_HAL_Driver/Src/stm32u5xx_hal_i2c.o
 .debug_str     0x00160226   0x1546fb ./Drivers/STM32U5xx_HAL_Driver/Src/stm32u5xx_hal_i2c_ex.o
 .debug_str     0x00160226   0x1545e7 ./Drivers/STM32U5xx_HAL_Driver/Src/stm32u5xx_hal_icache.o
 .debug_str     0x00160226   0x154a05 ./Drivers/STM32U5xx_HAL_Driver/Src/stm32u5xx_hal_pwr_ex.o
 .debug_str     0x00160226   0x1559ba ./Drivers/STM32U5xx_HAL_Driver/Src/stm32u5xx_hal_rcc.o
 .debug_str     0x00160226   0x156c1d ./Drivers/STM32U5xx_HAL_Driver/Src/stm32u5xx_hal_rcc_ex.o
 .debug_str     0x00160226   0x155708 ./Drivers/STM32U5xx_HAL_Driver/Src/stm32u5xx_hal_tim.o
 .debug_str     0x00160226   0x155580 ./Drivers/STM32U5xx_HAL_Driver/Src/stm32u5xx_hal_tim_ex.o
 .debug_str     0x00160226   0x154f8c ./Drivers/STM32U5xx_HAL_Driver/Src/stm32u5xx_hal_uart.o

.comment        0x00000000       0x43
 .comment       0x00000000       0x43 ./Core/Src/i2c.o
                                 0x44 (size before relaxing)
 .comment       0x00000043       0x44 ./Core/Src/main.o
 .comment       0x00000043       0x44 ./Core/Src/motor_control.o
 .comment       0x00000043       0x44 ./Core/Src/stm32u5xx_hal_msp.o
 .comment       0x00000043       0x44 ./Core/Src/stm32u5xx_hal_timebase_tim.o
 .comment       0x00000043       0x44 ./Core/Src/stm32u5xx_it.o
 .comment       0x00000043       0x44 ./Core/Src/system_stm32u5xx.o
 .comment       0x00000043       0x44 ./Drivers/BSP/STM32U5xx_Nucleo/stm32u5xx_nucleo.o
 .comment       0x00000043       0x44 ./Drivers/STM32U5xx_HAL_Driver/Src/stm32u5xx_hal.o
 .comment       0x00000043       0x44 ./Drivers/STM32U5xx_HAL_Driver/Src/stm32u5xx_hal_adc.o
 .comment       0x00000043       0x44 ./Drivers/STM32U5xx_HAL_Driver/Src/stm32u5xx_hal_cortex.o
 .comment       0x00000043       0x44 ./Drivers/STM32U5xx_HAL_Driver/Src/stm32u5xx_hal_exti.o
 .comment       0x00000043       0x44 ./Drivers/STM32U5xx_HAL_Driver/Src/stm32u5xx_hal_gpio.o
 .comment       0x00000043       0x44 ./Drivers/STM32U5xx_HAL_Driver/Src/stm32u5xx_hal_i2c.o
 .comment       0x00000043       0x44 ./Drivers/STM32U5xx_HAL_Driver/Src/stm32u5xx_hal_i2c_ex.o
 .comment       0x00000043       0x44 ./Drivers/STM32U5xx_HAL_Driver/Src/stm32u5xx_hal_icache.o
 .comment       0x00000043       0x44 ./Drivers/STM32U5xx_HAL_Driver/Src/stm32u5xx_hal_pwr_ex.o
 .comment       0x00000043       0x44 ./Drivers/STM32U5xx_HAL_Driver/Src/stm32u5xx_hal_rcc.o
 .comment       0x00000043       0x44 ./Drivers/STM32U5xx_HAL_Driver/Src/stm32u5xx_hal_rcc_ex.o
 .comment       0x00000043       0x44 ./Drivers/STM32U5xx_HAL_Driver/Src/stm32u5xx_hal_tim.o
 .comment       0x00000043       0x44 ./Drivers/STM32U5xx_HAL_Driver/Src/stm32u5xx_hal_tim_ex.o
 .comment       0x00000043       0x44 ./Drivers/STM32U5xx_HAL_Driver/Src/stm32u5xx_hal_uart.o

.debug_frame    0x00000000     0x6bb8
 .debug_frame   0x00000000       0x70 ./Core/Src/i2c.o
 .debug_frame   0x00000070      0x14c ./Core/Src/main.o
 .debug_frame   0x000001bc       0xb8 ./Core/Src/motor_control.o
 .debug_frame   0x00000274      0x140 ./Core/Src/stm32u5xx_hal_msp.o
 .debug_frame   0x000003b4       0x74 ./Core/Src/stm32u5xx_hal_timebase_tim.o
 .debug_frame   0x00000428      0x140 ./Core/Src/stm32u5xx_it.o
 .debug_frame   0x00000568       0x58 ./Core/Src/system_stm32u5xx.o
 .debug_frame   0x000005c0      0x31c ./Drivers/BSP/STM32U5xx_Nucleo/stm32u5xx_nucleo.o
 .debug_frame   0x000008dc      0x500 ./Drivers/STM32U5xx_HAL_Driver/Src/stm32u5xx_hal.o
 .debug_frame   0x00000ddc      0xb94 ./Drivers/STM32U5xx_HAL_Driver/Src/stm32u5xx_hal_adc.o
 .debug_frame   0x00001970      0x560 ./Drivers/STM32U5xx_HAL_Driver/Src/stm32u5xx_hal_cortex.o
 .debug_frame   0x00001ed0      0x1c4 ./Drivers/STM32U5xx_HAL_Driver/Src/stm32u5xx_hal_exti.o
 .debug_frame   0x00002094      0x1ec ./Drivers/STM32U5xx_HAL_Driver/Src/stm32u5xx_hal_gpio.o
 .debug_frame   0x00002280      0xc44 ./Drivers/STM32U5xx_HAL_Driver/Src/stm32u5xx_hal_i2c.o
 .debug_frame   0x00002ec4      0x150 ./Drivers/STM32U5xx_HAL_Driver/Src/stm32u5xx_hal_i2c_ex.o
 .debug_frame   0x00003014      0x298 ./Drivers/STM32U5xx_HAL_Driver/Src/stm32u5xx_hal_icache.o
 .debug_frame   0x000032ac      0x84c ./Drivers/STM32U5xx_HAL_Driver/Src/stm32u5xx_hal_pwr_ex.o
 .debug_frame   0x00003af8      0x288 ./Drivers/STM32U5xx_HAL_Driver/Src/stm32u5xx_hal_rcc.o
 .debug_frame   0x00003d80      0x5f0 ./Drivers/STM32U5xx_HAL_Driver/Src/stm32u5xx_hal_rcc_ex.o
 .debug_frame   0x00004370     0x125c ./Drivers/STM32U5xx_HAL_Driver/Src/stm32u5xx_hal_tim.o
 .debug_frame   0x000055cc      0xab8 ./Drivers/STM32U5xx_HAL_Driver/Src/stm32u5xx_hal_tim_ex.o
 .debug_frame   0x00006084      0xa84 ./Drivers/STM32U5xx_HAL_Driver/Src/stm32u5xx_hal_uart.o
 .debug_frame   0x00006b08       0x20 C:/ST/STM32CubeIDE_1.19.0/STM32CubeIDE/plugins/com.st.stm32cube.ide.mcu.externaltools.gnu-tools-for-stm32.13.3.rel1.win32_1.0.0.202411081344/tools/bin/../lib/gcc/arm-none-eabi/13.3.1/../../../../arm-none-eabi/lib/thumb/v8-m.main+fp/hard\libc_nano.a(libc_a-memset.o)
 .debug_frame   0x00006b28       0x2c C:/ST/STM32CubeIDE_1.19.0/STM32CubeIDE/plugins/com.st.stm32cube.ide.mcu.externaltools.gnu-tools-for-stm32.13.3.rel1.win32_1.0.0.202411081344/tools/bin/../lib/gcc/arm-none-eabi/13.3.1/../../../../arm-none-eabi/lib/thumb/v8-m.main+fp/hard\libc_nano.a(libc_a-init.o)
 .debug_frame   0x00006b54       0x2c C:/ST/STM32CubeIDE_1.19.0/STM32CubeIDE/plugins/com.st.stm32cube.ide.mcu.externaltools.gnu-tools-for-stm32.13.3.rel1.win32_1.0.0.202411081344/tools/bin/../lib/gcc/arm-none-eabi/13.3.1/thumb/v8-m.main+fp/hard\libgcc.a(_aeabi_uldivmod.o)
 .debug_frame   0x00006b80       0x38 C:/ST/STM32CubeIDE_1.19.0/STM32CubeIDE/plugins/com.st.stm32cube.ide.mcu.externaltools.gnu-tools-for-stm32.13.3.rel1.win32_1.0.0.202411081344/tools/bin/../lib/gcc/arm-none-eabi/13.3.1/thumb/v8-m.main+fp/hard\libgcc.a(_udivmoddi4.o)

.debug_line_str
                0x00000000       0x45
 .debug_line_str
                0x00000000       0x45 ./Core/Startup/startup_stm32u575zitxq.o
