../Src/msoe_stm_lcd.c:82:6:LCD_IO_WriteReg	16	static
../Src/msoe_stm_lcd.c:109:6:LCD_IO_WriteData	16	static
../Src/msoe_stm_lcd.c:134:6:LCD_IO_WriteMultipleData	24	static
../Src/msoe_stm_lcd.c:185:6:LCD_Delay	24	static
../Src/msoe_stm_lcd.c:196:6:LCD_GPIO_Config	4	static
../Src/msoe_stm_lcd.c:230:6:LCD_SPI_Config	4	static
../Src/msoe_stm_lcd.c:262:6:LCD_IO_Init	8	static
../Src/msoe_stm_lcd.c:292:6:LCD_clear	16	static
../Src/msoe_stm_lcd.c:315:6:LCD_print_char	32	static
../Src/msoe_stm_lcd.c:334:6:LCD_print_str	32	static
../Src/msoe_stm_lcd.c:357:6:LCD_print_bin8	24	static
../Src/msoe_stm_lcd.c:372:6:LCD_print_bin16	24	static
../Src/msoe_stm_lcd.c:398:6:LCD_print_hex8	24	static
../Src/msoe_stm_lcd.c:431:6:LCD_print_hex16	24	static
../Src/msoe_stm_lcd.c:478:6:LCD_print_hex32	24	static
../Src/msoe_stm_lcd.c:551:5:pwr10	24	static
../Src/msoe_stm_lcd.c:570:6:LCD_print_udec3	32	static
../Src/msoe_stm_lcd.c:602:6:LCD_print_udec5	32	static
../Src/msoe_stm_lcd.c:635:6:LCD_print_udec10	24	static
../Src/msoe_stm_lcd.c:668:6:LCD_print_dec3	32	static
../Src/msoe_stm_lcd.c:712:6:LCD_print_dec5	32	static
../Src/msoe_stm_lcd.c:757:6:LCD_print_dec10	24	static
../Src/msoe_stm_lcd.c:799:7:pwr10f	24	static
../Src/msoe_stm_lcd.c:821:6:LCD_print_float	40	static
../Src/msoe_stm_lcd.c:886:6:LCD_SetCursor	16	static
../Src/msoe_stm_lcd.c:900:6:LCD_print_pixel	16	static
../Src/msoe_stm_lcd.c:912:6:LCD_print_HLine	16	static
../Src/msoe_stm_lcd.c:924:6:LCD_print_VLine	16	static
../Src/msoe_stm_lcd.c:937:6:LCD_print_Line	24	static
../Src/msoe_stm_lcd.c:950:6:LCD_print_Rect	24	static
../Src/msoe_stm_lcd.c:962:6:LCD_print_Circle	16	static
../Src/msoe_stm_lcd.c:975:6:LCD_print_Ellipse	24	static
../Src/msoe_stm_lcd.c:987:6:LCD_print_Bitmap	16	static
