../Src/stm32_adafruit_lcd.c:154:9:BSP_LCD_Init	16	static
../Src/stm32_adafruit_lcd.c:184:10:BSP_LCD_GetXSize	8	static
../Src/stm32_adafruit_lcd.c:194:10:BSP_LCD_GetYSize	8	static
../Src/stm32_adafruit_lcd.c:204:10:BSP_LCD_GetTextColor	4	static
../Src/stm32_adafruit_lcd.c:214:10:BSP_LCD_GetBackColor	4	static
../Src/stm32_adafruit_lcd.c:224:6:BSP_LCD_SetTextColor	16	static
../Src/stm32_adafruit_lcd.c:234:6:BSP_LCD_SetBackColor	16	static
../Src/stm32_adafruit_lcd.c:244:6:BSP_LCD_SetFont	16	static
../Src/stm32_adafruit_lcd.c:254:8:BSP_LCD_GetFont	4	static
../Src/stm32_adafruit_lcd.c:264:6:BSP_LCD_Clear	32	static
../Src/stm32_adafruit_lcd.c:287:6:BSP_LCD_ClearStringLine	32	static
../Src/stm32_adafruit_lcd.c:307:6:BSP_LCD_DisplayChar	16	static
../Src/stm32_adafruit_lcd.c:325:6:BSP_LCD_DisplayStringAt	48	static
../Src/stm32_adafruit_lcd.c:386:6:BSP_LCD_DisplayStringAtLine	16	static
../Src/stm32_adafruit_lcd.c:400:6:BSP_LCD_DrawPixel	16	static
../Src/stm32_adafruit_lcd.c:415:6:BSP_LCD_DrawHLine	32	static
../Src/stm32_adafruit_lcd.c:439:6:BSP_LCD_DrawVLine	32	static
../Src/stm32_adafruit_lcd.c:464:6:BSP_LCD_DrawLine	56	static
../Src/stm32_adafruit_lcd.c:539:6:BSP_LCD_DrawRect	24	static
../Src/stm32_adafruit_lcd.c:557:6:BSP_LCD_DrawCircle	32	static
../Src/stm32_adafruit_lcd.c:607:6:BSP_LCD_DrawPolygon	32	static
../Src/stm32_adafruit_lcd.c:635:6:BSP_LCD_DrawEllipse	56	static
../Src/stm32_adafruit_lcd.c:668:6:BSP_LCD_DrawBitmap	32	static
../Src/stm32_adafruit_lcd.c:704:6:BSP_LCD_FillRect	24	static
../Src/stm32_adafruit_lcd.c:721:6:BSP_LCD_FillCircle	32	static
../Src/stm32_adafruit_lcd.c:769:6:BSP_LCD_FillPolygon	64	static
../Src/stm32_adafruit_lcd.c:837:6:BSP_LCD_FillEllipse	56	static
../Src/stm32_adafruit_lcd.c:868:6:BSP_LCD_DisplayOn	8	static
../Src/stm32_adafruit_lcd.c:878:6:BSP_LCD_DisplayOff	8	static
../Src/stm32_adafruit_lcd.c:894:13:DrawChar	48	static
../Src/stm32_adafruit_lcd.c:967:13:FillTriangle	56	static
../Src/stm32_adafruit_lcd.c:1044:13:SetDisplayWindow	24	static
