../Core/Src/main.c:85:5:main	16	static
../Core/Src/main.c:175:6:SystemClock_Config	128	static
../Core/Src/main.c:222:13:SystemPower_Config	8	static
../Core/Src/main.c:247:13:MX_ADC1_Init	8	static
../Core/Src/main.c:291:13:MX_I2C1_Init	8	static
../Core/Src/main.c:339:13:MX_ICACHE_Init	8	static
../Core/Src/main.c:371:13:MX_TIM2_Init	64	static
../Core/Src/main.c:430:13:MX_GPIO_Init	48	static
../Core/Src/main.c:482:6:HAL_TIM_PeriodElapsedCallback	16	static
../Core/Src/main.c:500:6:Error_Handler	4	static,ignoring_inline_asm
