../Core/Src/main.c:100:13:print	28	static
../Core/Src/main.c:135:5:main	80	static
../Core/Src/main.c:253:6:SystemClock_Config	128	static
../Core/Src/main.c:300:13:SystemPower_Config	8	static
../Core/Src/main.c:324:13:MX_ADC1_Init	40	static
../Core/Src/main.c:385:13:MX_ICACHE_Init	8	static
../Core/Src/main.c:417:13:MX_LPUART1_UART_Init	8	static
../Core/Src/main.c:464:13:MX_USART1_UART_Init	8	static
../Core/Src/main.c:512:13:MX_USART2_UART_Init	8	static
../Core/Src/main.c:560:13:MX_GPIO_Init	24	static
../Core/Src/main.c:588:6:HAL_TIM_PeriodElapsedCallback	16	static
../Core/Src/main.c:606:6:Error_Handler	4	static,ignoring_inline_asm
