../Core/Src/main.c:124:13:print	16	static
../Core/Src/main.c:147:12:Get_ADC	16	static
../Core/Src/main.c:170:6:HAL_ADC_ConvCpltCallback	16	static
../Core/Src/main.c:197:6:bno_enable	16	static
../Core/Src/main.c:215:6:bno_write_units	136	static
../Core/Src/main.c:238:10:bno_read	152	static
../Core/Src/main.c:277:5:bno_read_to_buffer	144	static
../Core/Src/main.c:295:6:print_hex	24	static
../Core/Src/main.c:310:6:HAL_UART_RxCpltCallback	24	static
../Core/Src/main.c:348:13:queue_push	24	static
../Core/Src/main.c:359:13:queue_pop	16	static
../Core/Src/main.c:369:15:nmea_to_deg	32	static
../Core/Src/main.c:379:14:parse_nmea	104	static
../Core/Src/main.c:419:6:check_for_return	8	static
../Core/Src/main.c:445:7:wait_until_return	8	static
../Core/Src/main.c:500:5:main	520	static
../Core/Src/main.c:930:6:SystemClock_Config	128	static
../Core/Src/main.c:977:13:SystemPower_Config	8	static
../Core/Src/main.c:1008:6:HAL_TIM_PeriodElapsedCallback	16	static
../Core/Src/main.c:1026:6:Error_Handler	8	static,ignoring_inline_asm
