../Core/Src/main.c:123:13:print	16	static
../Core/Src/main.c:146:12:Get_ADC	16	static
../Core/Src/main.c:162:6:HAL_ADC_ConvCpltCallback	16	static
../Core/Src/main.c:189:6:bno_enable	16	static
../Core/Src/main.c:207:6:bno_write_units	136	static
../Core/Src/main.c:230:10:bno_read	152	static
../Core/Src/main.c:269:5:bno_read_to_buffer	144	static
../Core/Src/main.c:287:6:print_hex	24	static
../Core/Src/main.c:302:6:HAL_UART_RxCpltCallback	24	static
../Core/Src/main.c:340:13:queue_push	24	static
../Core/Src/main.c:351:13:queue_pop	16	static
../Core/Src/main.c:361:15:nmea_to_deg	32	static
../Core/Src/main.c:371:14:parse_nmea	104	static
../Core/Src/main.c:408:7:check_for_return	8	static
../Core/Src/main.c:425:7:wait_for_return	8	static
../Core/Src/main.c:479:5:main	496	static
../Core/Src/main.c:821:6:SystemClock_Config	128	static
../Core/Src/main.c:868:13:SystemPower_Config	8	static
../Core/Src/main.c:899:6:HAL_TIM_PeriodElapsedCallback	16	static
../Core/Src/main.c:917:6:Error_Handler	8	static,ignoring_inline_asm
