../Core/Src/main.c:91:13:print	16	static
../Core/Src/main.c:110:13:uart_send	16	static
../Core/Src/main.c:115:13:uart_receive	16	static
../Core/Src/main.c:124:12:Get_ADC	16	static
../Core/Src/main.c:140:6:HAL_ADC_ConvCpltCallback	16	static
../Core/Src/main.c:167:6:bno_enable	16	static
../Core/Src/main.c:185:6:bno_write_units	80	static
../Core/Src/main.c:207:10:bno_read	96	static
../Core/Src/main.c:246:5:bno_read_to_buffer	96	static
../Core/Src/main.c:264:6:print_hex	24	static
../Core/Src/main.c:320:5:main	64	static
../Core/Src/main.c:535:6:SystemClock_Config	128	static
../Core/Src/main.c:582:13:SystemPower_Config	8	static
../Core/Src/main.c:613:6:HAL_TIM_PeriodElapsedCallback	16	static
../Core/Src/main.c:631:6:Error_Handler	8	static,ignoring_inline_asm
