../Core/Src/main.c:145:13:print	16	static
../Core/Src/main.c:168:12:Get_ADC	16	static
../Core/Src/main.c:184:6:HAL_ADC_ConvCpltCallback	16	static
../Core/Src/main.c:211:6:bno_enable	16	static
../Core/Src/main.c:229:6:bno_write_units	136	static
../Core/Src/main.c:251:10:bno_read	152	static
../Core/Src/main.c:290:5:bno_read_to_buffer	144	static
../Core/Src/main.c:308:6:print_hex	24	static
../Core/Src/main.c:323:6:HAL_UART_RxCpltCallback	24	static
../Core/Src/main.c:361:13:queue_push	24	static
../Core/Src/main.c:372:13:queue_pop	16	static
../Core/Src/main.c:382:15:nmea_to_deg	32	static
../Core/Src/main.c:392:14:parse_nmea	104	static
../Core/Src/main.c:429:7:check_for_return	8	static
../Core/Src/main.c:447:7:wait_for_return	8	static
../Core/Src/main.c:502:5:main	480	static
../Core/Src/main.c:799:6:SystemClock_Config	128	static
../Core/Src/main.c:846:13:SystemPower_Config	8	static
../Core/Src/main.c:877:6:HAL_TIM_PeriodElapsedCallback	16	static
../Core/Src/main.c:895:6:Error_Handler	8	static,ignoring_inline_asm
