../Core/Src/main.c:136:13:print	16	static
../Core/Src/main.c:155:13:uart_send	16	static
../Core/Src/main.c:160:13:uart_receive	16	static
../Core/Src/main.c:169:12:Get_ADC	16	static
../Core/Src/main.c:185:6:HAL_ADC_ConvCpltCallback	16	static
../Core/Src/main.c:212:6:bno_enable	16	static
../Core/Src/main.c:230:6:bno_write_units	136	static
../Core/Src/main.c:252:10:bno_read	152	static
../Core/Src/main.c:291:5:bno_read_to_buffer	144	static
../Core/Src/main.c:309:6:print_hex	24	static
../Core/Src/main.c:324:6:HAL_UART_RxCpltCallback	24	static
../Core/Src/main.c:362:13:queue_push	24	static
../Core/Src/main.c:373:13:queue_pop	16	static
../Core/Src/main.c:383:15:nmea_to_deg	32	static
../Core/Src/main.c:393:14:parse_nmea	104	static
../Core/Src/main.c:471:5:main	368	static
../Core/Src/main.c:688:6:SystemClock_Config	128	static
../Core/Src/main.c:735:13:SystemPower_Config	8	static
../Core/Src/main.c:766:6:HAL_TIM_PeriodElapsedCallback	16	static
../Core/Src/main.c:784:6:Error_Handler	8	static,ignoring_inline_asm
