../Core/Src/main.c:130:13:print	16	static
../Core/Src/main.c:153:12:Get_ADC	16	static
../Core/Src/main.c:176:6:HAL_ADC_ConvCpltCallback	16	static
../Core/Src/main.c:203:6:bno_enable	16	static
../Core/Src/main.c:221:6:bno_write_units	136	static
../Core/Src/main.c:244:10:bno_read	152	static
../Core/Src/main.c:283:5:bno_read_to_buffer	144	static
../Core/Src/main.c:301:6:print_hex	24	static
../Core/Src/main.c:316:6:HAL_UART_RxCpltCallback	24	static
../Core/Src/main.c:354:13:queue_push	24	static
../Core/Src/main.c:365:13:queue_pop	16	static
../Core/Src/main.c:375:15:nmea_to_deg	32	static
../Core/Src/main.c:385:14:parse_nmea	104	static
../Core/Src/main.c:425:6:check_for_return	8	static
../Core/Src/main.c:451:7:wait_until_return	8	static
../Core/Src/main.c:506:5:main	520	static
../Core/Src/main.c:986:6:SystemClock_Config	128	static
../Core/Src/main.c:1033:13:SystemPower_Config	8	static
../Core/Src/main.c:1064:6:HAL_TIM_PeriodElapsedCallback	16	static
../Core/Src/main.c:1082:6:Error_Handler	8	static,ignoring_inline_asm
