../Core/Src/main.c:129:13:print	16	static
../Core/Src/main.c:152:12:Get_ADC	16	static
../Core/Src/main.c:168:6:HAL_ADC_ConvCpltCallback	16	static
../Core/Src/main.c:195:6:bno_enable	16	static
../Core/Src/main.c:213:6:bno_write_units	136	static
../Core/Src/main.c:235:10:bno_read	152	static
../Core/Src/main.c:274:5:bno_read_to_buffer	144	static
../Core/Src/main.c:292:6:print_hex	24	static
../Core/Src/main.c:307:6:HAL_UART_RxCpltCallback	24	static
../Core/Src/main.c:345:13:queue_push	24	static
../Core/Src/main.c:356:13:queue_pop	16	static
../Core/Src/main.c:366:15:nmea_to_deg	32	static
../Core/Src/main.c:376:14:parse_nmea	104	static
../Core/Src/main.c:413:7:check_for_return	8	static
../Core/Src/main.c:430:7:wait_for_return	8	static
../Core/Src/main.c:484:5:main	488	static
../Core/Src/main.c:812:6:SystemClock_Config	128	static
../Core/Src/main.c:859:13:SystemPower_Config	8	static
../Core/Src/main.c:890:6:HAL_TIM_PeriodElapsedCallback	16	static
../Core/Src/main.c:908:6:Error_Handler	8	static,ignoring_inline_asm
