../Core/Src/main.c:141:13:print	1
../Core/Src/main.c:164:12:Get_ADC	1
../Core/Src/main.c:180:6:HAL_ADC_ConvCpltCallback	1
../Core/Src/main.c:207:6:bno_enable	1
../Core/Src/main.c:225:6:bno_write_units	1
../Core/Src/main.c:247:10:bno_read	1
../Core/Src/main.c:286:5:bno_read_to_buffer	2
../Core/Src/main.c:304:6:print_hex	4
../Core/Src/main.c:319:6:HAL_UART_RxCpltCallback	7
../Core/Src/main.c:357:13:queue_push	2
../Core/Src/main.c:368:13:queue_pop	2
../Core/Src/main.c:378:15:nmea_to_deg	3
../Core/Src/main.c:388:14:parse_nmea	19
../Core/Src/main.c:426:7:check_for_return	1
../Core/Src/main.c:471:5:main	25
../Core/Src/main.c:731:6:SystemClock_Config	4
../Core/Src/main.c:778:13:SystemPower_Config	2
../Core/Src/main.c:809:6:HAL_TIM_PeriodElapsedCallback	2
../Core/Src/main.c:827:6:Error_Handler	1
