../Core/Src/main.c:98:13:print	16	static
../Core/Src/main.c:117:13:uart_send	16	static
../Core/Src/main.c:121:13:uart_receive	16	static
../Core/Src/main.c:129:12:Get_ADC	16	static
../Core/Src/main.c:145:6:HAL_ADC_ConvCpltCallback	16	static
../Core/Src/main.c:172:6:bno_enable	16	static
../Core/Src/main.c:190:6:bno_write_units	72	static
../Core/Src/main.c:212:10:bno_read	280	static
../Core/Src/main.c:251:5:bno_read_to_buffer	272	static
../Core/Src/main.c:269:6:print_hex	24	static
../Core/Src/main.c:325:5:main	232	static
../Core/Src/main.c:549:6:SystemClock_Config	128	static
../Core/Src/main.c:596:13:SystemPower_Config	8	static
../Core/Src/main.c:627:6:HAL_TIM_PeriodElapsedCallback	16	static
../Core/Src/main.c:645:6:Error_Handler	8	static,ignoring_inline_asm
