../Core/Src/main.c:132:13:print	16	static
../Core/Src/main.c:155:12:Get_ADC	16	static
../Core/Src/main.c:178:6:HAL_ADC_ConvCpltCallback	16	static
../Core/Src/main.c:205:6:bno_enable	16	static
../Core/Src/main.c:223:6:bno_write_units	136	static
../Core/Src/main.c:246:10:bno_read	152	static
../Core/Src/main.c:285:5:bno_read_to_buffer	144	static
../Core/Src/main.c:303:6:print_hex	24	static
../Core/Src/main.c:318:6:HAL_UART_RxCpltCallback	24	static
../Core/Src/main.c:356:13:queue_push	24	static
../Core/Src/main.c:367:13:queue_pop	16	static
../Core/Src/main.c:377:15:nmea_to_deg	32	static
../Core/Src/main.c:387:14:parse_nmea	104	static
../Core/Src/main.c:427:6:check_for_return	8	static
../Core/Src/main.c:453:7:wait_until_return	8	static
../Core/Src/main.c:508:5:main	520	static
../Core/Src/main.c:1031:6:SystemClock_Config	128	static
../Core/Src/main.c:1078:13:SystemPower_Config	8	static
../Core/Src/main.c:1109:6:HAL_TIM_PeriodElapsedCallback	16	static
../Core/Src/main.c:1127:6:Error_Handler	8	static,ignoring_inline_asm
