../Core/Src/main.c:94:13:print	16	static
../Core/Src/main.c:112:12:Get_ADC	16	static
../Core/Src/main.c:128:6:HAL_ADC_ConvCpltCallback	16	static
../Core/Src/main.c:132:6:bno_enable	80	static
../Core/Src/main.c:146:6:bno_write_units	80	static
../Core/Src/main.c:165:10:bno_read	64	static
../Core/Src/main.c:205:5:bno_read_to_buffer	56	static
../Core/Src/main.c:223:6:print_hex	24	static
../Core/Src/main.c:279:5:main	224	static
../Core/Src/main.c:480:6:SystemClock_Config	128	static
../Core/Src/main.c:527:13:SystemPower_Config	8	static
../Core/Src/main.c:558:6:HAL_TIM_PeriodElapsedCallback	16	static
../Core/Src/main.c:576:6:Error_Handler	8	static,ignoring_inline_asm
