../Core/Src/main.c:100:13:print	1
../Core/Src/main.c:135:5:main	1
../Core/Src/main.c:253:6:SystemClock_Config	4
../Core/Src/main.c:300:13:SystemPower_Config	2
../Core/Src/main.c:324:13:MX_ADC1_Init	3
../Core/Src/main.c:385:13:MX_ICACHE_Init	3
../Core/Src/main.c:417:13:MX_LPUART1_UART_Init	5
../Core/Src/main.c:464:13:MX_USART1_UART_Init	5
../Core/Src/main.c:512:13:MX_USART2_UART_Init	5
../Core/Src/main.c:560:13:MX_GPIO_Init	1
../Core/Src/main.c:588:6:HAL_TIM_PeriodElapsedCallback	2
../Core/Src/main.c:606:6:Error_Handler	1
