../Core/Src/main.c:141:13:print	16	static
../Core/Src/main.c:164:12:Get_ADC	16	static
../Core/Src/main.c:180:6:HAL_ADC_ConvCpltCallback	16	static
../Core/Src/main.c:207:6:bno_enable	16	static
../Core/Src/main.c:225:6:bno_write_units	136	static
../Core/Src/main.c:247:10:bno_read	152	static
../Core/Src/main.c:286:5:bno_read_to_buffer	144	static
../Core/Src/main.c:304:6:print_hex	24	static
../Core/Src/main.c:319:6:HAL_UART_RxCpltCallback	24	static
../Core/Src/main.c:357:13:queue_push	24	static
../Core/Src/main.c:368:13:queue_pop	16	static
../Core/Src/main.c:378:15:nmea_to_deg	32	static
../Core/Src/main.c:388:14:parse_nmea	104	static
../Core/Src/main.c:426:7:check_for_return	4	static
../Core/Src/main.c:471:5:main	408	static
../Core/Src/main.c:731:6:SystemClock_Config	128	static
../Core/Src/main.c:778:13:SystemPower_Config	8	static
../Core/Src/main.c:809:6:HAL_TIM_PeriodElapsedCallback	16	static
../Core/Src/main.c:827:6:Error_Handler	8	static,ignoring_inline_asm
