../Core/Src/main.c:100:13:print	16	static
../Core/Src/main.c:119:13:uart_send	16	static
../Core/Src/main.c:124:13:uart_receive	16	static
../Core/Src/main.c:133:12:Get_ADC	16	static
../Core/Src/main.c:149:6:HAL_ADC_ConvCpltCallback	16	static
../Core/Src/main.c:176:6:bno_enable	16	static
../Core/Src/main.c:194:6:bno_write_units	80	static
../Core/Src/main.c:216:10:bno_read	96	static
../Core/Src/main.c:255:5:bno_read_to_buffer	96	static
../Core/Src/main.c:273:6:print_hex	24	static
../Core/Src/main.c:329:5:main	88	static
../Core/Src/main.c:517:6:SystemClock_Config	128	static
../Core/Src/main.c:564:13:SystemPower_Config	8	static
../Core/Src/main.c:595:6:HAL_TIM_PeriodElapsedCallback	16	static
../Core/Src/main.c:613:6:Error_Handler	8	static,ignoring_inline_asm
