Archive member included to satisfy reference by file (symbol)

C:/ST/STM32CubeIDE_1.19.0/STM32CubeIDE/plugins/com.st.stm32cube.ide.mcu.externaltools.gnu-tools-for-stm32.13.3.rel1.win32_1.0.0.202411081344/tools/bin/../lib/gcc/arm-none-eabi/13.3.1/../../../../arm-none-eabi/lib/thumb/v8-m.main+fp/hard\libc_nano.a(libc_a-atof.o)
                              ./Core/Src/m_gps.o (atof)
C:/ST/STM32CubeIDE_1.19.0/STM32CubeIDE/plugins/com.st.stm32cube.ide.mcu.externaltools.gnu-tools-for-stm32.13.3.rel1.win32_1.0.0.202411081344/tools/bin/../lib/gcc/arm-none-eabi/13.3.1/../../../../arm-none-eabi/lib/thumb/v8-m.main+fp/hard\libc_nano.a(libc_a-atoi.o)
                              ./Core/Src/m_gps.o (atoi)
C:/ST/STM32CubeIDE_1.19.0/STM32CubeIDE/plugins/com.st.stm32cube.ide.mcu.externaltools.gnu-tools-for-stm32.13.3.rel1.win32_1.0.0.202411081344/tools/bin/../lib/gcc/arm-none-eabi/13.3.1/../../../../arm-none-eabi/lib/thumb/v8-m.main+fp/hard\libc_nano.a(libc_a-exit.o)
                              C:/ST/STM32CubeIDE_1.19.0/STM32CubeIDE/plugins/com.st.stm32cube.ide.mcu.externaltools.gnu-tools-for-stm32.13.3.rel1.win32_1.0.0.202411081344/tools/bin/../lib/gcc/arm-none-eabi/13.3.1/../../../../arm-none-eabi/lib/thumb/v8-m.main+fp/hard/crt0.o (exit)
C:/ST/STM32CubeIDE_1.19.0/STM32CubeIDE/plugins/com.st.stm32cube.ide.mcu.externaltools.gnu-tools-for-stm32.13.3.rel1.win32_1.0.0.202411081344/tools/bin/../lib/gcc/arm-none-eabi/13.3.1/../../../../arm-none-eabi/lib/thumb/v8-m.main+fp/hard\libc_nano.a(libc_a-strtod.o)
                              C:/ST/STM32CubeIDE_1.19.0/STM32CubeIDE/plugins/com.st.stm32cube.ide.mcu.externaltools.gnu-tools-for-stm32.13.3.rel1.win32_1.0.0.202411081344/tools/bin/../lib/gcc/arm-none-eabi/13.3.1/../../../../arm-none-eabi/lib/thumb/v8-m.main+fp/hard\libc_nano.a(libc_a-atof.o) (strtod)
C:/ST/STM32CubeIDE_1.19.0/STM32CubeIDE/plugins/com.st.stm32cube.ide.mcu.externaltools.gnu-tools-for-stm32.13.3.rel1.win32_1.0.0.202411081344/tools/bin/../lib/gcc/arm-none-eabi/13.3.1/../../../../arm-none-eabi/lib/thumb/v8-m.main+fp/hard\libc_nano.a(libc_a-strtol.o)
                              C:/ST/STM32CubeIDE_1.19.0/STM32CubeIDE/plugins/com.st.stm32cube.ide.mcu.externaltools.gnu-tools-for-stm32.13.3.rel1.win32_1.0.0.202411081344/tools/bin/../lib/gcc/arm-none-eabi/13.3.1/../../../../arm-none-eabi/lib/thumb/v8-m.main+fp/hard\libc_nano.a(libc_a-atoi.o) (_strtol_r)
C:/ST/STM32CubeIDE_1.19.0/STM32CubeIDE/plugins/com.st.stm32cube.ide.mcu.externaltools.gnu-tools-for-stm32.13.3.rel1.win32_1.0.0.202411081344/tools/bin/../lib/gcc/arm-none-eabi/13.3.1/../../../../arm-none-eabi/lib/thumb/v8-m.main+fp/hard\libc_nano.a(libc_a-ctype_.o)
                              C:/ST/STM32CubeIDE_1.19.0/STM32CubeIDE/plugins/com.st.stm32cube.ide.mcu.externaltools.gnu-tools-for-stm32.13.3.rel1.win32_1.0.0.202411081344/tools/bin/../lib/gcc/arm-none-eabi/13.3.1/../../../../arm-none-eabi/lib/thumb/v8-m.main+fp/hard\libc_nano.a(libc_a-strtol.o) (_ctype_)
C:/ST/STM32CubeIDE_1.19.0/STM32CubeIDE/plugins/com.st.stm32cube.ide.mcu.externaltools.gnu-tools-for-stm32.13.3.rel1.win32_1.0.0.202411081344/tools/bin/../lib/gcc/arm-none-eabi/13.3.1/../../../../arm-none-eabi/lib/thumb/v8-m.main+fp/hard\libc_nano.a(libc_a-findfp.o)
                              C:/ST/STM32CubeIDE_1.19.0/STM32CubeIDE/plugins/com.st.stm32cube.ide.mcu.externaltools.gnu-tools-for-stm32.13.3.rel1.win32_1.0.0.202411081344/tools/bin/../lib/gcc/arm-none-eabi/13.3.1/../../../../arm-none-eabi/lib/thumb/v8-m.main+fp/hard\libc_nano.a(libc_a-exit.o) (__stdio_exit_handler)
C:/ST/STM32CubeIDE_1.19.0/STM32CubeIDE/plugins/com.st.stm32cube.ide.mcu.externaltools.gnu-tools-for-stm32.13.3.rel1.win32_1.0.0.202411081344/tools/bin/../lib/gcc/arm-none-eabi/13.3.1/../../../../arm-none-eabi/lib/thumb/v8-m.main+fp/hard\libc_nano.a(libc_a-fwalk.o)
                              C:/ST/STM32CubeIDE_1.19.0/STM32CubeIDE/plugins/com.st.stm32cube.ide.mcu.externaltools.gnu-tools-for-stm32.13.3.rel1.win32_1.0.0.202411081344/tools/bin/../lib/gcc/arm-none-eabi/13.3.1/../../../../arm-none-eabi/lib/thumb/v8-m.main+fp/hard\libc_nano.a(libc_a-findfp.o) (_fwalk_sglue)
C:/ST/STM32CubeIDE_1.19.0/STM32CubeIDE/plugins/com.st.stm32cube.ide.mcu.externaltools.gnu-tools-for-stm32.13.3.rel1.win32_1.0.0.202411081344/tools/bin/../lib/gcc/arm-none-eabi/13.3.1/../../../../arm-none-eabi/lib/thumb/v8-m.main+fp/hard\libc_nano.a(libc_a-snprintf.o)
                              ./Core/Src/m_gps.o (snprintf)
C:/ST/STM32CubeIDE_1.19.0/STM32CubeIDE/plugins/com.st.stm32cube.ide.mcu.externaltools.gnu-tools-for-stm32.13.3.rel1.win32_1.0.0.202411081344/tools/bin/../lib/gcc/arm-none-eabi/13.3.1/../../../../arm-none-eabi/lib/thumb/v8-m.main+fp/hard\libc_nano.a(libc_a-stdio.o)
[...]
Memory Configuration

Name             Origin             Length             Attributes
RAM              0x20000000         0x000c0000         xrw
SRAM4            0x28000000         0x00004000         xrw
FLASH            0x08000000         0x00200000         xr
*default*        0x00000000         0xffffffff

Linker script and memory map

LOAD C:/ST/STM32CubeIDE_1.19.0/STM32CubeIDE/plugins/com.st.stm32cube.ide.mcu.externaltools.gnu-tools-for-stm32.13.3.rel1.win32_1.0.0.202411081344/tools/bin/../lib/gcc/arm-none-eabi/13.3.1/thumb/v8-m.main+fp/hard/crti.o
LOAD C:/ST/STM32CubeIDE_1.19.0/STM32CubeIDE/plugins/com.st.stm32cube.ide.mcu.externaltools.gnu-tools-for-stm32.13.3.rel1.win32_1.0.0.202411081344/tools/bin/../lib/gcc/arm-none-eabi/13.3.1/thumb/v8-m.main+fp/hard/crtbegin.o
LOAD C:/ST/STM32CubeIDE_1.19.0/STM32CubeIDE/plugins/com.st.stm32cube.ide.mcu.externaltools.gnu-tools-for-stm32.13.3.rel1.win32_1.0.0.202411081344/tools/bin/../lib/gcc/arm-none-eabi/13.3.1/../../../../arm-none-eabi/lib/thumb/v8-m.main+fp/hard/crt0.o
LOAD ./Core/Src/adc.o
LOAD ./Core/Src/gpio.o
LOAD ./Core/Src/icache.o
LOAD ./Core/Src/m_gps.o
LOAD ./Core/Src/main.o
LOAD ./Core/Src/stm32u5xx_hal_msp.o
LOAD ./Core/Src/stm32u5xx_hal_timebase_tim.o
LOAD ./Core/Src/stm32u5xx_it.o
LOAD ./Core/Src/syscalls.o
LOAD ./Core/Src/sysmem.o
LOAD ./Core/Src/system_stm32u5xx.o
LOAD ./Core/Src/tim.o
LOAD ./Core/Src/usart.o
LOAD ./Core/Startup/startup_stm32u575zitxq.o
LOAD ./Drivers/BSP/STM32U5xx_Nucleo/stm32u5xx_nucleo.o
LOAD ./Drivers/STM32U5xx_HAL_Driver/Src/stm32u5xx_hal.o
LOAD ./Drivers/STM32U5xx_HAL_Driver/Src/stm32u5xx_hal_adc.o
LOAD ./Drivers/STM32U5xx_HAL_Driver/Src/stm32u5xx_hal_adc_ex.o
LOAD ./Drivers/STM32U5xx_HAL_Driver/Src/stm32u5xx_hal_cortex.o
LOAD ./Drivers/STM32U5xx_HAL_Driver/Src/stm32u5xx_hal_dma.o
LOAD ./Drivers/STM32U5xx_HAL_Driver/Src/stm32u5xx_hal_dma_ex.o
LOAD ./Drivers/STM32U5xx_HAL_Driver/Src/stm32u5xx_hal_exti.o
LOAD ./Drivers/STM32U5xx_HAL_Driver/Src/stm32u5xx_hal_flash.o
LOAD ./Drivers/STM32U5xx_HAL_Driver/Src/stm32u5xx_hal_flash_ex.o
LOAD ./Drivers/STM32U5xx_HAL_Driver/Src/stm32u5xx_hal_gpio.o
LOAD ./Drivers/STM32U5xx_HAL_Driver/Src/stm32u5xx_hal_gtzc.o
LOAD ./Drivers/STM32U5xx_HAL_Driver/Src/stm32u5xx_hal_i2c.o
LOAD ./Drivers/STM32U5xx_HAL_Driver/Src/stm32u5xx_hal_i2c_ex.o
LOAD ./Drivers/STM32U5xx_HAL_Driver/Src/stm32u5xx_hal_icache.o
LOAD ./Drivers/STM32U5xx_HAL_Driver/Src/stm32u5xx_hal_pwr.o
LOAD ./Drivers/STM32U5xx_HAL_Driver/Src/stm32u5xx_hal_pwr_ex.o
LOAD ./Drivers/STM32U5xx_HAL_Driver/Src/stm32u5xx_hal_rcc.o
LOAD ./Drivers/STM32U5xx_HAL_Driver/Src/stm32u5xx_hal_rcc_ex.o
LOAD ./Drivers/STM32U5xx_HAL_Driver/Src/stm32u5xx_hal_tim.o
LOAD ./Drivers/STM32U5xx_HAL_Driver/Src/stm32u5xx_hal_tim_ex.o
LOAD ./Drivers/STM32U5xx_HAL_Driver/Src/stm32u5xx_hal_uart.o
LOAD ./Drivers/STM32U5xx_HAL_Driver/Src/stm32u5xx_hal_uart_ex.o
LOAD ./Drivers/STM32U5xx_HAL_Driver/Src/stm32u5xx_hal_usart.o
LOAD ./Drivers/STM32U5xx_HAL_Driver/Src/stm32u5xx_hal_usart_ex.o
START GROUP
LOAD C:/ST/STM32CubeIDE_1.19.0/STM32CubeIDE/plugins/com.st.stm32cube.ide.mcu.externaltools.gnu-tools-for-stm32.13.3.rel1.win32_1.0.0.202411081344/tools/bin/../lib/gcc/arm-none-eabi/13.3.1/../../../../arm-none-eabi/lib/thumb/v8-m.main+fp/hard\libc_nano.a
LOAD C:/ST/STM32CubeIDE_1.19.0/STM32CubeIDE/plugins/com.st.stm32cube.ide.mcu.externaltools.gnu-tools-for-stm32.13.3.rel1.win32_1.0.0.202411081344/tools/bin/../lib/gcc/arm-none-eabi/13.3.1/../../../../arm-none-eabi/lib/thumb/v8-m.main+fp/hard\libm.a
END GROUP
START GROUP
LOAD C:/ST/STM32CubeIDE_1.19.0/STM32CubeIDE/plugins/com.st.stm32cube.ide.mcu.externaltools.gnu-tools-for-stm32.13.3.rel1.win32_1.0.0.202411081344/tools/bin/../lib/gcc/arm-none-eabi/13.3.1/thumb/v8-m.main+fp/hard\libgcc.a
LOAD C:/ST/STM32CubeIDE_1.19.0/STM32CubeIDE/plugins/com.st.stm32cube.ide.mcu.externaltools.gnu-tools-for-stm32.13.3.rel1.win32_1.0.0.202411081344/tools/bin/../lib/gcc/arm-none-eabi/13.3.1/../../../../arm-none-eabi/lib/thumb/v8-m.main+fp/hard\libc_nano.a
END GROUP
START GROUP
LOAD C:/ST/STM32CubeIDE_1.19.0/STM32CubeIDE/plugins/com.st.stm32cube.ide.mcu.externaltools.gnu-tools-for-stm32.13.3.rel1.win32_1.0.0.202411081344/tools/bin/../lib/gcc/arm-none-eabi/13.3.1/thumb/v8-m.main+fp/hard\libgcc.a
LOAD C:/ST/STM32CubeIDE_1.19.0/STM32CubeIDE/plugins/com.st.stm32cube.ide.mcu.externaltools.gnu-tools-for-stm32.13.3.rel1.win32_1.0.0.202411081344/tools/bin/../lib/gcc/arm-none-eabi/13.3.1/../../../../arm-none-eabi/lib/thumb/v8-m.main+fp/hard\libc_nano.a
LOAD C:/ST/STM32CubeIDE_1.19.0/STM32CubeIDE/plugins/com.st.stm32cube.ide.mcu.externaltools.gnu-tools-for-stm32.13.3.rel1.win32_1.0.0.202411081344/tools/bin/../lib/gcc/arm-none-eabi/13.3.1/../../../../arm-none-eabi/lib/thumb/v8-m.main+fp/hard\libnosys.a
END GROUP
START GROUP
LOAD C:/ST/STM32CubeIDE_1.19.0/STM32CubeIDE/plugins/com.st.stm32cube.ide.mcu.externaltools.gnu-tools-for-stm32.13.3.rel1.win32_1.0.0.202411081344/tools/bin/../lib/gcc/arm-none-eabi/13.3.1/thumb/v8-m.main+fp/hard\libgcc.a
LOAD C:/ST/STM32CubeIDE_1.19.0/STM32CubeIDE/plugins/com.st.stm32cube.ide.mcu.externaltools.gnu-tools-for-stm32.13.3.rel1.win32_1.0.0.202411081344/tools/bin/../lib/gcc/arm-none-eabi/13.3.1/../../../../arm-none-eabi/lib/thumb/v8-m.main+fp/hard\libc_nano.a
LOAD C:/ST/STM32CubeIDE_1.19.0/STM32CubeIDE/plugins/com.st.stm32cube.ide.mcu.externaltools.gnu-tools-for-stm32.13.3.rel1.win32_1.0.0.202411081344/tools/bin/../lib/gcc/arm-none-eabi/13.3.1/../../../../arm-none-eabi/lib/thumb/v8-m.main+fp/hard\libnosys.a
END GROUP
LOAD C:/ST/STM32CubeIDE_1.19.0/STM32CubeIDE/plugins/com.st.stm32cube.ide.mcu.externaltools.gnu-tools-for-stm32.13.3.rel1.win32_1.0.0.202411081344/tools/bin/../lib/gcc/arm-none-eabi/13.3.1/thumb/v8-m.main+fp/hard/crtend.o
LOAD C:/ST/STM32CubeIDE_1.19.0/STM32CubeIDE/plugins/com.st.stm32cube.ide.mcu.externaltools.gnu-tools-for-stm32.13.3.rel1.win32_1.0.0.202411081344/tools/bin/../lib/gcc/arm-none-eabi/13.3.1/thumb/v8-m.main+fp/hard/crtn.o
                0x200c0000                        _estack = (ORIGIN (RAM) + LENGTH (RAM))
                0x00000200                        _Min_Heap_Size = 0x200
                0x00000400                        _Min_Stack_Size = 0x400

.isr_vector     0x08000000      0x238
 *(.isr_vector)
 .isr_vector    0x08000000      0x238 ./Core/Startup/startup_stm32u575zitxq.o
                0x08000000                g_pfnVectors

.text           0x08000238     0xc050
 *(.text)
 .text          0x08000238       0x40 C:/ST/STM32CubeIDE_1.19.0/STM32CubeIDE/plugins/com.st.stm32cube.ide.mcu.externaltools.gnu-tools-for-stm32.13.3.rel1.win32_1.0.0.202411081344/tools/bin/../lib/gcc/arm-none-eabi/13.3.1/thumb/v8-m.main+fp/hard/crtbegin.o
 .text          0x08000278       0x10 C:/ST/STM32CubeIDE_1.19.0/STM32CubeIDE/plugins/com.st.stm32cube.ide.mcu.externaltools.gnu-tools-for-stm32.13.3.rel1.win32_1.0.0.202411081344/tools/bin/../lib/gcc/arm-none-eabi/13.3.1/../../../../arm-none-eabi/lib/thumb/v8-m.main+fp/hard\libc_nano.a(libc_a-strlen.o)
                0x08000278                strlen
 .text          0x08000288       0x30 C:/ST/STM32CubeIDE_1.19.0/STM32CubeIDE/plugins/com.st.stm32cube.ide.mcu.externaltools.gnu-tools-for-stm32.13.3.rel1.win32_1.0.0.202411081344/tools/bin/../lib/gcc/arm-none-eabi/13.3.1/thumb/v8-m.main+fp/hard\libgcc.a(_aeabi_uldivmod.o)
                0x08000288                __aeabi_uldivmod
 .text          0x080002b8      0x348 C:/ST/STM32CubeIDE_1.19.0/STM32CubeIDE/plugins/com.st.stm32cube.ide.mcu.externaltools.gnu-tools-for-stm32.13.3.rel1.win32_1.0.0.202411081344/tools/bin/../lib/gcc/arm-none-eabi/13.3.1/thumb/v8-m.main+fp/hard\libgcc.a(_udivmoddi4.o)
                0x080002b8                __udivmoddi4
 .text          0x08000600        0x4 C:/ST/STM32CubeIDE_1.19.0/STM32CubeIDE/plugins/com.st.stm32cube.ide.mcu.externaltools.gnu-tools-for-stm32.13.3.rel1.win32_1.0.0.202411081344/tools/bin/../lib/gcc/arm-none-eabi/13.3.1/thumb/v8-m.main+fp/hard\libgcc.a(_dvmd_tls.o)
                0x08000600                __aeabi_idiv0
                0x08000600                __aeabi_ldiv0
 *(.text*)
 .text.MX_ADC1_Init
                0x08000604       0xd8 ./Core/Src/adc.o
                0x08000604                MX_ADC1_Init
 .text.HAL_ADC_MspInit
                0x080006dc       0xd8 ./Core/Src/adc.o
                0x080006dc                HAL_ADC_MspInit
 .text.MX_GPIO_Init
                0x080007b4      0x19c ./Core/Src/gpio.o
                0x080007b4                MX_GPIO_Init
 .text.MX_ICACHE_Init
                0x08000950       0x26 ./Core/Src/icache.o
                0x08000950                MX_ICACHE_Init
 *fill*         0x08000976        0x2 
 .text.print    0x08000978       0x4c ./Core/Src/main.o
 .text.Get_ADC  0x080009c4       0x38 ./Core/Src/main.o
 .text.HAL_ADC_ConvCpltCallback
                0x080009fc       0x14 ./Core/Src/main.o
                0x080009fc                HAL_ADC_ConvCpltCallback
 .text.bno_enable
                0x08000a10       0x64 ./Core/Src/main.o
                0x08000a10                bno_enable
 .text.bno_read_to_buffer
                0x08000a74       0x9c ./Core/Src/main.o
                0x08000a74                bno_read_to_buffer
 .text.main     0x08000b10      0x2a8 ./Core/Src/main.o
                0x08000b10                main
 .text.SystemClock_Config
                0x08000db8       0x9c ./Core/Src/main.o
                0x08000db8                SystemClock_Config
 .text.SystemPower_Config
                0x08000e54       0x1c ./Core/Src/main.o
 .text.HAL_TIM_PeriodElapsedCallback
                0x08000e70       0x24 ./Core/Src/main.o
                0x08000e70                HAL_TIM_PeriodElapsedCallback
 .text.Error_Handler
                0x08000e94       0x20 ./Core/Src/main.o
                0x08000e94                Error_Handler
 .text.HAL_MspInit
                0x08000eb4       0x3c ./Core/Src/stm32u5xx_hal_msp.o
                0x08000eb4                HAL_MspInit
 .text.HAL_InitTick
                0x08000ef0       0xe0 ./Core/Src/stm32u5xx_hal_timebase_tim.o
                0x08000ef0                HAL_InitTick
 .text.NMI_Handler
                0x08000fd0        0x8 ./Core/Src/stm32u5xx_it.o
                0x08000fd0                NMI_Handler
 .text.HardFault_Handler
                0x08000fd8        0x8 ./Core/Src/stm32u5xx_it.o
                0x08000fd8                HardFault_Handler
 .text.MemManage_Handler
                0x08000fe0        0x8 ./Core/Src/stm32u5xx_it.o
                0x08000fe0                MemManage_Handler
 .text.BusFault_Handler
                0x08000fe8        0x8 ./Core/Src/stm32u5xx_it.o
                0x08000fe8                BusFault_Handler
 .text.UsageFault_Handler
                0x08000ff0        0x8 ./Core/Src/stm32u5xx_it.o
                0x08000ff0                UsageFault_Handler
 .text.SVC_Handler
                0x08000ff8        0xe ./Core/Src/stm32u5xx_it.o
                0x08000ff8                SVC_Handler
 .text.DebugMon_Handler
                0x08001006        0xe ./Core/Src/stm32u5xx_it.o
                0x08001006                DebugMon_Handler
 .text.PendSV_Handler
                0x08001014        0xe ./Core/Src/stm32u5xx_it.o
                0x08001014                PendSV_Handler
 .text.SysTick_Handler
                0x08001022        0xe ./Core/Src/stm32u5xx_it.o
                0x08001022                SysTick_Handler
 .text.EXTI13_IRQHandler
                0x08001030        0xe ./Core/Src/stm32u5xx_it.o
                0x08001030                EXTI13_IRQHandler
 *fill*         0x0800103e        0x2 
 .text.ADC1_IRQHandler
                0x08001040       0x14 ./Core/Src/stm32u5xx_it.o
                0x08001040                ADC1_IRQHandler
 .text.USART1_IRQHandler
                0x08001054       0x14 ./Core/Src/stm32u5xx_it.o
                0x08001054                USART1_IRQHandler
 .text.USART2_IRQHandler
                0x08001068       0x14 ./Core/Src/stm32u5xx_it.o
                0x08001068                USART2_IRQHandler
 .text.USART3_IRQHandler
                0x0800107c       0x14 ./Core/Src/stm32u5xx_it.o
                0x0800107c                USART3_IRQHandler
 .text.LPUART1_IRQHandler
                0x08001090       0x14 ./Core/Src/stm32u5xx_it.o
                0x08001090                LPUART1_IRQHandler
 .text.TIM17_IRQHandler
                0x080010a4       0x14 ./Core/Src/stm32u5xx_it.o
                0x080010a4                TIM17_IRQHandler
 .text._sbrk    0x080010b8       0x6c ./Core/Src/sysmem.o
                0x080010b8                _sbrk
 .text.SystemInit
                0x08001124       0x70 ./Core/Src/system_stm32u5xx.o
                0x08001124                SystemInit
 .text.MX_TIM2_Init
                0x08001194       0xf0 ./Core/Src/tim.o
                0x08001194                MX_TIM2_Init
 .text.HAL_TIM_Base_MspInit
                0x08001284       0x40 ./Core/Src/tim.o
                0x08001284                HAL_TIM_Base_MspInit
 .text.HAL_TIM_MspPostInit
                0x080012c4       0x70 ./Core/Src/tim.o
                0x080012c4                HAL_TIM_MspPostInit
 .text.MX_LPUART1_UART_Init
                0x08001334       0x94 ./Core/Src/usart.o
                0x08001334                MX_LPUART1_UART_Init
 .text.MX_USART1_UART_Init
                0x080013c8       0x98 ./Core/Src/usart.o
                0x080013c8                MX_USART1_UART_Init
 .text.MX_USART2_UART_Init
                0x08001460       0x98 ./Core/Src/usart.o
                0x08001460                MX_USART2_UART_Init
 .text.MX_USART3_UART_Init
                0x080014f8       0x9c ./Core/Src/usart.o
                0x080014f8                MX_USART3_UART_Init
 .text.HAL_UART_MspInit
                0x08001594      0x360 ./Core/Src/usart.o
                0x08001594                HAL_UART_MspInit
 .text.Reset_Handler
                0x080018f4       0x50 ./Core/Startup/startup_stm32u575zitxq.o
                0x080018f4                Reset_Handler
 .text.Default_Handler
                0x08001944        0x2 ./Core/Startup/startup_stm32u575zitxq.o
                0x08001944                EXTI2_IRQHandler
                0x08001944                TIM8_TRG_COM_IRQHandler
                0x08001944                TIM8_CC_IRQHandler
                0x08001944                EXTI5_IRQHandler
                0x08001944                FLASH_S_IRQHandler
                0x08001944                TIM1_CC_IRQHandler
                0x08001944                TSC_IRQHandler
                0x08001944                TAMP_IRQHandler
                0x08001944                TIM6_IRQHandler
                0x08001944                EXTI12_IRQHandler
                0x08001944                CORDIC_IRQHandler
                0x08001944                EXTI3_IRQHandler
                0x08001944                LPTIM4_IRQHandler
                0x08001944                GPDMA1_Channel5_IRQHandler
                0x08001944                EXTI8_IRQHandler
                0x08001944                LPTIM2_IRQHandler
                0x08001944                I2C3_ER_IRQHandler
                0x08001944                PWR_S3WU_IRQHandler
                0x08001944                MDF1_FLT2_IRQHandler
                0x08001944                LPDMA1_Channel3_IRQHandler
                0x08001944                LPTIM3_IRQHandler
                0x08001944                EXTI0_IRQHandler
                0x08001944                I2C2_EV_IRQHandler
                0x08001944                FPU_IRQHandler
                0x08001944                GPDMA1_Channel3_IRQHandler
                0x08001944                GPDMA1_Channel7_IRQHandler
                0x08001944                MDF1_FLT4_IRQHandler
                0x08001944                FDCAN1_IT1_IRQHandler
                0x08001944                RAMCFG_IRQHandler
                0x08001944                GPDMA1_Channel9_IRQHandler
                0x08001944                DCACHE1_IRQHandler
                0x08001944                SPI1_IRQHandler
                0x08001944                OCTOSPI1_IRQHandler
                0x08001944                GPDMA1_Channel2_IRQHandler
                0x08001944                TIM8_UP_IRQHandler
                0x08001944                RCC_S_IRQHandler
                0x08001944                OCTOSPI2_IRQHandler
                0x08001944                SAI2_IRQHandler
                0x08001944                MDF1_FLT1_IRQHandler
                0x08001944                MDF1_FLT5_IRQHandler
                0x08001944                EXTI15_IRQHandler
                0x08001944                RTC_IRQHandler
                0x08001944                EXTI9_IRQHandler
                0x08001944                UART5_IRQHandler
                0x08001944                TIM4_IRQHandler
                0x08001944                I2C1_EV_IRQHandler
                0x08001944                GPDMA1_Channel12_IRQHandler
                0x08001944                GPDMA1_Channel1_IRQHandler
                0x08001944                TIM16_IRQHandler
                0x08001944                GPDMA1_Channel15_IRQHandler
                0x08001944                UART4_IRQHandler
                0x08001944                SecureFault_Handler
                0x08001944                TIM3_IRQHandler
                0x08001944                RCC_IRQHandler
                0x08001944                TIM1_TRG_COM_IRQHandler
                0x08001944                Default_Handler
                0x08001944                GPDMA1_Channel8_IRQHandler
                0x08001944                FMAC_IRQHandler
                0x08001944                GPDMA1_Channel11_IRQHandler
                0x08001944                TIM7_IRQHandler
                0x08001944                SDMMC1_IRQHandler
                0x08001944                TIM5_IRQHandler
                0x08001944                UCPD1_IRQHandler
                0x08001944                GPDMA1_Channel0_IRQHandler
                0x08001944                TIM15_IRQHandler
                0x08001944                I2C3_EV_IRQHandler
                0x08001944                LPDMA1_Channel0_IRQHandler
                0x08001944                PVD_PVM_IRQHandler
                0x08001944                SPI2_IRQHandler
                0x08001944                LPDMA1_Channel1_IRQHandler
                0x08001944                EXTI14_IRQHandler
                0x08001944                EXTI11_IRQHandler
                0x08001944                CRS_IRQHandler
                0x08001944                GPDMA1_Channel14_IRQHandler
                0x08001944                LSECSSD_IRQHandler
                0x08001944                EXTI4_IRQHandler
                0x08001944                RTC_S_IRQHandler
                0x08001944                GPDMA1_Channel13_IRQHandler
                0x08001944                RNG_IRQHandler
                0x08001944                COMP_IRQHandler
                0x08001944                TIM1_UP_IRQHandler
                0x08001944                ADC4_IRQHandler
                0x08001944                WWDG_IRQHandler
                0x08001944                I2C4_EV_IRQHandler
                0x08001944                ADF1_IRQHandler
                0x08001944                IWDG_IRQHandler
                0x08001944                MDF1_FLT0_IRQHandler
                0x08001944                FDCAN1_IT0_IRQHandler
                0x08001944                TIM2_IRQHandler
                0x08001944                GPDMA1_Channel4_IRQHandler
                0x08001944                EXTI7_IRQHandler
                0x08001944                DMA2D_IRQHandler
                0x08001944                TIM1_BRK_IRQHandler
                0x08001944                EXTI1_IRQHandler
                0x08001944                SDMMC2_IRQHandler
                0x08001944                DAC1_IRQHandler
                0x08001944                GTZC_IRQHandler
                0x08001944                MDF1_FLT3_IRQHandler
                0x08001944                GPDMA1_Channel6_IRQHandler
                0x08001944                I2C2_ER_IRQHandler
                0x08001944                TIM8_BRK_IRQHandler
                0x08001944                FLASH_IRQHandler
                0x08001944                EXTI10_IRQHandler
                0x08001944                OTG_FS_IRQHandler
                0x08001944                SPI3_IRQHandler
                0x08001944                LPDMA1_Channel2_IRQHandler
                0x08001944                I2C1_ER_IRQHandler
                0x08001944                FMC_IRQHandler
                0x08001944                EXTI6_IRQHandler
                0x08001944                LPTIM1_IRQHandler
                0x08001944                DCMI_PSSI_IRQHandler
                0x08001944                I2C4_ER_IRQHandler
                0x08001944                GPDMA1_Channel10_IRQHandler
                0x08001944                ICACHE_IRQHandler
                0x08001944                SAI1_IRQHandler
                0x08001944                HASH_IRQHandler
 *fill*         0x08001946        0x2 
 .text.BSP_LED_Init
                0x08001948      0x120 ./Drivers/BSP/STM32U5xx_Nucleo/stm32u5xx_nucleo.o
                0x08001948                BSP_LED_Init
 .text.BSP_LED_Toggle
                0x08001a68       0x54 ./Drivers/BSP/STM32U5xx_Nucleo/stm32u5xx_nucleo.o
                0x08001a68                BSP_LED_Toggle
 .text.BSP_PB_Init
                0x08001abc       0xf0 ./Drivers/BSP/STM32U5xx_Nucleo/stm32u5xx_nucleo.o
                0x08001abc                BSP_PB_Init
 .text.BSP_PB_GetState
                0x08001bac       0x2c ./Drivers/BSP/STM32U5xx_Nucleo/stm32u5xx_nucleo.o
                0x08001bac                BSP_PB_GetState
 .text.BSP_PB_IRQHandler
                0x08001bd8       0x2c ./Drivers/BSP/STM32U5xx_Nucleo/stm32u5xx_nucleo.o
                0x08001bd8                BSP_PB_IRQHandler
 .text.BSP_PB_Callback
                0x08001c04       0x16 ./Drivers/BSP/STM32U5xx_Nucleo/stm32u5xx_nucleo.o
                0x08001c04                BSP_PB_Callback
 .text.BUTTON_USER_EXTI_Callback
                0x08001c1a        0xe ./Drivers/BSP/STM32U5xx_Nucleo/stm32u5xx_nucleo.o
 .text.HAL_Init
                0x08001c28       0x60 ./Drivers/STM32U5xx_HAL_Driver/Src/stm32u5xx_hal.o
                0x08001c28                HAL_Init
 .text.HAL_IncTick
                0x08001c88       0x28 ./Drivers/STM32U5xx_HAL_Driver/Src/stm32u5xx_hal.o
                0x08001c88                HAL_IncTick
 .text.HAL_GetTick
                0x08001cb0       0x18 ./Drivers/STM32U5xx_HAL_Driver/Src/stm32u5xx_hal.o
                0x08001cb0                HAL_GetTick
 .text.HAL_Delay
                0x08001cc8       0x48 ./Drivers/STM32U5xx_HAL_Driver/Src/stm32u5xx_hal.o
                0x08001cc8                HAL_Delay
 .text.HAL_GetREVID
                0x08001d10       0x1c ./Drivers/STM32U5xx_HAL_Driver/Src/stm32u5xx_hal.o
                0x08001d10                HAL_GetREVID
 .text.LL_ADC_SetCommonClock
                0x08001d2c       0x26 ./Drivers/STM32U5xx_HAL_Driver/Src/stm32u5xx_hal_adc.o
 .text.LL_ADC_SetCommonPathInternalCh
                0x08001d52       0x26 ./Drivers/STM32U5xx_HAL_Driver/Src/stm32u5xx_hal_adc.o
 .text.LL_ADC_GetCommonPathInternalCh
                0x08001d78       0x1c ./Drivers/STM32U5xx_HAL_Driver/Src/stm32u5xx_hal_adc.o
 .text.LL_ADC_SetResolution
                0x08001d94       0x40 ./Drivers/STM32U5xx_HAL_Driver/Src/stm32u5xx_hal_adc.o
 .text.LL_ADC_SetOffset
                0x08001dd4       0x42 ./Drivers/STM32U5xx_HAL_Driver/Src/stm32u5xx_hal_adc.o
 .text.LL_ADC_GetOffsetChannel
                0x08001e16       0x58 ./Drivers/STM32U5xx_HAL_Driver/Src/stm32u5xx_hal_adc.o
 .text.LL_ADC_SetOffsetSign
                0x08001e6e       0x36 ./Drivers/STM32U5xx_HAL_Driver/Src/stm32u5xx_hal_adc.o
 .text.LL_ADC_SetOffsetSignedSaturation
                0x08001ea4       0x36 ./Drivers/STM32U5xx_HAL_Driver/Src/stm32u5xx_hal_adc.o
 .text.LL_ADC_SetOffsetUnsignedSaturation
                0x08001eda       0x36 ./Drivers/STM32U5xx_HAL_Driver/Src/stm32u5xx_hal_adc.o
 .text.LL_ADC_SetGainCompensation
                0x08001f10       0x46 ./Drivers/STM32U5xx_HAL_Driver/Src/stm32u5xx_hal_adc.o
 .text.LL_ADC_SetSamplingTimeCommonChannels
                0x08001f56       0x3e ./Drivers/STM32U5xx_HAL_Driver/Src/stm32u5xx_hal_adc.o
 .text.LL_ADC_REG_IsTriggerSourceSWStart
                0x08001f94       0x26 ./Drivers/STM32U5xx_HAL_Driver/Src/stm32u5xx_hal_adc.o
 *fill*         0x08001fba        0x2 
 .text.LL_ADC_REG_SetSequencerRanks
                0x08001fbc       0xc0 ./Drivers/STM32U5xx_HAL_Driver/Src/stm32u5xx_hal_adc.o
 .text.LL_ADC_REG_SetSequencerChAdd
                0x0800207c       0x66 ./Drivers/STM32U5xx_HAL_Driver/Src/stm32u5xx_hal_adc.o
 .text.LL_ADC_REG_SetSequencerChRem
                0x080020e2       0x30 ./Drivers/STM32U5xx_HAL_Driver/Src/stm32u5xx_hal_adc.o
 .text.LL_ADC_REG_GetDMATransfer
                0x08002112       0x1c ./Drivers/STM32U5xx_HAL_Driver/Src/stm32u5xx_hal_adc.o
 .text.LL_ADC_INJ_IsTriggerSourceSWStart
                0x0800212e       0x26 ./Drivers/STM32U5xx_HAL_Driver/Src/stm32u5xx_hal_adc.o
 .text.LL_ADC_SetChannelSamplingTime
                0x08002154       0xc8 ./Drivers/STM32U5xx_HAL_Driver/Src/stm32u5xx_hal_adc.o
 .text.LL_ADC_SetChannelSingleDiff
                0x0800221c       0x48 ./Drivers/STM32U5xx_HAL_Driver/Src/stm32u5xx_hal_adc.o
 .text.LL_ADC_DisableDeepPowerDown
                0x08002264       0x24 ./Drivers/STM32U5xx_HAL_Driver/Src/stm32u5xx_hal_adc.o
 .text.LL_ADC_IsDeepPowerDownEnabled
                0x08002288       0x28 ./Drivers/STM32U5xx_HAL_Driver/Src/stm32u5xx_hal_adc.o
 .text.LL_ADC_EnableInternalRegulator
                0x080022b0       0x28 ./Drivers/STM32U5xx_HAL_Driver/Src/stm32u5xx_hal_adc.o
 .text.LL_ADC_IsInternalRegulatorEnabled
                0x080022d8       0x28 ./Drivers/STM32U5xx_HAL_Driver/Src/stm32u5xx_hal_adc.o
 .text.LL_ADC_Enable
                0x08002300       0x28 ./Drivers/STM32U5xx_HAL_Driver/Src/stm32u5xx_hal_adc.o
 .text.LL_ADC_Disable
                0x08002328       0x28 ./Drivers/STM32U5xx_HAL_Driver/Src/stm32u5xx_hal_adc.o
 .text.LL_ADC_IsEnabled
                0x08002350       0x26 ./Drivers/STM32U5xx_HAL_Driver/Src/stm32u5xx_hal_adc.o
 .text.LL_ADC_IsDisableOngoing
                0x08002376       0x26 ./Drivers/STM32U5xx_HAL_Driver/Src/stm32u5xx_hal_adc.o
 .text.LL_ADC_REG_StartConversion
                0x0800239c       0x28 ./Drivers/STM32U5xx_HAL_Driver/Src/stm32u5xx_hal_adc.o
 .text.LL_ADC_REG_StopConversion
                0x080023c4       0x28 ./Drivers/STM32U5xx_HAL_Driver/Src/stm32u5xx_hal_adc.o
 .text.LL_ADC_REG_IsConversionOngoing
                0x080023ec       0x26 ./Drivers/STM32U5xx_HAL_Driver/Src/stm32u5xx_hal_adc.o
 .text.LL_ADC_INJ_StopConversion
                0x08002412       0x28 ./Drivers/STM32U5xx_HAL_Driver/Src/stm32u5xx_hal_adc.o
 .text.LL_ADC_INJ_IsConversionOngoing
                0x0800243a       0x26 ./Drivers/STM32U5xx_HAL_Driver/Src/stm32u5xx_hal_adc.o
 .text.HAL_ADC_Init
                0x08002460      0x594 ./Drivers/STM32U5xx_HAL_Driver/Src/stm32u5xx_hal_adc.o
                0x08002460                HAL_ADC_Init
 .text.HAL_ADC_Start
                0x080029f4       0xe8 ./Drivers/STM32U5xx_HAL_Driver/Src/stm32u5xx_hal_adc.o
                0x080029f4                HAL_ADC_Start
 .text.HAL_ADC_Stop
                0x08002adc       0x66 ./Drivers/STM32U5xx_HAL_Driver/Src/stm32u5xx_hal_adc.o
                0x08002adc                HAL_ADC_Stop
 *fill*         0x08002b42        0x2 
 .text.HAL_ADC_PollForConversion
                0x08002b44      0x1cc ./Drivers/STM32U5xx_HAL_Driver/Src/stm32u5xx_hal_adc.o
                0x08002b44                HAL_ADC_PollForConversion
 .text.HAL_ADC_GetValue
                0x08002d10       0x1a ./Drivers/STM32U5xx_HAL_Driver/Src/stm32u5xx_hal_adc.o
                0x08002d10                HAL_ADC_GetValue
 *fill*         0x08002d2a        0x2 
 .text.HAL_ADC_IRQHandler
                0x08002d2c      0x464 ./Drivers/STM32U5xx_HAL_Driver/Src/stm32u5xx_hal_adc.o
                0x08002d2c                HAL_ADC_IRQHandler
 .text.HAL_ADC_LevelOutOfWindowCallback
                0x08003190       0x14 ./Drivers/STM32U5xx_HAL_Driver/Src/stm32u5xx_hal_adc.o
                0x08003190                HAL_ADC_LevelOutOfWindowCallback
 .text.HAL_ADC_ErrorCallback
                0x080031a4       0x14 ./Drivers/STM32U5xx_HAL_Driver/Src/stm32u5xx_hal_adc.o
                0x080031a4                HAL_ADC_ErrorCallback
 .text.HAL_ADC_CalibrationCpltCallback
                0x080031b8       0x14 ./Drivers/STM32U5xx_HAL_Driver/Src/stm32u5xx_hal_adc.o
                0x080031b8                HAL_ADC_CalibrationCpltCallback
 .text.HAL_ADC_VoltageRegulatorCallback
                0x080031cc       0x14 ./Drivers/STM32U5xx_HAL_Driver/Src/stm32u5xx_hal_adc.o
                0x080031cc                HAL_ADC_VoltageRegulatorCallback
 .text.HAL_ADC_ADCReadyCallback
                0x080031e0       0x14 ./Drivers/STM32U5xx_HAL_Driver/Src/stm32u5xx_hal_adc.o
                0x080031e0                HAL_ADC_ADCReadyCallback
 .text.HAL_ADC_ConfigChannel
                0x080031f4      0xdb0 ./Drivers/STM32U5xx_HAL_Driver/Src/stm32u5xx_hal_adc.o
                0x080031f4                HAL_ADC_ConfigChannel
 .text.ADC_ConversionStop
                0x08003fa4      0x178 ./Drivers/STM32U5xx_HAL_Driver/Src/stm32u5xx_hal_adc.o
                0x08003fa4                ADC_ConversionStop
 .text.ADC_Enable
                0x0800411c       0xe0 ./Drivers/STM32U5xx_HAL_Driver/Src/stm32u5xx_hal_adc.o
                0x0800411c                ADC_Enable
 .text.ADC_Disable
                0x080041fc       0xbe ./Drivers/STM32U5xx_HAL_Driver/Src/stm32u5xx_hal_adc.o
                0x080041fc                ADC_Disable
 .text.HAL_ADCEx_InjectedConvCpltCallback
                0x080042ba       0x14 ./Drivers/STM32U5xx_HAL_Driver/Src/stm32u5xx_hal_adc_ex.o
                0x080042ba                HAL_ADCEx_InjectedConvCpltCallback
 .text.HAL_ADCEx_LevelOutOfWindow2Callback
                0x080042ce       0x14 ./Drivers/STM32U5xx_HAL_Driver/Src/stm32u5xx_hal_adc_ex.o
                0x080042ce                HAL_ADCEx_LevelOutOfWindow2Callback
 .text.HAL_ADCEx_LevelOutOfWindow3Callback
                0x080042e2       0x14 ./Drivers/STM32U5xx_HAL_Driver/Src/stm32u5xx_hal_adc_ex.o
                0x080042e2                HAL_ADCEx_LevelOutOfWindow3Callback
 .text.HAL_ADCEx_EndOfSamplingCallback
                0x080042f6       0x14 ./Drivers/STM32U5xx_HAL_Driver/Src/stm32u5xx_hal_adc_ex.o
                0x080042f6                HAL_ADCEx_EndOfSamplingCallback
 *fill*         0x0800430a        0x2 
 .text.__NVIC_SetPriorityGrouping
                0x0800430c       0x48 ./Drivers/STM32U5xx_HAL_Driver/Src/stm32u5xx_hal_cortex.o
 .text.__NVIC_GetPriorityGrouping
                0x08004354       0x1c ./Drivers/STM32U5xx_HAL_Driver/Src/stm32u5xx_hal_cortex.o
 .text.__NVIC_EnableIRQ
                0x08004370       0x3c ./Drivers/STM32U5xx_HAL_Driver/Src/stm32u5xx_hal_cortex.o
 .text.__NVIC_SetPriority
                0x080043ac       0x54 ./Drivers/STM32U5xx_HAL_Driver/Src/stm32u5xx_hal_cortex.o
 .text.NVIC_EncodePriority
                0x08004400       0x66 ./Drivers/STM32U5xx_HAL_Driver/Src/stm32u5xx_hal_cortex.o
 .text.HAL_NVIC_SetPriorityGrouping
                0x08004466       0x16 ./Drivers/STM32U5xx_HAL_Driver/Src/stm32u5xx_hal_cortex.o
                0x08004466                HAL_NVIC_SetPriorityGrouping
 .text.HAL_NVIC_SetPriority
                0x0800447c       0x34 ./Drivers/STM32U5xx_HAL_Driver/Src/stm32u5xx_hal_cortex.o
                0x0800447c                HAL_NVIC_SetPriority
 .text.HAL_NVIC_EnableIRQ
                0x080044b0       0x1c ./Drivers/STM32U5xx_HAL_Driver/Src/stm32u5xx_hal_cortex.o
                0x080044b0                HAL_NVIC_EnableIRQ
 .text.HAL_SYSTICK_CLKSourceConfig
                0x080044cc       0xb0 ./Drivers/STM32U5xx_HAL_Driver/Src/stm32u5xx_hal_cortex.o
                0x080044cc                HAL_SYSTICK_CLKSourceConfig
 .text.HAL_DMA_Abort
                0x0800457c       0xf8 ./Drivers/STM32U5xx_HAL_Driver/Src/stm32u5xx_hal_dma.o
                0x0800457c                HAL_DMA_Abort
 .text.HAL_DMA_Abort_IT
                0x08004674       0x52 ./Drivers/STM32U5xx_HAL_Driver/Src/stm32u5xx_hal_dma.o
                0x08004674                HAL_DMA_Abort_IT
 .text.HAL_EXTI_RegisterCallback
                0x080046c6       0x58 ./Drivers/STM32U5xx_HAL_Driver/Src/stm32u5xx_hal_exti.o
                0x080046c6                HAL_EXTI_RegisterCallback
 .text.HAL_EXTI_GetHandle
                0x0800471e       0x28 ./Drivers/STM32U5xx_HAL_Driver/Src/stm32u5xx_hal_exti.o
                0x0800471e                HAL_EXTI_GetHandle
 *fill*         0x08004746        0x2 
 .text.HAL_EXTI_IRQHandler
                0x08004748       0x90 ./Drivers/STM32U5xx_HAL_Driver/Src/stm32u5xx_hal_exti.o
                0x08004748                HAL_EXTI_IRQHandler
 .text.HAL_GPIO_Init
                0x080047d8      0x3c0 ./Drivers/STM32U5xx_HAL_Driver/Src/stm32u5xx_hal_gpio.o
                0x080047d8                HAL_GPIO_Init
 .text.HAL_GPIO_ReadPin
                0x08004b98       0x30 ./Drivers/STM32U5xx_HAL_Driver/Src/stm32u5xx_hal_gpio.o
                0x08004b98                HAL_GPIO_ReadPin
 .text.HAL_GPIO_WritePin
                0x08004bc8       0x30 ./Drivers/STM32U5xx_HAL_Driver/Src/stm32u5xx_hal_gpio.o
                0x08004bc8                HAL_GPIO_WritePin
 .text.HAL_GPIO_TogglePin
                0x08004bf8       0x34 ./Drivers/STM32U5xx_HAL_Driver/Src/stm32u5xx_hal_gpio.o
                0x08004bf8                HAL_GPIO_TogglePin
 .text.HAL_ICACHE_ConfigAssociativityMode
                0x08004c2c       0x40 ./Drivers/STM32U5xx_HAL_Driver/Src/stm32u5xx_hal_icache.o
                0x08004c2c                HAL_ICACHE_ConfigAssociativityMode
 .text.HAL_ICACHE_Enable
                0x08004c6c       0x20 ./Drivers/STM32U5xx_HAL_Driver/Src/stm32u5xx_hal_icache.o
                0x08004c6c                HAL_ICACHE_Enable
 .text.HAL_PWREx_ControlVoltageScaling
                0x08004c8c       0xfc ./Drivers/STM32U5xx_HAL_Driver/Src/stm32u5xx_hal_pwr_ex.o
                0x08004c8c                HAL_PWREx_ControlVoltageScaling
 .text.HAL_PWREx_GetVoltageRange
                0x08004d88       0x1c ./Drivers/STM32U5xx_HAL_Driver/Src/stm32u5xx_hal_pwr_ex.o
                0x08004d88                HAL_PWREx_GetVoltageRange
 .text.HAL_PWREx_ConfigSupply
                0x08004da4       0xa0 ./Drivers/STM32U5xx_HAL_Driver/Src/stm32u5xx_hal_pwr_ex.o
                0x08004da4                HAL_PWREx_ConfigSupply
 .text.HAL_PWREx_EnableVddIO2
                0x08004e44       0x20 ./Drivers/STM32U5xx_HAL_Driver/Src/stm32u5xx_hal_pwr_ex.o
                0x08004e44                HAL_PWREx_EnableVddIO2
 .text.HAL_PWREx_EnableVddA
                0x08004e64       0x20 ./Drivers/STM32U5xx_HAL_Driver/Src/stm32u5xx_hal_pwr_ex.o
                0x08004e64                HAL_PWREx_EnableVddA
 .text.HAL_PWREx_DisableUCPDDeadBattery
                0x08004e84       0x20 ./Drivers/STM32U5xx_HAL_Driver/Src/stm32u5xx_hal_pwr_ex.o
                0x08004e84                HAL_PWREx_DisableUCPDDeadBattery
 .text.HAL_RCC_OscConfig
                0x08004ea4      0xdb8 ./Drivers/STM32U5xx_HAL_Driver/Src/stm32u5xx_hal_rcc.o
                0x08004ea4                HAL_RCC_OscConfig
 .text.HAL_RCC_ClockConfig
                0x08005c5c      0x3e4 ./Drivers/STM32U5xx_HAL_Driver/Src/stm32u5xx_hal_rcc.o
                0x08005c5c                HAL_RCC_ClockConfig
 .text.HAL_RCC_GetSysClockFreq
                0x08006040      0x204 ./Drivers/STM32U5xx_HAL_Driver/Src/stm32u5xx_hal_rcc.o
                0x08006040                HAL_RCC_GetSysClockFreq
 .text.HAL_RCC_GetHCLKFreq
                0x08006244       0x34 ./Drivers/STM32U5xx_HAL_Driver/Src/stm32u5xx_hal_rcc.o
                0x08006244                HAL_RCC_GetHCLKFreq
 .text.HAL_RCC_GetPCLK1Freq
                0x08006278       0x28 ./Drivers/STM32U5xx_HAL_Driver/Src/stm32u5xx_hal_rcc.o
                0x08006278                HAL_RCC_GetPCLK1Freq
 .text.HAL_RCC_GetPCLK2Freq
                0x080062a0       0x28 ./Drivers/STM32U5xx_HAL_Driver/Src/stm32u5xx_hal_rcc.o
                0x080062a0                HAL_RCC_GetPCLK2Freq
 .text.HAL_RCC_GetPCLK3Freq
                0x080062c8       0x28 ./Drivers/STM32U5xx_HAL_Driver/Src/stm32u5xx_hal_rcc.o
                0x080062c8                HAL_RCC_GetPCLK3Freq
 .text.HAL_RCC_GetClockConfig
                0x080062f0       0x70 ./Drivers/STM32U5xx_HAL_Driver/Src/stm32u5xx_hal_rcc.o
                0x080062f0                HAL_RCC_GetClockConfig
 .text.RCC_SetFlashLatencyFromMSIRange
                0x08006360      0x10c ./Drivers/STM32U5xx_HAL_Driver/Src/stm32u5xx_hal_rcc.o
 .text.HAL_RCCEx_PeriphCLKConfig
                0x0800646c      0xb48 ./Drivers/STM32U5xx_HAL_Driver/Src/stm32u5xx_hal_rcc_ex.o
                0x0800646c                HAL_RCCEx_PeriphCLKConfig
 .text.HAL_RCCEx_GetPLL1ClockFreq
                0x08006fb4      0x2b4 ./Drivers/STM32U5xx_HAL_Driver/Src/stm32u5xx_hal_rcc_ex.o
                0x08006fb4                HAL_RCCEx_GetPLL1ClockFreq
 .text.HAL_RCCEx_GetPLL2ClockFreq
                0x08007268      0x2b4 ./Drivers/STM32U5xx_HAL_Driver/Src/stm32u5xx_hal_rcc_ex.o
                0x08007268                HAL_RCCEx_GetPLL2ClockFreq
 .text.HAL_RCCEx_GetPLL3ClockFreq
                0x0800751c      0x2b4 ./Drivers/STM32U5xx_HAL_Driver/Src/stm32u5xx_hal_rcc_ex.o
                0x0800751c                HAL_RCCEx_GetPLL3ClockFreq
 .text.HAL_RCCEx_GetPeriphCLKFreq
                0x080077d0     0x136c ./Drivers/STM32U5xx_HAL_Driver/Src/stm32u5xx_hal_rcc_ex.o
                0x080077d0                HAL_RCCEx_GetPeriphCLKFreq
 .text.RCCEx_PLL2_Config
                0x08008b3c      0x130 ./Drivers/STM32U5xx_HAL_Driver/Src/stm32u5xx_hal_rcc_ex.o
 .text.RCCEx_PLL3_Config
                0x08008c6c      0x130 ./Drivers/STM32U5xx_HAL_Driver/Src/stm32u5xx_hal_rcc_ex.o
 .text.HAL_TIM_Base_Init
                0x08008d9c       0xae ./Drivers/STM32U5xx_HAL_Driver/Src/stm32u5xx_hal_tim.o
                0x08008d9c                HAL_TIM_Base_Init
 *fill*         0x08008e4a        0x2 
 .text.HAL_TIM_Base_Start_IT
                0x08008e4c      0x140 ./Drivers/STM32U5xx_HAL_Driver/Src/stm32u5xx_hal_tim.o
                0x08008e4c                HAL_TIM_Base_Start_IT
 .text.HAL_TIM_PWM_Init
                0x08008f8c       0xae ./Drivers/STM32U5xx_HAL_Driver/Src/stm32u5xx_hal_tim.o
                0x08008f8c                HAL_TIM_PWM_Init
 .text.HAL_TIM_PWM_MspInit
                0x0800903a       0x14 ./Drivers/STM32U5xx_HAL_Driver/Src/stm32u5xx_hal_tim.o
                0x0800903a                HAL_TIM_PWM_MspInit
 .text.HAL_TIM_IRQHandler
                0x0800904e      0x29e ./Drivers/STM32U5xx_HAL_Driver/Src/stm32u5xx_hal_tim.o
                0x0800904e                HAL_TIM_IRQHandler
 .text.HAL_TIM_PWM_ConfigChannel
                0x080092ec      0x228 ./Drivers/STM32U5xx_HAL_Driver/Src/stm32u5xx_hal_tim.o
                0x080092ec                HAL_TIM_PWM_ConfigChannel
 .text.HAL_TIM_ConfigClockSource
                0x08009514      0x204 ./Drivers/STM32U5xx_HAL_Driver/Src/stm32u5xx_hal_tim.o
                0x08009514                HAL_TIM_ConfigClockSource
 .text.HAL_TIM_OC_DelayElapsedCallback
                0x08009718       0x14 ./Drivers/STM32U5xx_HAL_Driver/Src/stm32u5xx_hal_tim.o
                0x08009718                HAL_TIM_OC_DelayElapsedCallback
 .text.HAL_TIM_IC_CaptureCallback
                0x0800972c       0x14 ./Drivers/STM32U5xx_HAL_Driver/Src/stm32u5xx_hal_tim.o
                0x0800972c                HAL_TIM_IC_CaptureCallback
 .text.HAL_TIM_PWM_PulseFinishedCallback
                0x08009740       0x14 ./Drivers/STM32U5xx_HAL_Driver/Src/stm32u5xx_hal_tim.o
                0x08009740                HAL_TIM_PWM_PulseFinishedCallback
 .text.HAL_TIM_TriggerCallback
                0x08009754       0x14 ./Drivers/STM32U5xx_HAL_Driver/Src/stm32u5xx_hal_tim.o
                0x08009754                HAL_TIM_TriggerCallback
 .text.TIM_Base_SetConfig
                0x08009768      0x200 ./Drivers/STM32U5xx_HAL_Driver/Src/stm32u5xx_hal_tim.o
                0x08009768                TIM_Base_SetConfig
 .text.TIM_OC1_SetConfig
                0x08009968      0x188 ./Drivers/STM32U5xx_HAL_Driver/Src/stm32u5xx_hal_tim.o
 .text.TIM_OC2_SetConfig
                0x08009af0      0x164 ./Drivers/STM32U5xx_HAL_Driver/Src/stm32u5xx_hal_tim.o
                0x08009af0                TIM_OC2_SetConfig
 .text.TIM_OC3_SetConfig
                0x08009c54      0x160 ./Drivers/STM32U5xx_HAL_Driver/Src/stm32u5xx_hal_tim.o
 .text.TIM_OC4_SetConfig
                0x08009db4      0x164 ./Drivers/STM32U5xx_HAL_Driver/Src/stm32u5xx_hal_tim.o
 .text.TIM_OC5_SetConfig
                0x08009f18      0x104 ./Drivers/STM32U5xx_HAL_Driver/Src/stm32u5xx_hal_tim.o
 .text.TIM_OC6_SetConfig
                0x0800a01c      0x108 ./Drivers/STM32U5xx_HAL_Driver/Src/stm32u5xx_hal_tim.o
 .text.TIM_TI1_ConfigInputStage
                0x0800a124       0xe4 ./Drivers/STM32U5xx_HAL_Driver/Src/stm32u5xx_hal_tim.o
 .text.TIM_TI2_ConfigInputStage
                0x0800a208       0x9c ./Drivers/STM32U5xx_HAL_Driver/Src/stm32u5xx_hal_tim.o
 .text.TIM_ITRx_SetConfig
                0x0800a2a4       0x3a ./Drivers/STM32U5xx_HAL_Driver/Src/stm32u5xx_hal_tim.o
 .text.TIM_ETR_SetConfig
                0x0800a2de       0x40 ./Drivers/STM32U5xx_HAL_Driver/Src/stm32u5xx_hal_tim.o
                0x0800a2de                TIM_ETR_SetConfig
 *fill*         0x0800a31e        0x2 
 .text.HAL_TIMEx_MasterConfigSynchronization
                0x0800a320      0x184 ./Drivers/STM32U5xx_HAL_Driver/Src/stm32u5xx_hal_tim_ex.o
                0x0800a320                HAL_TIMEx_MasterConfigSynchronization
 .text.HAL_TIMEx_CommutCallback
                0x0800a4a4       0x14 ./Drivers/STM32U5xx_HAL_Driver/Src/stm32u5xx_hal_tim_ex.o
                0x0800a4a4                HAL_TIMEx_CommutCallback
 .text.HAL_TIMEx_BreakCallback
                0x0800a4b8       0x14 ./Drivers/STM32U5xx_HAL_Driver/Src/stm32u5xx_hal_tim_ex.o
                0x0800a4b8                HAL_TIMEx_BreakCallback
 .text.HAL_TIMEx_Break2Callback
                0x0800a4cc       0x14 ./Drivers/STM32U5xx_HAL_Driver/Src/stm32u5xx_hal_tim_ex.o
                0x0800a4cc                HAL_TIMEx_Break2Callback
 .text.HAL_TIMEx_EncoderIndexCallback
                0x0800a4e0       0x14 ./Drivers/STM32U5xx_HAL_Driver/Src/stm32u5xx_hal_tim_ex.o
                0x0800a4e0                HAL_TIMEx_EncoderIndexCallback
 .text.HAL_TIMEx_DirectionChangeCallback
                0x0800a4f4       0x14 ./Drivers/STM32U5xx_HAL_Driver/Src/stm32u5xx_hal_tim_ex.o
                0x0800a4f4                HAL_TIMEx_DirectionChangeCallback
 .text.HAL_TIMEx_IndexErrorCallback
                0x0800a508       0x14 ./Drivers/STM32U5xx_HAL_Driver/Src/stm32u5xx_hal_tim_ex.o
                0x0800a508                HAL_TIMEx_IndexErrorCallback
 .text.HAL_TIMEx_TransitionErrorCallback
                0x0800a51c       0x14 ./Drivers/STM32U5xx_HAL_Driver/Src/stm32u5xx_hal_tim_ex.o
                0x0800a51c                HAL_TIMEx_TransitionErrorCallback
 .text.HAL_UART_Init
                0x0800a530       0xa0 ./Drivers/STM32U5xx_HAL_Driver/Src/stm32u5xx_hal_uart.o
                0x0800a530                HAL_UART_Init
 .text.HAL_UART_Transmit
                0x0800a5d0      0x13c ./Drivers/STM32U5xx_HAL_Driver/Src/stm32u5xx_hal_uart.o
                0x0800a5d0                HAL_UART_Transmit
 .text.HAL_UART_Receive
                0x0800a70c      0x1ae ./Drivers/STM32U5xx_HAL_Driver/Src/stm32u5xx_hal_uart.o
                0x0800a70c                HAL_UART_Receive
 *fill*         0x0800a8ba        0x2 
 .text.HAL_UART_IRQHandler
                0x0800a8bc      0x5b0 ./Drivers/STM32U5xx_HAL_Driver/Src/stm32u5xx_hal_uart.o
                0x0800a8bc                HAL_UART_IRQHandler
 .text.HAL_UART_TxCpltCallback
                0x0800ae6c       0x14 ./Drivers/STM32U5xx_HAL_Driver/Src/stm32u5xx_hal_uart.o
                0x0800ae6c                HAL_UART_TxCpltCallback
 .text.HAL_UART_ErrorCallback
                0x0800ae80       0x14 ./Drivers/STM32U5xx_HAL_Driver/Src/stm32u5xx_hal_uart.o
                0x0800ae80                HAL_UART_ErrorCallback
 .text.HAL_UARTEx_RxEventCallback
                0x0800ae94       0x18 ./Drivers/STM32U5xx_HAL_Driver/Src/stm32u5xx_hal_uart.o
                0x0800ae94                HAL_UARTEx_RxEventCallback
 .text.UART_SetConfig
                0x0800aeac      0x344 ./Drivers/STM32U5xx_HAL_Driver/Src/stm32u5xx_hal_uart.o
                0x0800aeac                UART_SetConfig
 .text.UART_AdvFeatureConfig
                0x0800b1f0      0x144 ./Drivers/STM32U5xx_HAL_Driver/Src/stm32u5xx_hal_uart.o
                0x0800b1f0                UART_AdvFeatureConfig
 .text.UART_CheckIdleState
                0x0800b334      0x154 ./Drivers/STM32U5xx_HAL_Driver/Src/stm32u5xx_hal_uart.o
                0x0800b334                UART_CheckIdleState
 .text.UART_WaitOnFlagUntilTimeout
                0x0800b488       0xda ./Drivers/STM32U5xx_HAL_Driver/Src/stm32u5xx_hal_uart.o
                0x0800b488                UART_WaitOnFlagUntilTimeout
 .text.UART_EndRxTransfer
                0x0800b562       0xcc ./Drivers/STM32U5xx_HAL_Driver/Src/stm32u5xx_hal_uart.o
 .text.UART_DMAAbortOnError
                0x0800b62e       0x24 ./Drivers/STM32U5xx_HAL_Driver/Src/stm32u5xx_hal_uart.o
 .text.UART_EndTransmit_IT
                0x0800b652       0x56 ./Drivers/STM32U5xx_HAL_Driver/Src/stm32u5xx_hal_uart.o
 .text.HAL_UARTEx_RxFifoFullCallback
                0x0800b6a8       0x14 ./Drivers/STM32U5xx_HAL_Driver/Src/stm32u5xx_hal_uart_ex.o
                0x0800b6a8                HAL_UARTEx_RxFifoFullCallback
 .text.HAL_UARTEx_TxFifoEmptyCallback
                0x0800b6bc       0x14 ./Drivers/STM32U5xx_HAL_Driver/Src/stm32u5xx_hal_uart_ex.o
                0x0800b6bc                HAL_UARTEx_TxFifoEmptyCallback
 .text.HAL_UARTEx_DisableFifoMode
                0x0800b6d0       0x72 ./Drivers/STM32U5xx_HAL_Driver/Src/stm32u5xx_hal_uart_ex.o
                0x0800b6d0                HAL_UARTEx_DisableFifoMode
 .text.HAL_UARTEx_SetTxFifoThreshold
                0x0800b742       0x7c ./Drivers/STM32U5xx_HAL_Driver/Src/stm32u5xx_hal_uart_ex.o
                0x0800b742                HAL_UARTEx_SetTxFifoThreshold
 .text.HAL_UARTEx_SetRxFifoThreshold
                0x0800b7be       0x7c ./Drivers/STM32U5xx_HAL_Driver/Src/stm32u5xx_hal_uart_ex.o
                0x0800b7be                HAL_UARTEx_SetRxFifoThreshold
 *fill*         0x0800b83a        0x2 
 .text.UARTEx_SetNbDataToProcess
                0x0800b83c       0x9c ./Drivers/STM32U5xx_HAL_Driver/Src/stm32u5xx_hal_uart_ex.o
 .text._vsnprintf_r
                0x0800b8d8       0x5c C:/ST/STM32CubeIDE_1.19.0/STM32CubeIDE/plugins/com.st.stm32cube.ide.mcu.externaltools.gnu-tools-for-stm32.13.3.rel1.win32_1.0.0.202411081344/tools/bin/../lib/gcc/arm-none-eabi/13.3.1/../../../../arm-none-eabi/lib/thumb/v8-m.main+fp/hard\libc_nano.a(libc_a-vsnprintf.o)
                0x0800b8d8                _vsniprintf_r
                0x0800b8d8                _vsnprintf_r
 .text.vsnprintf
                0x0800b934       0x1c C:/ST/STM32CubeIDE_1.19.0/STM32CubeIDE/plugins/com.st.stm32cube.ide.mcu.externaltools.gnu-tools-for-stm32.13.3.rel1.win32_1.0.0.202411081344/tools/bin/../lib/gcc/arm-none-eabi/13.3.1/../../../../arm-none-eabi/lib/thumb/v8-m.main+fp/hard\libc_nano.a(libc_a-vsnprintf.o)
                0x0800b934                vsniprintf
                0x0800b934                vsnprintf
 .text.memset   0x0800b950       0x10 C:/ST/STM32CubeIDE_1.19.0/STM32CubeIDE/plugins/com.st.stm32cube.ide.mcu.externaltools.gnu-tools-for-stm32.13.3.rel1.win32_1.0.0.202411081344/tools/bin/../lib/gcc/arm-none-eabi/13.3.1/../../../../arm-none-eabi/lib/thumb/v8-m.main+fp/hard\libc_nano.a(libc_a-memset.o)
                0x0800b950                memset
 .text.__errno  0x0800b960        0xc C:/ST/STM32CubeIDE_1.19.0/STM32CubeIDE/plugins/com.st.stm32cube.ide.mcu.externaltools.gnu-tools-for-stm32.13.3.rel1.win32_1.0.0.202411081344/tools/bin/../lib/gcc/arm-none-eabi/13.3.1/../../../../arm-none-eabi/lib/thumb/v8-m.main+fp/hard\libc_nano.a(libc_a-errno.o)
                0x0800b960                __errno
 .text.__libc_init_array
                0x0800b96c       0x48 C:/ST/STM32CubeIDE_1.19.0/STM32CubeIDE/plugins/com.st.stm32cube.ide.mcu.externaltools.gnu-tools-for-stm32.13.3.rel1.win32_1.0.0.202411081344/tools/bin/../lib/gcc/arm-none-eabi/13.3.1/../../../../arm-none-eabi/lib/thumb/v8-m.main+fp/hard\libc_nano.a(libc_a-init.o)
                0x0800b96c                __libc_init_array
 .text.__retarget_lock_acquire_recursive
                0x0800b9b4        0x2 C:/ST/STM32CubeIDE_1.19.0/STM32CubeIDE/plugins/com.st.stm32cube.ide.mcu.externaltools.gnu-tools-for-stm32.13.3.rel1.win32_1.0.0.202411081344/tools/bin/../lib/gcc/arm-none-eabi/13.3.1/../../../../arm-none-eabi/lib/thumb/v8-m.main+fp/hard\libc_nano.a(libc_a-lock.o)
                0x0800b9b4                __retarget_lock_acquire_recursive
 .text.__retarget_lock_release_recursive
                0x0800b9b6        0x2 C:/ST/STM32CubeIDE_1.19.0/STM32CubeIDE/plugins/com.st.stm32cube.ide.mcu.externaltools.gnu-tools-for-stm32.13.3.rel1.win32_1.0.0.202411081344/tools/bin/../lib/gcc/arm-none-eabi/13.3.1/../../../../arm-none-eabi/lib/thumb/v8-m.main+fp/hard\libc_nano.a(libc_a-lock.o)
                0x0800b9b6                __retarget_lock_release_recursive
 .text.memcpy   0x0800b9b8       0x1a C:/ST/STM32CubeIDE_1.19.0/STM32CubeIDE/plugins/com.st.stm32cube.ide.mcu.externaltools.gnu-tools-for-stm32.13.3.rel1.win32_1.0.0.202411081344/tools/bin/../lib/gcc/arm-none-eabi/13.3.1/../../../../arm-none-eabi/lib/thumb/v8-m.main+fp/hard\libc_nano.a(libc_a-memcpy-stub.o)
                0x0800b9b8                memcpy
 *fill*         0x0800b9d2        0x2 
 .text._free_r  0x0800b9d4       0x94 C:/ST/STM32CubeIDE_1.19.0/STM32CubeIDE/plugins/com.st.stm32cube.ide.mcu.externaltools.gnu-tools-for-stm32.13.3.rel1.win32_1.0.0.202411081344/tools/bin/../lib/gcc/arm-none-eabi/13.3.1/../../../../arm-none-eabi/lib/thumb/v8-m.main+fp/hard\libc_nano.a(libc_a-freer.o)
                0x0800b9d4                _free_r
 .text.sbrk_aligned
                0x0800ba68       0x44 C:/ST/STM32CubeIDE_1.19.0/STM32CubeIDE/plugins/com.st.stm32cube.ide.mcu.externaltools.gnu-tools-for-stm32.13.3.rel1.win32_1.0.0.202411081344/tools/bin/../lib/gcc/arm-none-eabi/13.3.1/../../../../arm-none-eabi/lib/thumb/v8-m.main+fp/hard\libc_nano.a(libc_a-mallocr.o)
 .text._malloc_r
                0x0800baac      0x100 C:/ST/STM32CubeIDE_1.19.0/STM32CubeIDE/plugins/com.st.stm32cube.ide.mcu.externaltools.gnu-tools-for-stm32.13.3.rel1.win32_1.0.0.202411081344/tools/bin/../lib/gcc/arm-none-eabi/13.3.1/../../../../arm-none-eabi/lib/thumb/v8-m.main+fp/hard\libc_nano.a(libc_a-mallocr.o)
                0x0800baac                _malloc_r
 .text.__malloc_lock
                0x0800bbac        0xc C:/ST/STM32CubeIDE_1.19.0/STM32CubeIDE/plugins/com.st.stm32cube.ide.mcu.externaltools.gnu-tools-for-stm32.13.3.rel1.win32_1.0.0.202411081344/tools/bin/../lib/gcc/arm-none-eabi/13.3.1/../../../../arm-none-eabi/lib/thumb/v8-m.main+fp/hard\libc_nano.a(libc_a-mlock.o)
                0x0800bbac                __malloc_lock
 .text.__malloc_unlock
                0x0800bbb8        0xc C:/ST/STM32CubeIDE_1.19.0/STM32CubeIDE/plugins/com.st.stm32cube.ide.mcu.externaltools.gnu-tools-for-stm32.13.3.rel1.win32_1.0.0.202411081344/tools/bin/../lib/gcc/arm-none-eabi/13.3.1/../../../../arm-none-eabi/lib/thumb/v8-m.main+fp/hard\libc_nano.a(libc_a-mlock.o)
                0x0800bbb8                __malloc_unlock
 .text.__ssputs_r
                0x0800bbc4       0xb6 C:/ST/STM32CubeIDE_1.19.0/STM32CubeIDE/plugins/com.st.stm32cube.ide.mcu.externaltools.gnu-tools-for-stm32.13.3.rel1.win32_1.0.0.202411081344/tools/bin/../lib/gcc/arm-none-eabi/13.3.1/../../../../arm-none-eabi/lib/thumb/v8-m.main+fp/hard\libc_nano.a(libc_a-nano-svfprintf.o)
                0x0800bbc4                __ssputs_r
 *fill*         0x0800bc7a        0x2 
 .text._svfprintf_r
                0x0800bc7c      0x1f8 C:/ST/STM32CubeIDE_1.19.0/STM32CubeIDE/plugins/com.st.stm32cube.ide.mcu.externaltools.gnu-tools-for-stm32.13.3.rel1.win32_1.0.0.202411081344/tools/bin/../lib/gcc/arm-none-eabi/13.3.1/../../../../arm-none-eabi/lib/thumb/v8-m.main+fp/hard\libc_nano.a(libc_a-nano-svfprintf.o)
                0x0800bc7c                _svfiprintf_r
                0x0800bc7c                _svfprintf_r
 .text._printf_common
                0x0800be74       0xe4 C:/ST/STM32CubeIDE_1.19.0/STM32CubeIDE/plugins/com.st.stm32cube.ide.mcu.externaltools.gnu-tools-for-stm32.13.3.rel1.win32_1.0.0.202411081344/tools/bin/../lib/gcc/arm-none-eabi/13.3.1/../../../../arm-none-eabi/lib/thumb/v8-m.main+fp/hard\libc_nano.a(libc_a-nano-vfprintf_i.o)
                0x0800be74                _printf_common
 .text._printf_i
                0x0800bf58      0x23c C:/ST/STM32CubeIDE_1.19.0/STM32CubeIDE/plugins/com.st.stm32cube.ide.mcu.externaltools.gnu-tools-for-stm32.13.3.rel1.win32_1.0.0.202411081344/tools/bin/../lib/gcc/arm-none-eabi/13.3.1/../../../../arm-none-eabi/lib/thumb/v8-m.main+fp/hard\libc_nano.a(libc_a-nano-vfprintf_i.o)
                0x0800bf58                _printf_i
 .text.memmove  0x0800c194       0x34 C:/ST/STM32CubeIDE_1.19.0/STM32CubeIDE/plugins/com.st.stm32cube.ide.mcu.externaltools.gnu-tools-for-stm32.13.3.rel1.win32_1.0.0.202411081344/tools/bin/../lib/gcc/arm-none-eabi/13.3.1/../../../../arm-none-eabi/lib/thumb/v8-m.main+fp/hard\libc_nano.a(libc_a-memmove.o)
                0x0800c194                memmove
 .text._sbrk_r  0x0800c1c8       0x20 C:/ST/STM32CubeIDE_1.19.0/STM32CubeIDE/plugins/com.st.stm32cube.ide.mcu.externaltools.gnu-tools-for-stm32.13.3.rel1.win32_1.0.0.202411081344/tools/bin/../lib/gcc/arm-none-eabi/13.3.1/../../../../arm-none-eabi/lib/thumb/v8-m.main+fp/hard\libc_nano.a(libc_a-sbrkr.o)
                0x0800c1c8                _sbrk_r
 .text.memchr   0x0800c1e8       0x1c C:/ST/STM32CubeIDE_1.19.0/STM32CubeIDE/plugins/com.st.stm32cube.ide.mcu.externaltools.gnu-tools-for-stm32.13.3.rel1.win32_1.0.0.202411081344/tools/bin/../lib/gcc/arm-none-eabi/13.3.1/../../../../arm-none-eabi/lib/thumb/v8-m.main+fp/hard\libc_nano.a(libc_a-memchr-stub.o)
                0x0800c1e8                memchr
 .text._realloc_r
                0x0800c204       0x5c C:/ST/STM32CubeIDE_1.19.0/STM32CubeIDE/plugins/com.st.stm32cube.ide.mcu.externaltools.gnu-tools-for-stm32.13.3.rel1.win32_1.0.0.202411081344/tools/bin/../lib/gcc/arm-none-eabi/13.3.1/../../../../arm-none-eabi/lib/thumb/v8-m.main+fp/hard\libc_nano.a(libc_a-reallocr.o)
                0x0800c204                _realloc_r
 .text._malloc_usable_size_r
                0x0800c260       0x10 C:/ST/STM32CubeIDE_1.19.0/STM32CubeIDE/plugins/com.st.stm32cube.ide.mcu.externaltools.gnu-tools-for-stm32.13.3.rel1.win32_1.0.0.202411081344/tools/bin/../lib/gcc/arm-none-eabi/13.3.1/../../../../arm-none-eabi/lib/thumb/v8-m.main+fp/hard\libc_nano.a(libc_a-msizer.o)
                0x0800c260                _malloc_usable_size_r
 *(.glue_7)
 .glue_7        0x0800c270        0x0 linker stubs
 *(.glue_7t)
 .glue_7t       0x0800c270        0x0 linker stubs
 *(.eh_frame)
 .eh_frame      0x0800c270        0x0 C:/ST/STM32CubeIDE_1.19.0/STM32CubeIDE/plugins/com.st.stm32cube.ide.mcu.externaltools.gnu-tools-for-stm32.13.3.rel1.win32_1.0.0.202411081344/tools/bin/../lib/gcc/arm-none-eabi/13.3.1/thumb/v8-m.main+fp/hard/crtbegin.o
 *(.init)
 .init          0x0800c270        0x4 C:/ST/STM32CubeIDE_1.19.0/STM32CubeIDE/plugins/com.st.stm32cube.ide.mcu.externaltools.gnu-tools-for-stm32.13.3.rel1.win32_1.0.0.202411081344/tools/bin/../lib/gcc/arm-none-eabi/13.3.1/thumb/v8-m.main+fp/hard/crti.o
                0x0800c270                _init
 .init          0x0800c274        0x8 C:/ST/STM32CubeIDE_1.19.0/STM32CubeIDE/plugins/com.st.stm32cube.ide.mcu.externaltools.gnu-tools-for-stm32.13.3.rel1.win32_1.0.0.202411081344/tools/bin/../lib/gcc/arm-none-eabi/13.3.1/thumb/v8-m.main+fp/hard/crtn.o
 *(.fini)
 .fini          0x0800c27c        0x4 C:/ST/STM32CubeIDE_1.19.0/STM32CubeIDE/plugins/com.st.stm32cube.ide.mcu.externaltools.gnu-tools-for-stm32.13.3.rel1.win32_1.0.0.202411081344/tools/bin/../lib/gcc/arm-none-eabi/13.3.1/thumb/v8-m.main+fp/hard/crti.o
                0x0800c27c                _fini
 .fini          0x0800c280        0x8 C:/ST/STM32CubeIDE_1.19.0/STM32CubeIDE/plugins/com.st.stm32cube.ide.mcu.externaltools.gnu-tools-for-stm32.13.3.rel1.win32_1.0.0.202411081344/tools/bin/../lib/gcc/arm-none-eabi/13.3.1/thumb/v8-m.main+fp/hard/crtn.o
                0x0800c288                        _etext = .

.vfp11_veneer   0x0800c288        0x0
 .vfp11_veneer  0x0800c288        0x0 linker stubs

.v4_bx          0x0800c288        0x0
 .v4_bx         0x0800c288        0x0 linker stubs

.iplt           0x0800c288        0x0
 .iplt          0x0800c288        0x0 C:/ST/STM32CubeIDE_1.19.0/STM32CubeIDE/plugins/com.st.stm32cube.ide.mcu.externaltools.gnu-tools-for-stm32.13.3.rel1.win32_1.0.0.202411081344/tools/bin/../lib/gcc/arm-none-eabi/13.3.1/thumb/v8-m.main+fp/hard/crtbegin.o

.rodata         0x0800c288      0x2cb
 *(.rodata)
 .rodata        0x0800c288      0x14b ./Core/Src/main.o
 *(.rodata*)
 *fill*         0x0800c3d3        0x1 
 .rodata.empty_buffer
                0x0800c3d4       0x40 ./Core/Src/main.o
                0x0800c3d4                empty_buffer
 .rodata.AHBPrescTable
                0x0800c414       0x10 ./Core/Src/system_stm32u5xx.o
                0x0800c414                AHBPrescTable
 .rodata.APBPrescTable
                0x0800c424        0x8 ./Core/Src/system_stm32u5xx.o
                0x0800c424                APBPrescTable
 .rodata.MSIRangeTable
                0x0800c42c       0x40 ./Core/Src/system_stm32u5xx.o
                0x0800c42c                MSIRangeTable
 .rodata.LED_PIN
                0x0800c46c        0x6 ./Drivers/BSP/STM32U5xx_Nucleo/stm32u5xx_nucleo.o
 *fill*         0x0800c472        0x2 
 .rodata.BUTTON_EXTI_LINE.2
                0x0800c474        0x4 ./Drivers/BSP/STM32U5xx_Nucleo/stm32u5xx_nucleo.o
 .rodata.LPGPIO_Map
                0x0800c478       0x80 ./Drivers/STM32U5xx_HAL_Driver/Src/stm32u5xx_hal_gpio.o
 .rodata.UARTPrescTable
                0x0800c4f8       0x18 ./Drivers/STM32U5xx_HAL_Driver/Src/stm32u5xx_hal_uart.o
                0x0800c4f8                UARTPrescTable
 .rodata.numerator.1
                0x0800c510        0x8 ./Drivers/STM32U5xx_HAL_Driver/Src/stm32u5xx_hal_uart_ex.o
 .rodata.denominator.0
                0x0800c518        0x8 ./Drivers/STM32U5xx_HAL_Driver/Src/stm32u5xx_hal_uart_ex.o
 .rodata._svfprintf_r.str1.1
                0x0800c520       0x33 C:/ST/STM32CubeIDE_1.19.0/STM32CubeIDE/plugins/com.st.stm32cube.ide.mcu.externaltools.gnu-tools-for-stm32.13.3.rel1.win32_1.0.0.202411081344/tools/bin/../lib/gcc/arm-none-eabi/13.3.1/../../../../arm-none-eabi/lib/thumb/v8-m.main+fp/hard\libc_nano.a(libc_a-nano-svfprintf.o)
                                 0x11 (size before relaxing)
 .rodata._printf_i.str1.1
                0x0800c553       0x22 C:/ST/STM32CubeIDE_1.19.0/STM32CubeIDE/plugins/com.st.stm32cube.ide.mcu.externaltools.gnu-tools-for-stm32.13.3.rel1.win32_1.0.0.202411081344/tools/bin/../lib/gcc/arm-none-eabi/13.3.1/../../../../arm-none-eabi/lib/thumb/v8-m.main+fp/hard\libc_nano.a(libc_a-nano-vfprintf_i.o)

.ARM.extab
 *(.ARM.extab* .gnu.linkonce.armextab.*)

.ARM            0x0800c554        0x8
                0x0800c554                        __exidx_start = .
 *(.ARM.exidx*)
 .ARM.exidx     0x0800c554        0x8 C:/ST/STM32CubeIDE_1.19.0/STM32CubeIDE/plugins/com.st.stm32cube.ide.mcu.externaltools.gnu-tools-for-stm32.13.3.rel1.win32_1.0.0.202411081344/tools/bin/../lib/gcc/arm-none-eabi/13.3.1/../../../../arm-none-eabi/lib/thumb/v8-m.main+fp/hard\libc_nano.a(libc_a-strlen.o)
 .ARM.exidx     0x0800c55c        0x0 C:/ST/STM32CubeIDE_1.19.0/STM32CubeIDE/plugins/com.st.stm32cube.ide.mcu.externaltools.gnu-tools-for-stm32.13.3.rel1.win32_1.0.0.202411081344/tools/bin/../lib/gcc/arm-none-eabi/13.3.1/thumb/v8-m.main+fp/hard\libgcc.a(_udivmoddi4.o)
                                  0x8 (size before relaxing)
                0x0800c55c                        __exidx_end = .

.preinit_array  0x0800c55c        0x0
                0x0800c55c                        PROVIDE (__preinit_array_start = .)
 *(.preinit_array*)
                0x0800c55c                        PROVIDE (__preinit_array_end = .)

.init_array     0x0800c55c        0x4
                0x0800c55c                        PROVIDE (__init_array_start = .)
 *(SORT_BY_NAME(.init_array.*))
 *(.init_array*)
 .init_array    0x0800c55c        0x4 C:/ST/STM32CubeIDE_1.19.0/STM32CubeIDE/plugins/com.st.stm32cube.ide.mcu.externaltools.gnu-tools-for-stm32.13.3.rel1.win32_1.0.0.202411081344/tools/bin/../lib/gcc/arm-none-eabi/13.3.1/thumb/v8-m.main+fp/hard/crtbegin.o
                0x0800c560                        PROVIDE (__init_array_end = .)

.fini_array     0x0800c560        0x4
                [!provide]                        PROVIDE (__fini_array_start = .)
 *(SORT_BY_NAME(.fini_array.*))
 *(.fini_array*)
 .fini_array    0x0800c560        0x4 C:/ST/STM32CubeIDE_1.19.0/STM32CubeIDE/plugins/com.st.stm32cube.ide.mcu.externaltools.gnu-tools-for-stm32.13.3.rel1.win32_1.0.0.202411081344/tools/bin/../lib/gcc/arm-none-eabi/13.3.1/thumb/v8-m.main+fp/hard/crtbegin.o
                [!provide]                        PROVIDE (__fini_array_end = .)
                0x0800c564                        _sidata = LOADADDR (.data)

.rel.dyn        0x0800c564        0x0
 .rel.iplt      0x0800c564        0x0 C:/ST/STM32CubeIDE_1.19.0/STM32CubeIDE/plugins/com.st.stm32cube.ide.mcu.externaltools.gnu-tools-for-stm32.13.3.rel1.win32_1.0.0.202411081344/tools/bin/../lib/gcc/arm-none-eabi/13.3.1/thumb/v8-m.main+fp/hard/crtbegin.o

.data           0x20000000      0x134 load address 0x0800c564
                0x20000000                        _sdata = .
 *(.data)
 *(.data*)
 .data.storage_buffer
                0x20000000       0x40 ./Core/Src/main.o
                0x20000000                storage_buffer
 .data.uart2_tx_buffer
                0x20000040       0x40 ./Core/Src/main.o
                0x20000040                uart2_tx_buffer
 .data.uart2_rx_buffer
                0x20000080       0x40 ./Core/Src/main.o
                0x20000080                uart2_rx_buffer
 .data.SystemCoreClock
                0x200000c0        0x4 ./Core/Src/system_stm32u5xx.o
                0x200000c0                SystemCoreClock
 .data.LED_PORT
                0x200000c4        0xc ./Drivers/BSP/STM32U5xx_Nucleo/stm32u5xx_nucleo.o
 .data.BUTTON_PORT
                0x200000d0        0x4 ./Drivers/BSP/STM32U5xx_Nucleo/stm32u5xx_nucleo.o
 .data.ButtonCallback.1
                0x200000d4        0x4 ./Drivers/BSP/STM32U5xx_Nucleo/stm32u5xx_nucleo.o
 .data.BSP_BUTTON_PRIO.0
                0x200000d8        0x4 ./Drivers/BSP/STM32U5xx_Nucleo/stm32u5xx_nucleo.o
 .data.uwTickPrio
                0x200000dc        0x4 ./Drivers/STM32U5xx_HAL_Driver/Src/stm32u5xx_hal.o
                0x200000dc                uwTickPrio
 .data.uwTickFreq
                0x200000e0        0x1 ./Drivers/STM32U5xx_HAL_Driver/Src/stm32u5xx_hal.o
                0x200000e0                uwTickFreq
 *fill*         0x200000e1        0x3 
 .data._impure_ptr
                0x200000e4        0x4 C:/ST/STM32CubeIDE_1.19.0/STM32CubeIDE/plugins/com.st.stm32cube.ide.mcu.externaltools.gnu-tools-for-stm32.13.3.rel1.win32_1.0.0.202411081344/tools/bin/../lib/gcc/arm-none-eabi/13.3.1/../../../../arm-none-eabi/lib/thumb/v8-m.main+fp/hard\libc_nano.a(libc_a-impure.o)
                0x200000e4                _impure_ptr
 .data._impure_data
                0x200000e8       0x4c C:/ST/STM32CubeIDE_1.19.0/STM32CubeIDE/plugins/com.st.stm32cube.ide.mcu.externaltools.gnu-tools-for-stm32.13.3.rel1.win32_1.0.0.202411081344/tools/bin/../lib/gcc/arm-none-eabi/13.3.1/../../../../arm-none-eabi/lib/thumb/v8-m.main+fp/hard\libc_nano.a(libc_a-impure.o)
                0x200000e8                _impure_data
 *(.RamFunc)
 *(.RamFunc*)
                0x20000134                        _edata = .

.igot.plt       0x20000134        0x0 load address 0x0800c698
 .igot.plt      0x20000134        0x0 C:/ST/STM32CubeIDE_1.19.0/STM32CubeIDE/plugins/com.st.stm32cube.ide.mcu.externaltools.gnu-tools-for-stm32.13.3.rel1.win32_1.0.0.202411081344/tools/bin/../lib/gcc/arm-none-eabi/13.3.1/thumb/v8-m.main+fp/hard/crtbegin.o

.bss            0x20000134      0x5f0 load address 0x0800c698
                0x20000134                        _sbss = .
                0x20000134                        __bss_start__ = _sbss
 *(.bss)
 .bss           0x20000134       0x1c C:/ST/STM32CubeIDE_1.19.0/STM32CubeIDE/plugins/com.st.stm32cube.ide.mcu.externaltools.gnu-tools-for-stm32.13.3.rel1.win32_1.0.0.202411081344/tools/bin/../lib/gcc/arm-none-eabi/13.3.1/thumb/v8-m.main+fp/hard/crtbegin.o
 *(.bss*)
 .bss.hadc1     0x20000150       0x8c ./Core/Src/adc.o
                0x20000150                hadc1
 .bss.user_button
                0x200001dc        0x1 ./Core/Src/main.o
                0x200001dc                user_button
 *fill*         0x200001dd        0x3 
 .bss.buffer.0  0x200001e0      0x100 ./Core/Src/main.o
 .bss.htim17    0x200002e0       0x4c ./Core/Src/stm32u5xx_hal_timebase_tim.o
                0x200002e0                htim17
 .bss.__sbrk_heap_end
                0x2000032c        0x4 ./Core/Src/sysmem.o
 .bss.htim2     0x20000330       0x4c ./Core/Src/tim.o
                0x20000330                htim2
 .bss.hlpuart1  0x2000037c       0x94 ./Core/Src/usart.o
                0x2000037c                hlpuart1
 .bss.huart1    0x20000410       0x94 ./Core/Src/usart.o
                0x20000410                huart1
 .bss.huart2    0x200004a4       0x94 ./Core/Src/usart.o
                0x200004a4                huart2
 .bss.huart3    0x20000538       0x94 ./Core/Src/usart.o
                0x20000538                huart3
 .bss.hpb_exti  0x200005cc        0xc ./Drivers/BSP/STM32U5xx_Nucleo/stm32u5xx_nucleo.o
                0x200005cc                hpb_exti
 .bss.uwTick    0x200005d8        0x4 ./Drivers/STM32U5xx_HAL_Driver/Src/stm32u5xx_hal.o
                0x200005d8                uwTick
 .bss.__sf      0x200005dc      0x138 C:/ST/STM32CubeIDE_1.19.0/STM32CubeIDE/plugins/com.st.stm32cube.ide.mcu.externaltools.gnu-tools-for-stm32.13.3.rel1.win32_1.0.0.202411081344/tools/bin/../lib/gcc/arm-none-eabi/13.3.1/../../../../arm-none-eabi/lib/thumb/v8-m.main+fp/hard\libc_nano.a(libc_a-findfp.o)
                0x200005dc                __sf
 .bss.errno     0x20000714        0x4 C:/ST/STM32CubeIDE_1.19.0/STM32CubeIDE/plugins/com.st.stm32cube.ide.mcu.externaltools.gnu-tools-for-stm32.13.3.rel1.win32_1.0.0.202411081344/tools/bin/../lib/gcc/arm-none-eabi/13.3.1/../../../../arm-none-eabi/lib/thumb/v8-m.main+fp/hard\libc_nano.a(libc_a-reent.o)
                0x20000714                errno
 .bss.__lock___malloc_recursive_mutex
                0x20000718        0x1 C:/ST/STM32CubeIDE_1.19.0/STM32CubeIDE/plugins/com.st.stm32cube.ide.mcu.externaltools.gnu-tools-for-stm32.13.3.rel1.win32_1.0.0.202411081344/tools/bin/../lib/gcc/arm-none-eabi/13.3.1/../../../../arm-none-eabi/lib/thumb/v8-m.main+fp/hard\libc_nano.a(libc_a-lock.o)
                0x20000718                __lock___malloc_recursive_mutex
 *fill*         0x20000719        0x3 
 .bss.__malloc_sbrk_start
                0x2000071c        0x4 C:/ST/STM32CubeIDE_1.19.0/STM32CubeIDE/plugins/com.st.stm32cube.ide.mcu.externaltools.gnu-tools-for-stm32.13.3.rel1.win32_1.0.0.202411081344/tools/bin/../lib/gcc/arm-none-eabi/13.3.1/../../../../arm-none-eabi/lib/thumb/v8-m.main+fp/hard\libc_nano.a(libc_a-mallocr.o)
                0x2000071c                __malloc_sbrk_start
 .bss.__malloc_free_list
                0x20000720        0x4 C:/ST/STM32CubeIDE_1.19.0/STM32CubeIDE/plugins/com.st.stm32cube.ide.mcu.externaltools.gnu-tools-for-stm32.13.3.rel1.win32_1.0.0.202411081344/tools/bin/../lib/gcc/arm-none-eabi/13.3.1/../../../../arm-none-eabi/lib/thumb/v8-m.main+fp/hard\libc_nano.a(libc_a-mallocr.o)
                0x20000720                __malloc_free_list
 *(COMMON)
                0x20000724                        _ebss = .
                0x20000724                        __bss_end__ = _ebss

._user_heap_stack
                0x20000724      0x604 load address 0x0800c698
                0x20000728                        . = ALIGN (0x8)
 *fill*         0x20000724        0x4 
                [!provide]                        PROVIDE (end = .)
                0x20000728                        PROVIDE (_end = .)
                0x20000928                        . = (. + _Min_Heap_Size)
 *fill*         0x20000728      0x200 
                0x20000d28                        . = (. + _Min_Stack_Size)
 *fill*         0x20000928      0x400 
                0x20000d28                        . = ALIGN (0x8)

/DISCARD/
 libc.a(*)
 libm.a(*)
 libgcc.a(*)

.ARM.attributes
                0x00000000       0x36
 *(.ARM.attributes)
 .ARM.attributes
                0x00000000       0x26 C:/ST/STM32CubeIDE_1.19.0/STM32CubeIDE/plugins/com.st.stm32cube.ide.mcu.externaltools.gnu-tools-for-stm32.13.3.rel1.win32_1.0.0.202411081344/tools/bin/../lib/gcc/arm-none-eabi/13.3.1/thumb/v8-m.main+fp/hard/crti.o
 .ARM.attributes
                0x00000026       0x38 C:/ST/STM32CubeIDE_1.19.0/STM32CubeIDE/plugins/com.st.stm32cube.ide.mcu.externaltools.gnu-tools-for-stm32.13.3.rel1.win32_1.0.0.202411081344/tools/bin/../lib/gcc/arm-none-eabi/13.3.1/thumb/v8-m.main+fp/hard/crtbegin.o
 .ARM.attributes
                0x0000005e       0x3a ./Core/Src/adc.o
 .ARM.attributes
                0x00000098       0x3a ./Core/Src/gpio.o
 .ARM.attributes
                0x000000d2       0x3a ./Core/Src/icache.o
 .ARM.attributes
                0x0000010c       0x3a ./Core/Src/main.o
 .ARM.attributes
                0x00000146       0x3a ./Core/Src/stm32u5xx_hal_msp.o
 .ARM.attributes
                0x00000180       0x3a ./Core/Src/stm32u5xx_hal_timebase_tim.o
 .ARM.attributes
                0x000001ba       0x3a ./Core/Src/stm32u5xx_it.o
 .ARM.attributes
                0x000001f4       0x3a ./Core/Src/sysmem.o
 .ARM.attributes
                0x0000022e       0x3a ./Core/Src/system_stm32u5xx.o
 .ARM.attributes
                0x00000268       0x3a ./Core/Src/tim.o
 .ARM.attributes
                0x000002a2       0x3a ./Core/Src/usart.o
 .ARM.attributes
                0x000002dc       0x24 ./Core/Startup/startup_stm32u575zitxq.o
 .ARM.attributes
                0x00000300       0x3a ./Drivers/BSP/STM32U5xx_Nucleo/stm32u5xx_nucleo.o
 .ARM.attributes
                0x0000033a       0x3a ./Drivers/STM32U5xx_HAL_Driver/Src/stm32u5xx_hal.o
 .ARM.attributes
                0x00000374       0x3a ./Drivers/STM32U5xx_HAL_Driver/Src/stm32u5xx_hal_adc.o
 .ARM.attributes
                0x000003ae       0x3a ./Drivers/STM32U5xx_HAL_Driver/Src/stm32u5xx_hal_adc_ex.o
 .ARM.attributes
                0x000003e8       0x3a ./Drivers/STM32U5xx_HAL_Driver/Src/stm32u5xx_hal_cortex.o
 .ARM.attributes
                0x00000422       0x3a ./Drivers/STM32U5xx_HAL_Driver/Src/stm32u5xx_hal_dma.o
 .ARM.attributes
                0x0000045c       0x3a ./Drivers/STM32U5xx_HAL_Driver/Src/stm32u5xx_hal_exti.o
 .ARM.attributes
                0x00000496       0x3a ./Drivers/STM32U5xx_HAL_Driver/Src/stm32u5xx_hal_gpio.o
 .ARM.attributes
                0x000004d0       0x3a ./Drivers/STM32U5xx_HAL_Driver/Src/stm32u5xx_hal_icache.o
 .ARM.attributes
                0x0000050a       0x3a ./Drivers/STM32U5xx_HAL_Driver/Src/stm32u5xx_hal_pwr_ex.o
 .ARM.attributes
                0x00000544       0x3a ./Drivers/STM32U5xx_HAL_Driver/Src/stm32u5xx_hal_rcc.o
 .ARM.attributes
                0x0000057e       0x3a ./Drivers/STM32U5xx_HAL_Driver/Src/stm32u5xx_hal_rcc_ex.o
 .ARM.attributes
                0x000005b8       0x3a ./Drivers/STM32U5xx_HAL_Driver/Src/stm32u5xx_hal_tim.o
 .ARM.attributes
                0x000005f2       0x3a ./Drivers/STM32U5xx_HAL_Driver/Src/stm32u5xx_hal_tim_ex.o
 .ARM.attributes
                0x0000062c       0x3a ./Drivers/STM32U5xx_HAL_Driver/Src/stm32u5xx_hal_uart.o
 .ARM.attributes
                0x00000666       0x3a ./Drivers/STM32U5xx_HAL_Driver/Src/stm32u5xx_hal_uart_ex.o
 .ARM.attributes
                0x000006a0       0x38 C:/ST/STM32CubeIDE_1.19.0/STM32CubeIDE/plugins/com.st.stm32cube.ide.mcu.externaltools.gnu-tools-for-stm32.13.3.rel1.win32_1.0.0.202411081344/tools/bin/../lib/gcc/arm-none-eabi/13.3.1/../../../../arm-none-eabi/lib/thumb/v8-m.main+fp/hard\libc_nano.a(libc_a-findfp.o)
 .ARM.attributes
                0x000006d8       0x38 C:/ST/STM32CubeIDE_1.19.0/STM32CubeIDE/plugins/com.st.stm32cube.ide.mcu.externaltools.gnu-tools-for-stm32.13.3.rel1.win32_1.0.0.202411081344/tools/bin/../lib/gcc/arm-none-eabi/13.3.1/../../../../arm-none-eabi/lib/thumb/v8-m.main+fp/hard\libc_nano.a(libc_a-vsnprintf.o)
 .ARM.attributes
                0x00000710       0x38 C:/ST/STM32CubeIDE_1.19.0/STM32CubeIDE/plugins/com.st.stm32cube.ide.mcu.externaltools.gnu-tools-for-stm32.13.3.rel1.win32_1.0.0.202411081344/tools/bin/../lib/gcc/arm-none-eabi/13.3.1/../../../../arm-none-eabi/lib/thumb/v8-m.main+fp/hard\libc_nano.a(libc_a-memset.o)
 .ARM.attributes
                0x00000748       0x38 C:/ST/STM32CubeIDE_1.19.0/STM32CubeIDE/plugins/com.st.stm32cube.ide.mcu.externaltools.gnu-tools-for-stm32.13.3.rel1.win32_1.0.0.202411081344/tools/bin/../lib/gcc/arm-none-eabi/13.3.1/../../../../arm-none-eabi/lib/thumb/v8-m.main+fp/hard\libc_nano.a(libc_a-reent.o)
 .ARM.attributes
                0x00000780       0x38 C:/ST/STM32CubeIDE_1.19.0/STM32CubeIDE/plugins/com.st.stm32cube.ide.mcu.externaltools.gnu-tools-for-stm32.13.3.rel1.win32_1.0.0.202411081344/tools/bin/../lib/gcc/arm-none-eabi/13.3.1/../../../../arm-none-eabi/lib/thumb/v8-m.main+fp/hard\libc_nano.a(libc_a-impure.o)
 .ARM.attributes
                0x000007b8       0x38 C:/ST/STM32CubeIDE_1.19.0/STM32CubeIDE/plugins/com.st.stm32cube.ide.mcu.externaltools.gnu-tools-for-stm32.13.3.rel1.win32_1.0.0.202411081344/tools/bin/../lib/gcc/arm-none-eabi/13.3.1/../../../../arm-none-eabi/lib/thumb/v8-m.main+fp/hard\libc_nano.a(libc_a-errno.o)
 .ARM.attributes
                0x000007f0       0x38 C:/ST/STM32CubeIDE_1.19.0/STM32CubeIDE/plugins/com.st.stm32cube.ide.mcu.externaltools.gnu-tools-for-stm32.13.3.rel1.win32_1.0.0.202411081344/tools/bin/../lib/gcc/arm-none-eabi/13.3.1/../../../../arm-none-eabi/lib/thumb/v8-m.main+fp/hard\libc_nano.a(libc_a-init.o)
 .ARM.attributes
                0x00000828       0x38 C:/ST/STM32CubeIDE_1.19.0/STM32CubeIDE/plugins/com.st.stm32cube.ide.mcu.externaltools.gnu-tools-for-stm32.13.3.rel1.win32_1.0.0.202411081344/tools/bin/../lib/gcc/arm-none-eabi/13.3.1/../../../../arm-none-eabi/lib/thumb/v8-m.main+fp/hard\libc_nano.a(libc_a-lock.o)
 .ARM.attributes
                0x00000860       0x38 C:/ST/STM32CubeIDE_1.19.0/STM32CubeIDE/plugins/com.st.stm32cube.ide.mcu.externaltools.gnu-tools-for-stm32.13.3.rel1.win32_1.0.0.202411081344/tools/bin/../lib/gcc/arm-none-eabi/13.3.1/../../../../arm-none-eabi/lib/thumb/v8-m.main+fp/hard\libc_nano.a(libc_a-memcpy-stub.o)
 .ARM.attributes
                0x00000898       0x24 C:/ST/STM32CubeIDE_1.19.0/STM32CubeIDE/plugins/com.st.stm32cube.ide.mcu.externaltools.gnu-tools-for-stm32.13.3.rel1.win32_1.0.0.202411081344/tools/bin/../lib/gcc/arm-none-eabi/13.3.1/../../../../arm-none-eabi/lib/thumb/v8-m.main+fp/hard\libc_nano.a(libc_a-strlen.o)
 .ARM.attributes
                0x000008bc       0x38 C:/ST/STM32CubeIDE_1.19.0/STM32CubeIDE/plugins/com.st.stm32cube.ide.mcu.externaltools.gnu-tools-for-stm32.13.3.rel1.win32_1.0.0.202411081344/tools/bin/../lib/gcc/arm-none-eabi/13.3.1/../../../../arm-none-eabi/lib/thumb/v8-m.main+fp/hard\libc_nano.a(libc_a-freer.o)
 .ARM.attributes
                0x000008f4       0x38 C:/ST/STM32CubeIDE_1.19.0/STM32CubeIDE/plugins/com.st.stm32cube.ide.mcu.externaltools.gnu-tools-for-stm32.13.3.rel1.win32_1.0.0.202411081344/tools/bin/../lib/gcc/arm-none-eabi/13.3.1/../../../../arm-none-eabi/lib/thumb/v8-m.main+fp/hard\libc_nano.a(libc_a-mallocr.o)
 .ARM.attributes
                0x0000092c       0x38 C:/ST/STM32CubeIDE_1.19.0/STM32CubeIDE/plugins/com.st.stm32cube.ide.mcu.externaltools.gnu-tools-for-stm32.13.3.rel1.win32_1.0.0.202411081344/tools/bin/../lib/gcc/arm-none-eabi/13.3.1/../../../../arm-none-eabi/lib/thumb/v8-m.main+fp/hard\libc_nano.a(libc_a-mlock.o)
 .ARM.attributes
                0x00000964       0x38 C:/ST/STM32CubeIDE_1.19.0/STM32CubeIDE/plugins/com.st.stm32cube.ide.mcu.externaltools.gnu-tools-for-stm32.13.3.rel1.win32_1.0.0.202411081344/tools/bin/../lib/gcc/arm-none-eabi/13.3.1/../../../../arm-none-eabi/lib/thumb/v8-m.main+fp/hard\libc_nano.a(libc_a-nano-svfprintf.o)
 .ARM.attributes
                0x0000099c       0x38 C:/ST/STM32CubeIDE_1.19.0/STM32CubeIDE/plugins/com.st.stm32cube.ide.mcu.externaltools.gnu-tools-for-stm32.13.3.rel1.win32_1.0.0.202411081344/tools/bin/../lib/gcc/arm-none-eabi/13.3.1/../../../../arm-none-eabi/lib/thumb/v8-m.main+fp/hard\libc_nano.a(libc_a-nano-vfprintf_i.o)
 .ARM.attributes
                0x000009d4       0x38 C:/ST/STM32CubeIDE_1.19.0/STM32CubeIDE/plugins/com.st.stm32cube.ide.mcu.externaltools.gnu-tools-for-stm32.13.3.rel1.win32_1.0.0.202411081344/tools/bin/../lib/gcc/arm-none-eabi/13.3.1/../../../../arm-none-eabi/lib/thumb/v8-m.main+fp/hard\libc_nano.a(libc_a-memmove.o)
 .ARM.attributes
                0x00000a0c       0x38 C:/ST/STM32CubeIDE_1.19.0/STM32CubeIDE/plugins/com.st.stm32cube.ide.mcu.externaltools.gnu-tools-for-stm32.13.3.rel1.win32_1.0.0.202411081344/tools/bin/../lib/gcc/arm-none-eabi/13.3.1/../../../../arm-none-eabi/lib/thumb/v8-m.main+fp/hard\libc_nano.a(libc_a-sbrkr.o)
 .ARM.attributes
                0x00000a44       0x38 C:/ST/STM32CubeIDE_1.19.0/STM32CubeIDE/plugins/com.st.stm32cube.ide.mcu.externaltools.gnu-tools-for-stm32.13.3.rel1.win32_1.0.0.202411081344/tools/bin/../lib/gcc/arm-none-eabi/13.3.1/../../../../arm-none-eabi/lib/thumb/v8-m.main+fp/hard\libc_nano.a(libc_a-memchr-stub.o)
 .ARM.attributes
                0x00000a7c       0x38 C:/ST/STM32CubeIDE_1.19.0/STM32CubeIDE/plugins/com.st.stm32cube.ide.mcu.externaltools.gnu-tools-for-stm32.13.3.rel1.win32_1.0.0.202411081344/tools/bin/../lib/gcc/arm-none-eabi/13.3.1/../../../../arm-none-eabi/lib/thumb/v8-m.main+fp/hard\libc_nano.a(libc_a-reallocr.o)
 .ARM.attributes
                0x00000ab4       0x38 C:/ST/STM32CubeIDE_1.19.0/STM32CubeIDE/plugins/com.st.stm32cube.ide.mcu.externaltools.gnu-tools-for-stm32.13.3.rel1.win32_1.0.0.202411081344/tools/bin/../lib/gcc/arm-none-eabi/13.3.1/../../../../arm-none-eabi/lib/thumb/v8-m.main+fp/hard\libc_nano.a(libc_a-msizer.o)
 .ARM.attributes
                0x00000aec       0x26 C:/ST/STM32CubeIDE_1.19.0/STM32CubeIDE/plugins/com.st.stm32cube.ide.mcu.externaltools.gnu-tools-for-stm32.13.3.rel1.win32_1.0.0.202411081344/tools/bin/../lib/gcc/arm-none-eabi/13.3.1/thumb/v8-m.main+fp/hard\libgcc.a(_aeabi_uldivmod.o)
 .ARM.attributes
                0x00000b12       0x38 C:/ST/STM32CubeIDE_1.19.0/STM32CubeIDE/plugins/com.st.stm32cube.ide.mcu.externaltools.gnu-tools-for-stm32.13.3.rel1.win32_1.0.0.202411081344/tools/bin/../lib/gcc/arm-none-eabi/13.3.1/thumb/v8-m.main+fp/hard\libgcc.a(_udivmoddi4.o)
 .ARM.attributes
                0x00000b4a       0x26 C:/ST/STM32CubeIDE_1.19.0/STM32CubeIDE/plugins/com.st.stm32cube.ide.mcu.externaltools.gnu-tools-for-stm32.13.3.rel1.win32_1.0.0.202411081344/tools/bin/../lib/gcc/arm-none-eabi/13.3.1/thumb/v8-m.main+fp/hard\libgcc.a(_dvmd_tls.o)
 .ARM.attributes
                0x00000b70       0x26 C:/ST/STM32CubeIDE_1.19.0/STM32CubeIDE/plugins/com.st.stm32cube.ide.mcu.externaltools.gnu-tools-for-stm32.13.3.rel1.win32_1.0.0.202411081344/tools/bin/../lib/gcc/arm-none-eabi/13.3.1/thumb/v8-m.main+fp/hard/crtn.o
OUTPUT(BuckWildCollar.elf elf32-littlearm)
LOAD linker stubs
LOAD C:/ST/STM32CubeIDE_1.19.0/STM32CubeIDE/plugins/com.st.stm32cube.ide.mcu.externaltools.gnu-tools-for-stm32.13.3.rel1.win32_1.0.0.202411081344/tools/bin/../lib/gcc/arm-none-eabi/13.3.1/../../../../arm-none-eabi/lib/thumb/v8-m.main+fp/hard\libc.a
LOAD C:/ST/STM32CubeIDE_1.19.0/STM32CubeIDE/plugins/com.st.stm32cube.ide.mcu.externaltools.gnu-tools-for-stm32.13.3.rel1.win32_1.0.0.202411081344/tools/bin/../lib/gcc/arm-none-eabi/13.3.1/../../../../arm-none-eabi/lib/thumb/v8-m.main+fp/hard\libm.a
LOAD C:/ST/STM32CubeIDE_1.19.0/STM32CubeIDE/plugins/com.st.stm32cube.ide.mcu.externaltools.gnu-tools-for-stm32.13.3.rel1.win32_1.0.0.202411081344/tools/bin/../lib/gcc/arm-none-eabi/13.3.1/thumb/v8-m.main+fp/hard\libgcc.a

.debug_info     0x00000000    0x20a3e
 .debug_info    0x00000000     0x178e ./Core/Src/adc.o
 .debug_info    0x0000178e      0x610 ./Core/Src/gpio.o
 .debug_info    0x00001d9e      0x114 ./Core/Src/icache.o
 .debug_info    0x00001eb2     0x1c8d ./Core/Src/main.o
 .debug_info    0x00003b3f      0x428 ./Core/Src/stm32u5xx_hal_msp.o
 .debug_info    0x00003f67     0x1171 ./Core/Src/stm32u5xx_hal_timebase_tim.o
 .debug_info    0x000050d8     0x1344 ./Core/Src/stm32u5xx_it.o
 .debug_info    0x0000641c      0x168 ./Core/Src/sysmem.o
 .debug_info    0x00006584      0x929 ./Core/Src/system_stm32u5xx.o
 .debug_info    0x00006ead     0x10a3 ./Core/Src/tim.o
 .debug_info    0x00007f50     0x16bb ./Core/Src/usart.o
 .debug_info    0x0000960b       0x30 ./Core/Startup/startup_stm32u575zitxq.o
 .debug_info    0x0000963b      0xfb3 ./Drivers/BSP/STM32U5xx_Nucleo/stm32u5xx_nucleo.o
 .debug_info    0x0000a5ee     0x11ec ./Drivers/STM32U5xx_HAL_Driver/Src/stm32u5xx_hal.o
 .debug_info    0x0000b7da     0x2679 ./Drivers/STM32U5xx_HAL_Driver/Src/stm32u5xx_hal_adc.o
 .debug_info    0x0000de53     0x1d41 ./Drivers/STM32U5xx_HAL_Driver/Src/stm32u5xx_hal_adc_ex.o
 .debug_info    0x0000fb94     0x163a ./Drivers/STM32U5xx_HAL_Driver/Src/stm32u5xx_hal_cortex.o
 .debug_info    0x000111ce      0xadc ./Drivers/STM32U5xx_HAL_Driver/Src/stm32u5xx_hal_dma.o
 .debug_info    0x00011caa      0x736 ./Drivers/STM32U5xx_HAL_Driver/Src/stm32u5xx_hal_exti.o
 .debug_info    0x000123e0      0x859 ./Drivers/STM32U5xx_HAL_Driver/Src/stm32u5xx_hal_gpio.o
 .debug_info    0x00012c39      0x4d6 ./Drivers/STM32U5xx_HAL_Driver/Src/stm32u5xx_hal_icache.o
 .debug_info    0x0001310f      0xe3e ./Drivers/STM32U5xx_HAL_Driver/Src/stm32u5xx_hal_pwr_ex.o
 .debug_info    0x00013f4d     0x11f0 ./Drivers/STM32U5xx_HAL_Driver/Src/stm32u5xx_hal_rcc.o
 .debug_info    0x0001513d     0x157f ./Drivers/STM32U5xx_HAL_Driver/Src/stm32u5xx_hal_rcc_ex.o
 .debug_info    0x000166bc     0x2e54 ./Drivers/STM32U5xx_HAL_Driver/Src/stm32u5xx_hal_tim.o
 .debug_info    0x00019510     0x22e0 ./Drivers/STM32U5xx_HAL_Driver/Src/stm32u5xx_hal_tim_ex.o
 .debug_info    0x0001b7f0     0x405f ./Drivers/STM32U5xx_HAL_Driver/Src/stm32u5xx_hal_uart.o
 .debug_info    0x0001f84f     0x11ef ./Drivers/STM32U5xx_HAL_Driver/Src/stm32u5xx_hal_uart_ex.o

.debug_abbrev   0x00000000     0x3caf
 .debug_abbrev  0x00000000      0x21c ./Core/Src/adc.o
 .debug_abbrev  0x0000021c      0x179 ./Core/Src/gpio.o
 .debug_abbrev  0x00000395       0xb6 ./Core/Src/icache.o
 .debug_abbrev  0x0000044b      0x3b0 ./Core/Src/main.o
 .debug_abbrev  0x000007fb      0x10d ./Core/Src/stm32u5xx_hal_msp.o
 .debug_abbrev  0x00000908      0x22a ./Core/Src/stm32u5xx_hal_timebase_tim.o
 .debug_abbrev  0x00000b32      0x1d4 ./Core/Src/stm32u5xx_it.o
 .debug_abbrev  0x00000d06       0xbc ./Core/Src/sysmem.o
 .debug_abbrev  0x00000dc2      0x129 ./Core/Src/system_stm32u5xx.o
 .debug_abbrev  0x00000eeb      0x24f ./Core/Src/tim.o
 .debug_abbrev  0x0000113a      0x260 ./Core/Src/usart.o
 .debug_abbrev  0x0000139a       0x24 ./Core/Startup/startup_stm32u575zitxq.o
 .debug_abbrev  0x000013be      0x2d8 ./Drivers/BSP/STM32U5xx_Nucleo/stm32u5xx_nucleo.o
 .debug_abbrev  0x00001696      0x2a5 ./Drivers/STM32U5xx_HAL_Driver/Src/stm32u5xx_hal.o
 .debug_abbrev  0x0000193b      0x2ce ./Drivers/STM32U5xx_HAL_Driver/Src/stm32u5xx_hal_adc.o
 .debug_abbrev  0x00001c09      0x2f3 ./Drivers/STM32U5xx_HAL_Driver/Src/stm32u5xx_hal_adc_ex.o
 .debug_abbrev  0x00001efc      0x311 ./Drivers/STM32U5xx_HAL_Driver/Src/stm32u5xx_hal_cortex.o
 .debug_abbrev  0x0000220d      0x1ff ./Drivers/STM32U5xx_HAL_Driver/Src/stm32u5xx_hal_dma.o
 .debug_abbrev  0x0000240c      0x198 ./Drivers/STM32U5xx_HAL_Driver/Src/stm32u5xx_hal_exti.o
 .debug_abbrev  0x000025a4      0x25a ./Drivers/STM32U5xx_HAL_Driver/Src/stm32u5xx_hal_gpio.o
 .debug_abbrev  0x000027fe      0x228 ./Drivers/STM32U5xx_HAL_Driver/Src/stm32u5xx_hal_icache.o
 .debug_abbrev  0x00002a26      0x215 ./Drivers/STM32U5xx_HAL_Driver/Src/stm32u5xx_hal_pwr_ex.o
 .debug_abbrev  0x00002c3b      0x2cb ./Drivers/STM32U5xx_HAL_Driver/Src/stm32u5xx_hal_rcc.o
 .debug_abbrev  0x00002f06      0x23d ./Drivers/STM32U5xx_HAL_Driver/Src/stm32u5xx_hal_rcc_ex.o
 .debug_abbrev  0x00003143      0x2bd ./Drivers/STM32U5xx_HAL_Driver/Src/stm32u5xx_hal_tim.o
 .debug_abbrev  0x00003400      0x2d6 ./Drivers/STM32U5xx_HAL_Driver/Src/stm32u5xx_hal_tim_ex.o
 .debug_abbrev  0x000036d6      0x305 ./Drivers/STM32U5xx_HAL_Driver/Src/stm32u5xx_hal_uart.o
 .debug_abbrev  0x000039db      0x2d4 ./Drivers/STM32U5xx_HAL_Driver/Src/stm32u5xx_hal_uart_ex.o

.debug_aranges  0x00000000     0x1948
 .debug_aranges
                0x00000000       0x30 ./Core/Src/adc.o
 .debug_aranges
                0x00000030       0x20 ./Core/Src/gpio.o
 .debug_aranges
                0x00000050       0x20 ./Core/Src/icache.o
 .debug_aranges
                0x00000070       0x90 ./Core/Src/main.o
 .debug_aranges
                0x00000100       0x20 ./Core/Src/stm32u5xx_hal_msp.o
 .debug_aranges
                0x00000120       0x30 ./Core/Src/stm32u5xx_hal_timebase_tim.o
 .debug_aranges
                0x00000150       0x98 ./Core/Src/stm32u5xx_it.o
 .debug_aranges
                0x000001e8       0x20 ./Core/Src/sysmem.o
 .debug_aranges
                0x00000208       0x28 ./Core/Src/system_stm32u5xx.o
 .debug_aranges
                0x00000230       0x38 ./Core/Src/tim.o
 .debug_aranges
                0x00000268       0x48 ./Core/Src/usart.o
 .debug_aranges
                0x000002b0       0x28 ./Core/Startup/startup_stm32u575zitxq.o
 .debug_aranges
                0x000002d8       0x90 ./Drivers/BSP/STM32U5xx_Nucleo/stm32u5xx_nucleo.o
 .debug_aranges
                0x00000368      0x148 ./Drivers/STM32U5xx_HAL_Driver/Src/stm32u5xx_hal.o
 .debug_aranges
                0x000004b0      0x270 ./Drivers/STM32U5xx_HAL_Driver/Src/stm32u5xx_hal_adc.o
 .debug_aranges
                0x00000720      0x178 ./Drivers/STM32U5xx_HAL_Driver/Src/stm32u5xx_hal_adc_ex.o
 .debug_aranges
                0x00000898      0x140 ./Drivers/STM32U5xx_HAL_Driver/Src/stm32u5xx_hal_cortex.o
 .debug_aranges
                0x000009d8       0xa0 ./Drivers/STM32U5xx_HAL_Driver/Src/stm32u5xx_hal_dma.o
 .debug_aranges
                0x00000a78       0x70 ./Drivers/STM32U5xx_HAL_Driver/Src/stm32u5xx_hal_exti.o
 .debug_aranges
                0x00000ae8       0x78 ./Drivers/STM32U5xx_HAL_Driver/Src/stm32u5xx_hal_gpio.o
 .debug_aranges
                0x00000b60       0xa8 ./Drivers/STM32U5xx_HAL_Driver/Src/stm32u5xx_hal_icache.o
 .debug_aranges
                0x00000c08      0x200 ./Drivers/STM32U5xx_HAL_Driver/Src/stm32u5xx_hal_pwr_ex.o
 .debug_aranges
                0x00000e08       0xa8 ./Drivers/STM32U5xx_HAL_Driver/Src/stm32u5xx_hal_rcc.o
 .debug_aranges
                0x00000eb0      0x160 ./Drivers/STM32U5xx_HAL_Driver/Src/stm32u5xx_hal_rcc_ex.o
 .debug_aranges
                0x00001010      0x3e8 ./Drivers/STM32U5xx_HAL_Driver/Src/stm32u5xx_hal_tim.o
 .debug_aranges
                0x000013f8      0x250 ./Drivers/STM32U5xx_HAL_Driver/Src/stm32u5xx_hal_tim_ex.o
 .debug_aranges
                0x00001648      0x248 ./Drivers/STM32U5xx_HAL_Driver/Src/stm32u5xx_hal_uart.o
 .debug_aranges
                0x00001890       0xb8 ./Drivers/STM32U5xx_HAL_Driver/Src/stm32u5xx_hal_uart_ex.o

.debug_rnglists
                0x00000000     0x1393
 .debug_rnglists
                0x00000000       0x21 ./Core/Src/adc.o
 .debug_rnglists
                0x00000021       0x14 ./Core/Src/gpio.o
 .debug_rnglists
                0x00000035       0x13 ./Core/Src/icache.o
 .debug_rnglists
                0x00000048       0x6b ./Core/Src/main.o
 .debug_rnglists
                0x000000b3       0x13 ./Core/Src/stm32u5xx_hal_msp.o
 .debug_rnglists
                0x000000c6       0x20 ./Core/Src/stm32u5xx_hal_timebase_tim.o
 .debug_rnglists
                0x000000e6       0x6d ./Core/Src/stm32u5xx_it.o
 .debug_rnglists
                0x00000153       0x13 ./Core/Src/sysmem.o
 .debug_rnglists
                0x00000166       0x1a ./Core/Src/system_stm32u5xx.o
 .debug_rnglists
                0x00000180       0x26 ./Core/Src/tim.o
 .debug_rnglists
                0x000001a6       0x37 ./Core/Src/usart.o
 .debug_rnglists
                0x000001dd       0x19 ./Core/Startup/startup_stm32u575zitxq.o
 .debug_rnglists
                0x000001f6       0x69 ./Drivers/BSP/STM32U5xx_Nucleo/stm32u5xx_nucleo.o
 .debug_rnglists
                0x0000025f       0xf3 ./Drivers/STM32U5xx_HAL_Driver/Src/stm32u5xx_hal.o
 .debug_rnglists
                0x00000352      0x1e2 ./Drivers/STM32U5xx_HAL_Driver/Src/stm32u5xx_hal_adc.o
 .debug_rnglists
                0x00000534      0x124 ./Drivers/STM32U5xx_HAL_Driver/Src/stm32u5xx_hal_adc_ex.o
 .debug_rnglists
                0x00000658       0xec ./Drivers/STM32U5xx_HAL_Driver/Src/stm32u5xx_hal_cortex.o
 .debug_rnglists
                0x00000744       0x7e ./Drivers/STM32U5xx_HAL_Driver/Src/stm32u5xx_hal_dma.o
 .debug_rnglists
                0x000007c2       0x53 ./Drivers/STM32U5xx_HAL_Driver/Src/stm32u5xx_hal_exti.o
 .debug_rnglists
                0x00000815       0x5a ./Drivers/STM32U5xx_HAL_Driver/Src/stm32u5xx_hal_gpio.o
 .debug_rnglists
                0x0000086f       0x7a ./Drivers/STM32U5xx_HAL_Driver/Src/stm32u5xx_hal_icache.o
 .debug_rnglists
                0x000008e9      0x186 ./Drivers/STM32U5xx_HAL_Driver/Src/stm32u5xx_hal_pwr_ex.o
 .debug_rnglists
                0x00000a6f       0x7f ./Drivers/STM32U5xx_HAL_Driver/Src/stm32u5xx_hal_rcc.o
 .debug_rnglists
                0x00000aee      0x113 ./Drivers/STM32U5xx_HAL_Driver/Src/stm32u5xx_hal_rcc_ex.o
 .debug_rnglists
                0x00000c01      0x333 ./Drivers/STM32U5xx_HAL_Driver/Src/stm32u5xx_hal_tim.o
 .debug_rnglists
                0x00000f34      0x1d8 ./Drivers/STM32U5xx_HAL_Driver/Src/stm32u5xx_hal_tim_ex.o
 .debug_rnglists
                0x0000110c      0x1fb ./Drivers/STM32U5xx_HAL_Driver/Src/stm32u5xx_hal_uart.o
 .debug_rnglists
                0x00001307       0x8c ./Drivers/STM32U5xx_HAL_Driver/Src/stm32u5xx_hal_uart_ex.o

.debug_macro    0x00000000    0x3674f
 .debug_macro   0x00000000      0x2cf ./Core/Src/adc.o
 .debug_macro   0x000002cf      0xae4 ./Core/Src/adc.o
 .debug_macro   0x00000db3      0x207 ./Core/Src/adc.o
 .debug_macro   0x00000fba       0x2e ./Core/Src/adc.o
 .debug_macro   0x00000fe8       0x42 ./Core/Src/adc.o
 .debug_macro   0x0000102a       0x22 ./Core/Src/adc.o
 .debug_macro   0x0000104c       0x8e ./Core/Src/adc.o
 .debug_macro   0x000010da       0x51 ./Core/Src/adc.o
 .debug_macro   0x0000112b      0x103 ./Core/Src/adc.o
 .debug_macro   0x0000122e       0x6a ./Core/Src/adc.o
 .debug_macro   0x00001298      0x1df ./Core/Src/adc.o
 .debug_macro   0x00001477       0x1c ./Core/Src/adc.o
 .debug_macro   0x00001493       0x29 ./Core/Src/adc.o
 .debug_macro   0x000014bc       0xfb ./Core/Src/adc.o
 .debug_macro   0x000015b7     0x1685 ./Core/Src/adc.o
 .debug_macro   0x00002c3c       0x5e ./Core/Src/adc.o
 .debug_macro   0x00002c9a    0x227a9 ./Core/Src/adc.o
 .debug_macro   0x00025443       0x6d ./Core/Src/adc.o
 .debug_macro   0x000254b0     0x393e ./Core/Src/adc.o
 .debug_macro   0x00028dee      0x190 ./Core/Src/adc.o
 .debug_macro   0x00028f7e       0x61 ./Core/Src/adc.o
 .debug_macro   0x00028fdf       0x2a ./Core/Src/adc.o
 .debug_macro   0x00029009       0x43 ./Core/Src/adc.o
 .debug_macro   0x0002904c       0x34 ./Core/Src/adc.o
 .debug_macro   0x00029080      0x370 ./Core/Src/adc.o
 .debug_macro   0x000293f0       0x16 ./Core/Src/adc.o
 .debug_macro   0x00029406       0x4a ./Core/Src/adc.o
 .debug_macro   0x00029450       0x34 ./Core/Src/adc.o
 .debug_macro   0x00029484       0x10 ./Core/Src/adc.o
 .debug_macro   0x00029494       0x58 ./Core/Src/adc.o
 .debug_macro   0x000294ec       0x8e ./Core/Src/adc.o
 .debug_macro   0x0002957a       0x1c ./Core/Src/adc.o
 .debug_macro   0x00029596      0x185 ./Core/Src/adc.o
 .debug_macro   0x0002971b      0x19b ./Core/Src/adc.o
 .debug_macro   0x000298b6       0x5d ./Core/Src/adc.o
 .debug_macro   0x00029913     0x1ae5 ./Core/Src/adc.o
 .debug_macro   0x0002b3f8      0x7dc ./Core/Src/adc.o
 .debug_macro   0x0002bbd4      0x166 ./Core/Src/adc.o
 .debug_macro   0x0002bd3a      0x2aa ./Core/Src/adc.o
 .debug_macro   0x0002bfe4       0xc9 ./Core/Src/adc.o
 .debug_macro   0x0002c0ad      0x5a5 ./Core/Src/adc.o
 .debug_macro   0x0002c652      0x439 ./Core/Src/adc.o
 .debug_macro   0x0002ca8b       0xd6 ./Core/Src/adc.o
 .debug_macro   0x0002cb61      0x1cd ./Core/Src/adc.o
 .debug_macro   0x0002cd2e     0x1415 ./Core/Src/adc.o
 .debug_macro   0x0002e143      0x950 ./Core/Src/adc.o
 .debug_macro   0x0002ea93      0x2cd ./Core/Src/adc.o
 .debug_macro   0x0002ed60      0x432 ./Core/Src/adc.o
 .debug_macro   0x0002f192       0x95 ./Core/Src/adc.o
 .debug_macro   0x0002f227      0x11c ./Core/Src/adc.o
 .debug_macro   0x0002f343      0x525 ./Core/Src/adc.o
 .debug_macro   0x0002f868      0x4bf ./Core/Src/adc.o
 .debug_macro   0x0002fd27      0xbcc ./Core/Src/adc.o
 .debug_macro   0x000308f3      0x4ea ./Core/Src/adc.o
 .debug_macro   0x00030ddd      0x677 ./Core/Src/adc.o
 .debug_macro   0x00031454      0x1a1 ./Core/Src/adc.o
 .debug_macro   0x000315f5      0x1c0 ./Core/Src/adc.o