../Drivers/CMSIS/Include/core_cm33.h:2390:22:__NVIC_EnableIRQ	2
../Core/Src/main.c:107:13:print	1
../Core/Src/main.c:124:5:main	4
../Core/Src/main.c:261:6:I2C1_Init	1
../Core/Src/main.c:277:7:TMP102_ReadTemp	7
../Core/Src/main.c:295:6:DAC1_Init	1
../Core/Src/main.c:305:6:TIM2_Init	2
../Core/Src/main.c:319:6:TIM2_IRQHandler	2
../Core/Src/main.c:332:6:SystemClock_Config	4
../Core/Src/main.c:377:13:SystemPower_Config	2
../Core/Src/main.c:401:13:MX_I2C1_Init	4
../Core/Src/main.c:449:13:MX_I2C2_Init	4
../Core/Src/main.c:497:13:MX_ICACHE_Init	3
../Core/Src/main.c:529:13:MX_USART1_UART_Init	5
../Core/Src/main.c:577:13:MX_GPIO_Init	1
../Core/Src/main.c:606:6:HAL_TIM_PeriodElapsedCallback	2
../Core/Src/main.c:624:6:Error_Handler	1
