../Drivers/CMSIS/Include/core_cm33.h:2390:22:__NVIC_EnableIRQ	16	static,ignoring_inline_asm
../Core/Src/main.c:107:13:print	16	static
../Core/Src/main.c:124:5:main	56	static
../Core/Src/main.c:261:6:I2C1_Init	4	static
../Core/Src/main.c:277:7:TMP102_ReadTemp	16	static
../Core/Src/main.c:295:6:DAC1_Init	4	static
../Core/Src/main.c:305:6:TIM2_Init	16	static
../Core/Src/main.c:319:6:TIM2_IRQHandler	4	static
../Core/Src/main.c:332:6:SystemClock_Config	128	static
../Core/Src/main.c:377:13:SystemPower_Config	8	static
../Core/Src/main.c:401:13:MX_I2C1_Init	8	static
../Core/Src/main.c:449:13:MX_I2C2_Init	16	static
../Core/Src/main.c:497:13:MX_ICACHE_Init	8	static
../Core/Src/main.c:529:13:MX_USART1_UART_Init	8	static
../Core/Src/main.c:577:13:MX_GPIO_Init	24	static
../Core/Src/main.c:606:6:HAL_TIM_PeriodElapsedCallback	16	static
../Core/Src/main.c:624:6:Error_Handler	4	static,ignoring_inline_asm
