../Core/Src/main.c:103:5:main	2
../Core/Src/main.c:198:6:SystemClock_Config	4
../Core/Src/main.c:243:13:SystemPower_Config	2
../Core/Src/main.c:267:13:MX_ICACHE_Init	3
../Core/Src/main.c:299:13:MX_LPUART1_UART_Init	5
../Core/Src/main.c:346:13:MX_USART1_UART_Init	5
../Core/Src/main.c:394:13:MX_GPIO_Init	1
../Core/Src/main.c:411:6:HAL_UART_RxCpltCallback	7
../Core/Src/main.c:449:13:queue_push	2
../Core/Src/main.c:460:13:queue_pop	2
../Core/Src/main.c:470:15:nmea_to_deg	3
../Core/Src/main.c:480:14:parse_nmea	19
../Core/Src/main.c:526:6:HAL_TIM_PeriodElapsedCallback	2
../Core/Src/main.c:544:6:Error_Handler	1
