../Core/Src/main.c:103:5:main	312	static
../Core/Src/main.c:197:6:SystemClock_Config	128	static
../Core/Src/main.c:242:13:SystemPower_Config	8	static
../Core/Src/main.c:266:13:MX_ICACHE_Init	8	static
../Core/Src/main.c:298:13:MX_USART1_UART_Init	8	static
../Core/Src/main.c:346:13:MX_USART2_UART_Init	8	static
../Core/Src/main.c:394:13:MX_GPIO_Init	24	static
../Core/Src/main.c:411:6:HAL_UART_RxCpltCallback	24	static
../Core/Src/main.c:449:13:queue_push	24	static
../Core/Src/main.c:460:13:queue_pop	16	static
../Core/Src/main.c:470:15:nmea_to_deg	32	static
../Core/Src/main.c:480:14:parse_nmea	104	static
../Core/Src/main.c:526:6:HAL_TIM_PeriodElapsedCallback	16	static
../Core/Src/main.c:544:6:Error_Handler	4	static,ignoring_inline_asm
